// Jest Snapshot v1, https://goo.gl/fbAQLP

exports[`fetchDevelopers() should match snapshot 1`] = `
Array [
  Object {
    "avatar": "https://avatars1.githubusercontent.com/u/30140",
    "name": "James Strachan",
    "repo": Object {
      "description": "simple scala command line options parsing",
      "name": "scopt",
      "url": "https://github.com/jstrachan/scopt",
    },
    "url": "https://github.com/jstrachan",
    "username": "jstrachan",
  },
  Object {
    "avatar": "https://avatars2.githubusercontent.com/u/339286",
    "name": "Jason Quense",
    "repo": Object {
      "description": "Dead simple Object schema validation",
      "name": "yup",
      "url": "https://github.com/jquense/yup",
    },
    "url": "https://github.com/jquense",
    "username": "jquense",
  },
  Object {
    "avatar": "https://avatars0.githubusercontent.com/u/8456633",
    "name": "Jesse Duffield",
    "repo": Object {
      "description": "simple terminal UI for git commands",
      "name": "lazygit",
      "url": "https://github.com/jesseduffield/lazygit",
    },
    "sponsorUrl": "https://github.com/sponsors/jesseduffield",
    "url": "https://github.com/jesseduffield",
    "username": "jesseduffield",
  },
  Object {
    "avatar": "https://avatars1.githubusercontent.com/u/50081",
    "name": "Brian C",
    "repo": Object {
      "description": "PostgreSQL client for node.js.",
      "name": "node-postgres",
      "url": "https://github.com/brianc/node-postgres",
    },
    "sponsorUrl": "https://github.com/sponsors/brianc",
    "url": "https://github.com/brianc",
    "username": "brianc",
  },
  Object {
    "avatar": "https://avatars2.githubusercontent.com/u/173661",
    "name": "Alon Zakai",
    "repo": Object {
      "description": "SQLite compiled to JavaScript through Emscripten",
      "name": "sql.js",
      "url": "https://github.com/kripken/sql.js",
    },
    "url": "https://github.com/kripken",
    "username": "kripken",
  },
  Object {
    "avatar": "https://avatars1.githubusercontent.com/u/3670578",
    "name": "Caleb Porzio",
    "repo": Object {
      "description": "Use single table inheritance in your Laravel app",
      "name": "parental",
      "url": "https://github.com/calebporzio/parental",
    },
    "sponsorUrl": "https://github.com/sponsors/calebporzio",
    "url": "https://github.com/calebporzio",
    "username": "calebporzio",
  },
  Object {
    "avatar": "https://avatars1.githubusercontent.com/u/6358735",
    "name": "Alex Ellis",
    "repo": Object {
      "description": "from Zero to KUBECONFIG in < 1 min 🚀",
      "name": "k3sup",
      "url": "https://github.com/alexellis/k3sup",
    },
    "sponsorUrl": "https://github.com/sponsors/alexellis",
    "url": "https://github.com/alexellis",
    "username": "alexellis",
  },
  Object {
    "avatar": "https://avatars2.githubusercontent.com/u/1365881",
    "name": "Tobias Koppers",
    "repo": Object {
      "description": "[POC] A babel plugin which compiles React.js components into native DOM instructions to eliminate the need for the react library at runtime.",
      "name": "rawact",
      "url": "https://github.com/sokra/rawact",
    },
    "sponsorUrl": "https://github.com/sponsors/sokra",
    "url": "https://github.com/sokra",
    "username": "sokra",
  },
  Object {
    "avatar": "https://avatars3.githubusercontent.com/u/16950",
    "name": "Hajime Hoshi",
    "repo": Object {
      "description": "A dead simple 2D game library in Go",
      "name": "ebiten",
      "url": "https://github.com/hajimehoshi/ebiten",
    },
    "sponsorUrl": "https://github.com/sponsors/hajimehoshi",
    "url": "https://github.com/hajimehoshi",
    "username": "hajimehoshi",
  },
  Object {
    "avatar": "https://avatars1.githubusercontent.com/u/1430011",
    "name": "Ryan Nowak",
    "repo": Object {
      "description": "Archive of slides and demos",
      "name": "Presentations",
      "url": "https://github.com/rynowak/Presentations",
    },
    "url": "https://github.com/rynowak",
    "username": "rynowak",
  },
  Object {
    "avatar": "https://avatars2.githubusercontent.com/u/973269",
    "name": "Barry vd. Heuvel",
    "repo": Object {
      "description": "Laravel Debugbar (Integrates PHP Debug Bar)",
      "name": "laravel-debugbar",
      "url": "https://github.com/barryvdh/laravel-debugbar",
    },
    "sponsorUrl": "https://github.com/sponsors/barryvdh",
    "url": "https://github.com/barryvdh",
    "username": "barryvdh",
  },
  Object {
    "avatar": "https://avatars0.githubusercontent.com/u/8855632",
    "name": "Felix Angelov",
    "repo": Object {
      "description": "A predictable state management library that helps implement the BLoC design pattern",
      "name": "bloc",
      "url": "https://github.com/felangel/bloc",
    },
    "sponsorUrl": "https://github.com/sponsors/felangel",
    "url": "https://github.com/felangel",
    "username": "felangel",
  },
  Object {
    "avatar": "https://avatars2.githubusercontent.com/u/729697",
    "name": "Ayke",
    "repo": Object {
      "description": "Server that acts like a lightweight/headless Chromecast that only includes YouTube (for the time being)",
      "name": "plaincast",
      "url": "https://github.com/aykevl/plaincast",
    },
    "url": "https://github.com/aykevl",
    "username": "aykevl",
  },
  Object {
    "avatar": "https://avatars1.githubusercontent.com/u/1505488",
    "name": "Tyler Neely",
    "repo": Object {
      "description": "the champagne of beta embedded databases",
      "name": "sled",
      "url": "https://github.com/spacejam/sled",
    },
    "sponsorUrl": "https://github.com/sponsors/spacejam",
    "url": "https://github.com/spacejam",
    "username": "spacejam",
  },
  Object {
    "avatar": "https://avatars0.githubusercontent.com/u/917142",
    "name": "radare",
    "repo": Object {
      "description": "Tools, documentation and scripts to move projects from IDA to R2 and viceversa",
      "name": "radare2ida",
      "url": "https://github.com/radare/radare2ida",
    },
    "url": "https://github.com/radare",
    "username": "radare",
  },
  Object {
    "avatar": "https://avatars2.githubusercontent.com/u/117643",
    "name": "Alessandro Ghedini",
    "repo": Object {
      "description": "🍶 Lightweight process containers for Linux",
      "name": "pflask",
      "url": "https://github.com/ghedo/pflask",
    },
    "url": "https://github.com/ghedo",
    "username": "ghedo",
  },
  Object {
    "avatar": "https://avatars1.githubusercontent.com/u/9287",
    "name": "isaacs",
    "repo": Object {
      "description": "glob functionality for node.js",
      "name": "node-glob",
      "url": "https://github.com/isaacs/node-glob",
    },
    "sponsorUrl": "https://github.com/sponsors/isaacs",
    "url": "https://github.com/isaacs",
    "username": "isaacs",
  },
  Object {
    "avatar": "https://avatars0.githubusercontent.com/u/159804",
    "name": "Jean-Sébastien Pédron",
    "repo": Object {
      "description": "FreeBSD src tree",
      "name": "freebsd",
      "url": "https://github.com/dumbbell/freebsd",
    },
    "url": "https://github.com/dumbbell",
    "username": "dumbbell",
  },
  Object {
    "avatar": "https://avatars1.githubusercontent.com/u/1814312",
    "name": "Kris Kaczor",
    "repo": Object {
      "description": "All basic TypeScript types in one place 🤙",
      "name": "ts-essentials",
      "url": "https://github.com/krzkaczor/ts-essentials",
    },
    "url": "https://github.com/krzkaczor",
    "username": "krzkaczor",
  },
  Object {
    "avatar": "https://avatars2.githubusercontent.com/u/5580297",
    "name": "Tanner Linsley",
    "repo": Object {
      "description": "⚛️ Hooks for building fast and extendable tables and datagrids for React",
      "name": "react-table",
      "url": "https://github.com/tannerlinsley/react-table",
    },
    "sponsorUrl": "https://github.com/sponsors/tannerlinsley",
    "url": "https://github.com/tannerlinsley",
    "username": "tannerlinsley",
  },
  Object {
    "avatar": "https://avatars2.githubusercontent.com/u/1280130",
    "name": "Florian Rival",
    "repo": Object {
      "description": "🎮 GDevelop is an open-source, cross-platform game engine designed to be used by everyone.",
      "name": "GDevelop",
      "url": "https://github.com/4ian/GDevelop",
    },
    "url": "https://github.com/4ian",
    "username": "4ian",
  },
  Object {
    "avatar": "https://avatars1.githubusercontent.com/u/3797675",
    "name": "Stefan Prodan",
    "repo": Object {
      "description": "Docker hosts and containers monitoring with Prometheus, Grafana, cAdvisor, NodeExporter and AlertManager",
      "name": "dockprom",
      "url": "https://github.com/stefanprodan/dockprom",
    },
    "url": "https://github.com/stefanprodan",
    "username": "stefanprodan",
  },
  Object {
    "avatar": "https://avatars1.githubusercontent.com/u/922353",
    "name": "Kristian Freeman",
    "repo": Object {
      "description": "🔥Lightning-fast, globally distributed Apollo GraphQL server, deployed at the edge using Cloudflare Workers",
      "name": "workers-graphql-server",
      "url": "https://github.com/signalnerve/workers-graphql-server",
    },
    "url": "https://github.com/signalnerve",
    "username": "signalnerve",
  },
  Object {
    "avatar": "https://avatars3.githubusercontent.com/u/125676",
    "name": "Lipis",
    "repo": Object {
      "description": "🎏 A collection of all country flags in SVG — plus the CSS for easier integration",
      "name": "flag-icon-css",
      "url": "https://github.com/lipis/flag-icon-css",
    },
    "url": "https://github.com/lipis",
    "username": "lipis",
  },
  Object {
    "avatar": "https://avatars3.githubusercontent.com/u/1254808",
    "name": "Jeremy Thomas",
    "repo": Object {
      "description": "Modern CSS framework based on Flexbox",
      "name": "bulma",
      "url": "https://github.com/jgthms/bulma",
    },
    "sponsorUrl": "https://github.com/sponsors/jgthms",
    "url": "https://github.com/jgthms",
    "username": "jgthms",
  },
]
`;

exports[`fetchRepositories() should match snapshot 1`] = `
Array [
  Object {
    "author": "jwasham",
    "avatar": "https://github.com/jwasham.png",
    "builtBy": Array [
      Object {
        "avatar": "https://avatars0.githubusercontent.com/u/3771963",
        "href": "https://github.com/jwasham",
        "username": "jwasham",
      },
      Object {
        "avatar": "https://avatars3.githubusercontent.com/u/24354489",
        "href": "https://github.com/avizmarlon",
        "username": "avizmarlon",
      },
      Object {
        "avatar": "https://avatars0.githubusercontent.com/u/13459501",
        "href": "https://github.com/YoSaucedo",
        "username": "YoSaucedo",
      },
      Object {
        "avatar": "https://avatars3.githubusercontent.com/u/9573300",
        "href": "https://github.com/aleen42",
        "username": "aleen42",
      },
      Object {
        "avatar": "https://avatars2.githubusercontent.com/u/14087177",
        "href": "https://github.com/strollkim",
        "username": "strollkim",
      },
    ],
    "currentPeriodStars": 498,
    "description": "A complete computer science study plan to become a software engineer.",
    "forks": 29350,
    "name": "coding-interview-university",
    "stars": 99949,
    "url": "https://github.com/jwasham/coding-interview-university",
  },
  Object {
    "author": "labuladong",
    "avatar": "https://github.com/labuladong.png",
    "builtBy": Array [
      Object {
        "avatar": "https://avatars0.githubusercontent.com/u/37220920",
        "href": "https://github.com/labuladong",
        "username": "labuladong",
      },
    ],
    "currentPeriodStars": 636,
    "description": "labuladong的算法小抄，手把手撕LeetCode题目，扒各种算法套路的裤子。不仅how，还有why。",
    "forks": 198,
    "name": "fucking-algorithm",
    "stars": 1666,
    "url": "https://github.com/labuladong/fucking-algorithm",
  },
  Object {
    "author": "allthemusicllc",
    "avatar": "https://github.com/allthemusicllc.png",
    "builtBy": Array [
      Object {
        "avatar": "https://avatars1.githubusercontent.com/u/53976615",
        "href": "https://github.com/allthemusicllc",
        "username": "allthemusicllc",
      },
    ],
    "currentPeriodStars": 171,
    "description": "Command line tool for generating and working with MIDI files.",
    "forks": 57,
    "language": "Rust",
    "languageColor": "#dea584",
    "name": "atm-cli",
    "stars": 652,
    "url": "https://github.com/allthemusicllc/atm-cli",
  },
  Object {
    "author": "lydiahallie",
    "avatar": "https://github.com/lydiahallie.png",
    "builtBy": Array [
      Object {
        "avatar": "https://avatars3.githubusercontent.com/u/29451794",
        "href": "https://github.com/lydiahallie",
        "username": "lydiahallie",
      },
      Object {
        "avatar": "https://avatars2.githubusercontent.com/u/8035204",
        "href": "https://github.com/tcoppin",
        "username": "tcoppin",
      },
      Object {
        "avatar": "https://avatars0.githubusercontent.com/u/45694216",
        "href": "https://github.com/oshliaer",
        "username": "oshliaer",
      },
      Object {
        "avatar": "https://avatars2.githubusercontent.com/u/13049064",
        "href": "https://github.com/SaraAli26",
        "username": "SaraAli26",
      },
      Object {
        "avatar": "https://avatars0.githubusercontent.com/u/39721126",
        "href": "https://github.com/sweetmilkys",
        "username": "sweetmilkys",
      },
    ],
    "currentPeriodStars": 170,
    "description": "A long list of (advanced) JavaScript questions, and their explanations ✨",
    "forks": 1994,
    "name": "javascript-questions",
    "stars": 16043,
    "url": "https://github.com/lydiahallie/javascript-questions",
  },
  Object {
    "author": "sindresorhus",
    "avatar": "https://github.com/sindresorhus.png",
    "builtBy": Array [
      Object {
        "avatar": "https://avatars3.githubusercontent.com/u/170270",
        "href": "https://github.com/sindresorhus",
        "username": "sindresorhus",
      },
      Object {
        "avatar": "https://avatars3.githubusercontent.com/u/5341072",
        "href": "https://github.com/davisonio",
        "username": "davisonio",
      },
      Object {
        "avatar": "https://avatars0.githubusercontent.com/u/910753",
        "href": "https://github.com/RichardLitt",
        "username": "RichardLitt",
      },
      Object {
        "avatar": "https://avatars2.githubusercontent.com/u/6025224",
        "href": "https://github.com/arthurvr",
        "username": "arthurvr",
      },
      Object {
        "avatar": "https://avatars0.githubusercontent.com/u/1682367",
        "href": "https://github.com/AllThingsSmitty",
        "username": "AllThingsSmitty",
      },
    ],
    "currentPeriodStars": 232,
    "description": "😎 Awesome lists about all kinds of interesting topics",
    "forks": 16931,
    "name": "awesome",
    "stars": 126942,
    "url": "https://github.com/sindresorhus/awesome",
  },
  Object {
    "author": "Netflix",
    "avatar": "https://github.com/Netflix.png",
    "builtBy": Array [
      Object {
        "avatar": "https://avatars2.githubusercontent.com/u/2262214",
        "href": "https://github.com/kevgliss",
        "username": "kevgliss",
      },
      Object {
        "avatar": "https://avatars0.githubusercontent.com/u/39573146",
        "href": "https://github.com/mvilanova",
        "username": "mvilanova",
      },
      Object {
        "avatar": "https://avatars3.githubusercontent.com/u/73363",
        "href": "https://github.com/TheDahv",
        "username": "TheDahv",
      },
      Object {
        "avatar": "https://avatars2.githubusercontent.com/u/17089890",
        "href": "https://github.com/daniel-gallagher",
        "username": "daniel-gallagher",
      },
      Object {
        "avatar": "https://avatars0.githubusercontent.com/u/5083377",
        "href": "https://github.com/abdullahselek",
        "username": "abdullahselek",
      },
    ],
    "currentPeriodStars": 256,
    "description": "All of the ad-hoc things you're doing to manage incidents today, done for you, and much more!",
    "forks": 55,
    "language": "Python",
    "languageColor": "#3572A5",
    "name": "dispatch",
    "stars": 977,
    "url": "https://github.com/Netflix/dispatch",
  },
  Object {
    "author": "ryanmcdermott",
    "avatar": "https://github.com/ryanmcdermott.png",
    "builtBy": Array [
      Object {
        "avatar": "https://avatars2.githubusercontent.com/u/5114666",
        "href": "https://github.com/ryanmcdermott",
        "username": "ryanmcdermott",
      },
      Object {
        "avatar": "https://avatars3.githubusercontent.com/u/10393198",
        "href": "https://github.com/vsemozhetbyt",
        "username": "vsemozhetbyt",
      },
      Object {
        "avatar": "https://avatars3.githubusercontent.com/u/4427246",
        "href": "https://github.com/frappacchio",
        "username": "frappacchio",
      },
      Object {
        "avatar": "https://avatars2.githubusercontent.com/u/7927517",
        "href": "https://github.com/b0yfriend",
        "username": "b0yfriend",
      },
      Object {
        "avatar": "https://avatars1.githubusercontent.com/u/894797",
        "href": "https://github.com/alaycock",
        "username": "alaycock",
      },
    ],
    "currentPeriodStars": 149,
    "description": "🛁 Clean Code concepts adapted for JavaScript",
    "forks": 3868,
    "language": "JavaScript",
    "languageColor": "#f1e05a",
    "name": "clean-code-javascript",
    "stars": 33254,
    "url": "https://github.com/ryanmcdermott/clean-code-javascript",
  },
  Object {
    "author": "kotartemiy",
    "avatar": "https://github.com/kotartemiy.png",
    "builtBy": Array [
      Object {
        "avatar": "https://avatars2.githubusercontent.com/u/18311982",
        "href": "https://github.com/kotartemiy",
        "username": "kotartemiy",
      },
      Object {
        "avatar": "https://avatars2.githubusercontent.com/u/3398505",
        "href": "https://github.com/dwardu89",
        "username": "dwardu89",
      },
    ],
    "currentPeriodStars": 173,
    "description": "Programmatically collect normalized news from (almost) any website.",
    "forks": 35,
    "language": "Python",
    "languageColor": "#3572A5",
    "name": "newscatcher",
    "stars": 529,
    "url": "https://github.com/kotartemiy/newscatcher",
  },
  Object {
    "author": "CSSEGISandData",
    "avatar": "https://github.com/CSSEGISandData.png",
    "builtBy": Array [
      Object {
        "avatar": "https://avatars3.githubusercontent.com/u/60674295",
        "href": "https://github.com/CSSEGISandData",
        "username": "CSSEGISandData",
      },
      Object {
        "avatar": "https://avatars3.githubusercontent.com/u/47940478",
        "href": "https://github.com/hongru94",
        "username": "hongru94",
      },
      Object {
        "avatar": "https://avatars0.githubusercontent.com/u/10015024",
        "href": "https://github.com/enshengdong",
        "username": "enshengdong",
      },
    ],
    "currentPeriodStars": 218,
    "description": "Novel Coronavirus (COVID-19) Cases, provided by JHU CSSE",
    "forks": 627,
    "name": "COVID-19",
    "stars": 1660,
    "url": "https://github.com/CSSEGISandData/COVID-19",
  },
  Object {
    "author": "RitikPatni",
    "avatar": "https://github.com/RitikPatni.png",
    "builtBy": Array [
      Object {
        "avatar": "https://avatars1.githubusercontent.com/u/16117262",
        "href": "https://github.com/RitikPatni",
        "username": "RitikPatni",
      },
      Object {
        "avatar": "https://avatars0.githubusercontent.com/u/28730666",
        "href": "https://github.com/kreshnikpalushi",
        "username": "kreshnikpalushi",
      },
      Object {
        "avatar": "https://avatars0.githubusercontent.com/u/29313661",
        "href": "https://github.com/Miffili",
        "username": "Miffili",
      },
      Object {
        "avatar": "https://avatars2.githubusercontent.com/u/7661362",
        "href": "https://github.com/SvSven",
        "username": "SvSven",
      },
      Object {
        "avatar": "https://avatars3.githubusercontent.com/u/2746541",
        "href": "https://github.com/Loonz206",
        "username": "Loonz206",
      },
    ],
    "currentPeriodStars": 127,
    "description": "This repository contains content which will be helpful in your journey as a front-end Web Developer",
    "forks": 141,
    "name": "Front-End-Web-Development-Resources",
    "stars": 608,
    "url": "https://github.com/RitikPatni/Front-End-Web-Development-Resources",
  },
  Object {
    "author": "ripienaar",
    "avatar": "https://github.com/ripienaar.png",
    "builtBy": Array [
      Object {
        "avatar": "https://avatars3.githubusercontent.com/u/82342",
        "href": "https://github.com/ripienaar",
        "username": "ripienaar",
      },
      Object {
        "avatar": "https://avatars0.githubusercontent.com/u/33765260",
        "href": "https://github.com/jarikmarwede",
        "username": "jarikmarwede",
      },
      Object {
        "avatar": "https://avatars3.githubusercontent.com/u/5954335",
        "href": "https://github.com/TraderStf",
        "username": "TraderStf",
      },
      Object {
        "avatar": "https://avatars1.githubusercontent.com/u/13208038",
        "href": "https://github.com/Reubend",
        "username": "Reubend",
      },
      Object {
        "avatar": "https://avatars1.githubusercontent.com/u/1740517",
        "href": "https://github.com/clarmso",
        "username": "clarmso",
      },
    ],
    "currentPeriodStars": 192,
    "description": "A list of SaaS, PaaS and IaaS offerings that have free tiers of interest to devops and infradev",
    "forks": 3486,
    "language": "HTML",
    "languageColor": "#e34c26",
    "name": "free-for-dev",
    "stars": 32703,
    "url": "https://github.com/ripienaar/free-for-dev",
  },
  Object {
    "author": "denysdovhan",
    "avatar": "https://github.com/denysdovhan.png",
    "builtBy": Array [
      Object {
        "avatar": "https://avatars1.githubusercontent.com/u/3459374",
        "href": "https://github.com/denysdovhan",
        "username": "denysdovhan",
      },
      Object {
        "avatar": "https://avatars0.githubusercontent.com/u/4165301",
        "href": "https://github.com/Geo1088",
        "username": "Geo1088",
      },
      Object {
        "avatar": "https://avatars0.githubusercontent.com/u/15316407",
        "href": "https://github.com/pero5ar",
        "username": "pero5ar",
      },
      Object {
        "avatar": "https://avatars2.githubusercontent.com/u/15963669",
        "href": "https://github.com/erstens",
        "username": "erstens",
      },
      Object {
        "avatar": "https://avatars2.githubusercontent.com/u/1807605",
        "href": "https://github.com/vermuz",
        "username": "vermuz",
      },
    ],
    "currentPeriodStars": 187,
    "description": "A list of funny and tricky JavaScript examples",
    "forks": 1048,
    "language": "JavaScript",
    "languageColor": "#f1e05a",
    "name": "wtfjs",
    "stars": 15923,
    "url": "https://github.com/denysdovhan/wtfjs",
  },
  Object {
    "author": "Machine-Learning-Tokyo",
    "avatar": "https://github.com/Machine-Learning-Tokyo.png",
    "builtBy": Array [
      Object {
        "avatar": "https://avatars2.githubusercontent.com/u/27798583",
        "href": "https://github.com/suzana-ilic",
        "username": "suzana-ilic",
      },
    ],
    "currentPeriodStars": 106,
    "description": "Open Deep Learning and Reinforcement Learning lectures from top Universities like Stanford, MIT, UC Berkeley.",
    "forks": 80,
    "name": "AI_Curriculum",
    "stars": 608,
    "url": "https://github.com/Machine-Learning-Tokyo/AI_Curriculum",
  },
  Object {
    "author": "snipe",
    "avatar": "https://github.com/snipe.png",
    "builtBy": Array [
      Object {
        "avatar": "https://avatars2.githubusercontent.com/u/197404",
        "href": "https://github.com/snipe",
        "username": "snipe",
      },
      Object {
        "avatar": "https://avatars0.githubusercontent.com/u/3803132",
        "href": "https://github.com/dmeltzer",
        "username": "dmeltzer",
      },
      Object {
        "avatar": "https://avatars2.githubusercontent.com/u/36335",
        "href": "https://github.com/uberbrady",
        "username": "uberbrady",
      },
      Object {
        "avatar": "https://avatars1.githubusercontent.com/u/10802313",
        "href": "https://github.com/tiagom62",
        "username": "tiagom62",
      },
      Object {
        "avatar": "https://avatars3.githubusercontent.com/u/1795149",
        "href": "https://github.com/tilldeeke",
        "username": "tilldeeke",
      },
    ],
    "currentPeriodStars": 48,
    "description": "A free open source IT asset/license management system",
    "forks": 1458,
    "language": "PHP",
    "languageColor": "#4F5D95",
    "name": "snipe-it",
    "stars": 3770,
    "url": "https://github.com/snipe/snipe-it",
  },
  Object {
    "author": "signalapp",
    "avatar": "https://github.com/signalapp.png",
    "builtBy": Array [
      Object {
        "avatar": "https://avatars1.githubusercontent.com/u/512439",
        "href": "https://github.com/moxie0",
        "username": "moxie0",
      },
      Object {
        "avatar": "https://avatars3.githubusercontent.com/u/37311915",
        "href": "https://github.com/greyson-signal",
        "username": "greyson-signal",
      },
      Object {
        "avatar": "https://avatars0.githubusercontent.com/u/373823",
        "href": "https://github.com/mcginty",
        "username": "mcginty",
      },
      Object {
        "avatar": "https://avatars1.githubusercontent.com/u/48254818",
        "href": "https://github.com/alan-signal",
        "username": "alan-signal",
      },
      Object {
        "avatar": "https://avatars1.githubusercontent.com/u/54450162",
        "href": "https://github.com/alex-signal",
        "username": "alex-signal",
      },
    ],
    "currentPeriodStars": 52,
    "description": "A private messenger for Android.",
    "forks": 3214,
    "language": "Java",
    "languageColor": "#b07219",
    "name": "Signal-Android",
    "stars": 12648,
    "url": "https://github.com/signalapp/Signal-Android",
  },
  Object {
    "author": "MunGell",
    "avatar": "https://github.com/MunGell.png",
    "builtBy": Array [
      Object {
        "avatar": "https://avatars0.githubusercontent.com/u/812976",
        "href": "https://github.com/MunGell",
        "username": "MunGell",
      },
      Object {
        "avatar": "https://avatars1.githubusercontent.com/u/12628112",
        "href": "https://github.com/JefMari",
        "username": "JefMari",
      },
      Object {
        "avatar": "https://avatars1.githubusercontent.com/u/12799326",
        "href": "https://github.com/abhi18av",
        "username": "abhi18av",
      },
      Object {
        "avatar": "https://avatars2.githubusercontent.com/u/23789",
        "href": "https://github.com/nedbat",
        "username": "nedbat",
      },
      Object {
        "avatar": "https://avatars1.githubusercontent.com/u/48335493",
        "href": "https://github.com/CodeTheory",
        "username": "CodeTheory",
      },
    ],
    "currentPeriodStars": 107,
    "description": "A list of awesome beginners-friendly projects.",
    "forks": 2766,
    "name": "awesome-for-beginners",
    "stars": 16870,
    "url": "https://github.com/MunGell/awesome-for-beginners",
  },
  Object {
    "author": "trekhleb",
    "avatar": "https://github.com/trekhleb.png",
    "builtBy": Array [
      Object {
        "avatar": "https://avatars0.githubusercontent.com/u/3000285",
        "href": "https://github.com/trekhleb",
        "username": "trekhleb",
      },
      Object {
        "avatar": "https://avatars0.githubusercontent.com/u/29200109",
        "href": "https://github.com/m-maksyutin",
        "username": "m-maksyutin",
      },
      Object {
        "avatar": "https://avatars0.githubusercontent.com/u/13618860",
        "href": "https://github.com/appleJax",
        "username": "appleJax",
      },
      Object {
        "avatar": "https://avatars1.githubusercontent.com/u/2787876",
        "href": "https://github.com/albertstill",
        "username": "albertstill",
      },
      Object {
        "avatar": "https://avatars3.githubusercontent.com/u/29892368",
        "href": "https://github.com/moshejs",
        "username": "moshejs",
      },
    ],
    "currentPeriodStars": 89,
    "description": "📝 Algorithms and data structures implemented in JavaScript with explanations and links to further readings",
    "forks": 10184,
    "language": "JavaScript",
    "languageColor": "#f1e05a",
    "name": "javascript-algorithms",
    "stars": 62435,
    "url": "https://github.com/trekhleb/javascript-algorithms",
  },
  Object {
    "author": "refactoringui",
    "avatar": "https://github.com/refactoringui.png",
    "builtBy": Array [
      Object {
        "avatar": "https://avatars3.githubusercontent.com/u/4323180",
        "href": "https://github.com/adamwathan",
        "username": "adamwathan",
      },
    ],
    "currentPeriodStars": 452,
    "description": "A set of free MIT-licensed high-quality SVG icons for UI development.",
    "forks": 91,
    "name": "heroicons",
    "stars": 2654,
    "url": "https://github.com/refactoringui/heroicons",
  },
  Object {
    "author": "ossu",
    "avatar": "https://github.com/ossu.png",
    "builtBy": Array [
      Object {
        "avatar": "https://avatars3.githubusercontent.com/u/4119931",
        "href": "https://github.com/ericdouglas",
        "username": "ericdouglas",
      },
      Object {
        "avatar": "https://avatars2.githubusercontent.com/u/5695330",
        "href": "https://github.com/hanjiexi",
        "username": "hanjiexi",
      },
      Object {
        "avatar": "https://avatars2.githubusercontent.com/u/10495809",
        "href": "https://github.com/mkghosh",
        "username": "mkghosh",
      },
      Object {
        "avatar": "https://avatars3.githubusercontent.com/u/18407643",
        "href": "https://github.com/waciumawanjohi",
        "username": "waciumawanjohi",
      },
      Object {
        "avatar": "https://avatars2.githubusercontent.com/u/1782097",
        "href": "https://github.com/jimages",
        "username": "jimages",
      },
    ],
    "currentPeriodStars": 141,
    "description": "🎓 Path to a free self-taught education in Computer Science!",
    "forks": 8157,
    "name": "computer-science",
    "stars": 55649,
    "url": "https://github.com/ossu/computer-science",
  },
  Object {
    "author": "Advanced-Frontend",
    "avatar": "https://github.com/Advanced-Frontend.png",
    "builtBy": Array [
      Object {
        "avatar": "https://avatars0.githubusercontent.com/u/18049290",
        "href": "https://github.com/yygmind",
        "username": "yygmind",
      },
      Object {
        "avatar": "https://avatars1.githubusercontent.com/u/22879524",
        "href": "https://github.com/blockmood",
        "username": "blockmood",
      },
      Object {
        "avatar": "https://avatars0.githubusercontent.com/u/10307282",
        "href": "https://github.com/Copyes",
        "username": "Copyes",
      },
      Object {
        "avatar": "https://avatars1.githubusercontent.com/u/17974631",
        "href": "https://github.com/IWANABETHATGUY",
        "username": "IWANABETHATGUY",
      },
      Object {
        "avatar": "https://avatars2.githubusercontent.com/u/23216113",
        "href": "https://github.com/clwu1994",
        "username": "clwu1994",
      },
    ],
    "currentPeriodStars": 50,
    "description": "我是木易杨，公众号「高级前端进阶」作者，每天搞定一道前端大厂面试题，祝大家天天进步，一年后会看到不一样的自己。",
    "forks": 2094,
    "language": "JavaScript",
    "languageColor": "#f1e05a",
    "name": "Daily-Interview-Question",
    "stars": 17211,
    "url": "https://github.com/Advanced-Frontend/Daily-Interview-Question",
  },
  Object {
    "author": "polakowo",
    "avatar": "https://github.com/polakowo.png",
    "builtBy": Array [
      Object {
        "avatar": "https://avatars2.githubusercontent.com/u/2664108",
        "href": "https://github.com/polakowo",
        "username": "polakowo",
      },
    ],
    "currentPeriodStars": 36,
    "description": "Python library for backtesting and analyzing trading strategies at scale",
    "forks": 15,
    "language": "Jupyter Notebook",
    "languageColor": "#DA5B0B",
    "name": "vectorbt",
    "stars": 169,
    "url": "https://github.com/polakowo/vectorbt",
  },
  Object {
    "author": "bacen",
    "avatar": "https://github.com/bacen.png",
    "builtBy": Array [
      Object {
        "avatar": "https://avatars3.githubusercontent.com/u/11085",
        "href": "https://github.com/luizlaydner",
        "username": "luizlaydner",
      },
    ],
    "currentPeriodStars": 8,
    "description": "API do DICT - Diretório de Identificadores de Contas Transacionais",
    "forks": 12,
    "name": "pix-dict-api",
    "stars": 110,
    "url": "https://github.com/bacen/pix-dict-api",
  },
  Object {
    "author": "EbookFoundation",
    "avatar": "https://github.com/EbookFoundation.png",
    "builtBy": Array [
      Object {
        "avatar": "https://avatars0.githubusercontent.com/u/2022803",
        "href": "https://github.com/vhf",
        "username": "vhf",
      },
      Object {
        "avatar": "https://avatars2.githubusercontent.com/u/2694949",
        "href": "https://github.com/MHM5000",
        "username": "MHM5000",
      },
      Object {
        "avatar": "https://avatars3.githubusercontent.com/u/5790321",
        "href": "https://github.com/alexanderfefelov",
        "username": "alexanderfefelov",
      },
      Object {
        "avatar": "https://avatars1.githubusercontent.com/u/32140289",
        "href": "https://github.com/MrS4w",
        "username": "MrS4w",
      },
      Object {
        "avatar": "https://avatars3.githubusercontent.com/u/1037088",
        "href": "https://github.com/esparta",
        "username": "esparta",
      },
    ],
    "currentPeriodStars": 120,
    "description": "📚 Freely available programming books",
    "forks": 34046,
    "name": "free-programming-books",
    "stars": 137735,
    "url": "https://github.com/EbookFoundation/free-programming-books",
  },
  Object {
    "author": "commaai",
    "avatar": "https://github.com/commaai.png",
    "builtBy": Array [
      Object {
        "avatar": "https://avatars0.githubusercontent.com/u/1314752",
        "href": "https://github.com/pd0wm",
        "username": "pd0wm",
      },
      Object {
        "avatar": "https://avatars1.githubusercontent.com/u/72895",
        "href": "https://github.com/geohot",
        "username": "geohot",
      },
      Object {
        "avatar": "https://avatars1.githubusercontent.com/u/6804392",
        "href": "https://github.com/HaraldSchafer",
        "username": "HaraldSchafer",
      },
      Object {
        "avatar": "https://avatars0.githubusercontent.com/u/8762862",
        "href": "https://github.com/quillford",
        "username": "quillford",
      },
      Object {
        "avatar": "https://avatars3.githubusercontent.com/u/34825",
        "href": "https://github.com/andyh2",
        "username": "andyh2",
      },
    ],
    "currentPeriodStars": 36,
    "description": "open source driving agent",
    "forks": 3434,
    "language": "C++",
    "languageColor": "#f34b7d",
    "name": "openpilot",
    "stars": 13998,
    "url": "https://github.com/commaai/openpilot",
  },
  Object {
    "author": "vuejs",
    "avatar": "https://github.com/vuejs.png",
    "builtBy": Array [
      Object {
        "avatar": "https://avatars2.githubusercontent.com/u/499550",
        "href": "https://github.com/yyx990803",
        "username": "yyx990803",
      },
      Object {
        "avatar": "https://avatars3.githubusercontent.com/u/26507650",
        "href": "https://github.com/vue-bot",
        "username": "vue-bot",
      },
      Object {
        "avatar": "https://avatars2.githubusercontent.com/u/8401776",
        "href": "https://github.com/Hanks10100",
        "username": "Hanks10100",
      },
      Object {
        "avatar": "https://avatars2.githubusercontent.com/u/2603918",
        "href": "https://github.com/defcc",
        "username": "defcc",
      },
      Object {
        "avatar": "https://avatars0.githubusercontent.com/u/72989",
        "href": "https://github.com/kazupon",
        "username": "kazupon",
      },
    ],
    "currentPeriodStars": 161,
    "description": "🖖 Vue.js is a progressive, incrementally-adoptable JavaScript framework for building UI on the web.",
    "forks": 23807,
    "language": "JavaScript",
    "languageColor": "#f1e05a",
    "name": "vue",
    "stars": 157964,
    "url": "https://github.com/vuejs/vue",
  },
]
`;
