// Jest Snapshot v1, https://goo.gl/fbAQLP

exports[`fetchAllLanguages() should match snapshot 1`] = `
Object {
  "all": Array [
    Object {
      "name": "1C Enterprise",
      "urlParam": "1c-enterprise",
    },
    Object {
      "name": "ABAP",
      "urlParam": "abap",
    },
    Object {
      "name": "ABNF",
      "urlParam": "abnf",
    },
    Object {
      "name": "ActionScript",
      "urlParam": "actionscript",
    },
    Object {
      "name": "Ada",
      "urlParam": "ada",
    },
    Object {
      "name": "Adobe Font Metrics",
      "urlParam": "adobe-font-metrics",
    },
    Object {
      "name": "Agda",
      "urlParam": "agda",
    },
    Object {
      "name": "AGS Script",
      "urlParam": "ags-script",
    },
    Object {
      "name": "Alloy",
      "urlParam": "alloy",
    },
    Object {
      "name": "Alpine Abuild",
      "urlParam": "alpine-abuild",
    },
    Object {
      "name": "AMPL",
      "urlParam": "ampl",
    },
    Object {
      "name": "AngelScript",
      "urlParam": "angelscript",
    },
    Object {
      "name": "Ant Build System",
      "urlParam": "ant-build-system",
    },
    Object {
      "name": "ANTLR",
      "urlParam": "antlr",
    },
    Object {
      "name": "ApacheConf",
      "urlParam": "apacheconf",
    },
    Object {
      "name": "Apex",
      "urlParam": "apex",
    },
    Object {
      "name": "API Blueprint",
      "urlParam": "api-blueprint",
    },
    Object {
      "name": "APL",
      "urlParam": "apl",
    },
    Object {
      "name": "Apollo Guidance Computer",
      "urlParam": "apollo-guidance-computer",
    },
    Object {
      "name": "AppleScript",
      "urlParam": "applescript",
    },
    Object {
      "name": "Arc",
      "urlParam": "arc",
    },
    Object {
      "name": "AsciiDoc",
      "urlParam": "asciidoc",
    },
    Object {
      "name": "ASN.1",
      "urlParam": "asn.1",
    },
    Object {
      "name": "ASP",
      "urlParam": "asp",
    },
    Object {
      "name": "AspectJ",
      "urlParam": "aspectj",
    },
    Object {
      "name": "Assembly",
      "urlParam": "assembly",
    },
    Object {
      "name": "Asymptote",
      "urlParam": "asymptote",
    },
    Object {
      "name": "ATS",
      "urlParam": "ats",
    },
    Object {
      "name": "Augeas",
      "urlParam": "augeas",
    },
    Object {
      "name": "AutoHotkey",
      "urlParam": "autohotkey",
    },
    Object {
      "name": "AutoIt",
      "urlParam": "autoit",
    },
    Object {
      "name": "Awk",
      "urlParam": "awk",
    },
    Object {
      "name": "Ballerina",
      "urlParam": "ballerina",
    },
    Object {
      "name": "Batchfile",
      "urlParam": "batchfile",
    },
    Object {
      "name": "Befunge",
      "urlParam": "befunge",
    },
    Object {
      "name": "Bison",
      "urlParam": "bison",
    },
    Object {
      "name": "BitBake",
      "urlParam": "bitbake",
    },
    Object {
      "name": "Blade",
      "urlParam": "blade",
    },
    Object {
      "name": "BlitzBasic",
      "urlParam": "blitzbasic",
    },
    Object {
      "name": "BlitzMax",
      "urlParam": "blitzmax",
    },
    Object {
      "name": "Bluespec",
      "urlParam": "bluespec",
    },
    Object {
      "name": "Boo",
      "urlParam": "boo",
    },
    Object {
      "name": "Brainfuck",
      "urlParam": "brainfuck",
    },
    Object {
      "name": "Brightscript",
      "urlParam": "brightscript",
    },
    Object {
      "name": "Bro",
      "urlParam": "bro",
    },
    Object {
      "name": "C",
      "urlParam": "c",
    },
    Object {
      "name": "C#",
      "urlParam": "c%23",
    },
    Object {
      "name": "C++",
      "urlParam": "c++",
    },
    Object {
      "name": "C-ObjDump",
      "urlParam": "c-objdump",
    },
    Object {
      "name": "C2hs Haskell",
      "urlParam": "c2hs-haskell",
    },
    Object {
      "name": "Cap'n Proto",
      "urlParam": "cap'n-proto",
    },
    Object {
      "name": "CartoCSS",
      "urlParam": "cartocss",
    },
    Object {
      "name": "Ceylon",
      "urlParam": "ceylon",
    },
    Object {
      "name": "Chapel",
      "urlParam": "chapel",
    },
    Object {
      "name": "Charity",
      "urlParam": "charity",
    },
    Object {
      "name": "ChucK",
      "urlParam": "chuck",
    },
    Object {
      "name": "Cirru",
      "urlParam": "cirru",
    },
    Object {
      "name": "Clarion",
      "urlParam": "clarion",
    },
    Object {
      "name": "Clean",
      "urlParam": "clean",
    },
    Object {
      "name": "Click",
      "urlParam": "click",
    },
    Object {
      "name": "CLIPS",
      "urlParam": "clips",
    },
    Object {
      "name": "Clojure",
      "urlParam": "clojure",
    },
    Object {
      "name": "Closure Templates",
      "urlParam": "closure-templates",
    },
    Object {
      "name": "Cloud Firestore Security Rules",
      "urlParam": "cloud-firestore-security-rules",
    },
    Object {
      "name": "CMake",
      "urlParam": "cmake",
    },
    Object {
      "name": "COBOL",
      "urlParam": "cobol",
    },
    Object {
      "name": "CoffeeScript",
      "urlParam": "coffeescript",
    },
    Object {
      "name": "ColdFusion",
      "urlParam": "coldfusion",
    },
    Object {
      "name": "ColdFusion CFC",
      "urlParam": "coldfusion-cfc",
    },
    Object {
      "name": "COLLADA",
      "urlParam": "collada",
    },
    Object {
      "name": "Common Lisp",
      "urlParam": "common-lisp",
    },
    Object {
      "name": "Common Workflow Language",
      "urlParam": "common-workflow-language",
    },
    Object {
      "name": "Component Pascal",
      "urlParam": "component-pascal",
    },
    Object {
      "name": "CoNLL-U",
      "urlParam": "conll-u",
    },
    Object {
      "name": "Cool",
      "urlParam": "cool",
    },
    Object {
      "name": "Coq",
      "urlParam": "coq",
    },
    Object {
      "name": "Cpp-ObjDump",
      "urlParam": "cpp-objdump",
    },
    Object {
      "name": "Creole",
      "urlParam": "creole",
    },
    Object {
      "name": "Crystal",
      "urlParam": "crystal",
    },
    Object {
      "name": "CSON",
      "urlParam": "cson",
    },
    Object {
      "name": "Csound",
      "urlParam": "csound",
    },
    Object {
      "name": "Csound Document",
      "urlParam": "csound-document",
    },
    Object {
      "name": "Csound Score",
      "urlParam": "csound-score",
    },
    Object {
      "name": "CSS",
      "urlParam": "css",
    },
    Object {
      "name": "CSV",
      "urlParam": "csv",
    },
    Object {
      "name": "Cuda",
      "urlParam": "cuda",
    },
    Object {
      "name": "CWeb",
      "urlParam": "cweb",
    },
    Object {
      "name": "Cycript",
      "urlParam": "cycript",
    },
    Object {
      "name": "Cython",
      "urlParam": "cython",
    },
    Object {
      "name": "D",
      "urlParam": "d",
    },
    Object {
      "name": "D-ObjDump",
      "urlParam": "d-objdump",
    },
    Object {
      "name": "Darcs Patch",
      "urlParam": "darcs-patch",
    },
    Object {
      "name": "Dart",
      "urlParam": "dart",
    },
    Object {
      "name": "DataWeave",
      "urlParam": "dataweave",
    },
    Object {
      "name": "desktop",
      "urlParam": "desktop",
    },
    Object {
      "name": "Diff",
      "urlParam": "diff",
    },
    Object {
      "name": "DIGITAL Command Language",
      "urlParam": "digital-command-language",
    },
    Object {
      "name": "DM",
      "urlParam": "dm",
    },
    Object {
      "name": "DNS Zone",
      "urlParam": "dns-zone",
    },
    Object {
      "name": "Dockerfile",
      "urlParam": "dockerfile",
    },
    Object {
      "name": "Dogescript",
      "urlParam": "dogescript",
    },
    Object {
      "name": "DTrace",
      "urlParam": "dtrace",
    },
    Object {
      "name": "Dylan",
      "urlParam": "dylan",
    },
    Object {
      "name": "E",
      "urlParam": "e",
    },
    Object {
      "name": "Eagle",
      "urlParam": "eagle",
    },
    Object {
      "name": "Easybuild",
      "urlParam": "easybuild",
    },
    Object {
      "name": "EBNF",
      "urlParam": "ebnf",
    },
    Object {
      "name": "eC",
      "urlParam": "ec",
    },
    Object {
      "name": "Ecere Projects",
      "urlParam": "ecere-projects",
    },
    Object {
      "name": "ECL",
      "urlParam": "ecl",
    },
    Object {
      "name": "ECLiPSe",
      "urlParam": "eclipse",
    },
    Object {
      "name": "Edje Data Collection",
      "urlParam": "edje-data-collection",
    },
    Object {
      "name": "edn",
      "urlParam": "edn",
    },
    Object {
      "name": "Eiffel",
      "urlParam": "eiffel",
    },
    Object {
      "name": "EJS",
      "urlParam": "ejs",
    },
    Object {
      "name": "Elixir",
      "urlParam": "elixir",
    },
    Object {
      "name": "Elm",
      "urlParam": "elm",
    },
    Object {
      "name": "Emacs Lisp",
      "urlParam": "emacs-lisp",
    },
    Object {
      "name": "EmberScript",
      "urlParam": "emberscript",
    },
    Object {
      "name": "EML",
      "urlParam": "eml",
    },
    Object {
      "name": "EQ",
      "urlParam": "eq",
    },
    Object {
      "name": "Erlang",
      "urlParam": "erlang",
    },
    Object {
      "name": "F#",
      "urlParam": "f%23",
    },
    Object {
      "name": "F*",
      "urlParam": "f*",
    },
    Object {
      "name": "Factor",
      "urlParam": "factor",
    },
    Object {
      "name": "Fancy",
      "urlParam": "fancy",
    },
    Object {
      "name": "Fantom",
      "urlParam": "fantom",
    },
    Object {
      "name": "FIGlet Font",
      "urlParam": "figlet-font",
    },
    Object {
      "name": "Filebench WML",
      "urlParam": "filebench-wml",
    },
    Object {
      "name": "Filterscript",
      "urlParam": "filterscript",
    },
    Object {
      "name": "fish",
      "urlParam": "fish",
    },
    Object {
      "name": "FLUX",
      "urlParam": "flux",
    },
    Object {
      "name": "Formatted",
      "urlParam": "formatted",
    },
    Object {
      "name": "Forth",
      "urlParam": "forth",
    },
    Object {
      "name": "Fortran",
      "urlParam": "fortran",
    },
    Object {
      "name": "FreeMarker",
      "urlParam": "freemarker",
    },
    Object {
      "name": "Frege",
      "urlParam": "frege",
    },
    Object {
      "name": "G-code",
      "urlParam": "g-code",
    },
    Object {
      "name": "Game Maker Language",
      "urlParam": "game-maker-language",
    },
    Object {
      "name": "GAMS",
      "urlParam": "gams",
    },
    Object {
      "name": "GAP",
      "urlParam": "gap",
    },
    Object {
      "name": "GCC Machine Description",
      "urlParam": "gcc-machine-description",
    },
    Object {
      "name": "GDB",
      "urlParam": "gdb",
    },
    Object {
      "name": "GDScript",
      "urlParam": "gdscript",
    },
    Object {
      "name": "Genie",
      "urlParam": "genie",
    },
    Object {
      "name": "Genshi",
      "urlParam": "genshi",
    },
    Object {
      "name": "Gentoo Ebuild",
      "urlParam": "gentoo-ebuild",
    },
    Object {
      "name": "Gentoo Eclass",
      "urlParam": "gentoo-eclass",
    },
    Object {
      "name": "Gerber Image",
      "urlParam": "gerber-image",
    },
    Object {
      "name": "Gettext Catalog",
      "urlParam": "gettext-catalog",
    },
    Object {
      "name": "Gherkin",
      "urlParam": "gherkin",
    },
    Object {
      "name": "GLSL",
      "urlParam": "glsl",
    },
    Object {
      "name": "Glyph",
      "urlParam": "glyph",
    },
    Object {
      "name": "Glyph Bitmap Distribution Format",
      "urlParam": "glyph-bitmap-distribution-format",
    },
    Object {
      "name": "GN",
      "urlParam": "gn",
    },
    Object {
      "name": "Gnuplot",
      "urlParam": "gnuplot",
    },
    Object {
      "name": "Go",
      "urlParam": "go",
    },
    Object {
      "name": "Golo",
      "urlParam": "golo",
    },
    Object {
      "name": "Gosu",
      "urlParam": "gosu",
    },
    Object {
      "name": "Grace",
      "urlParam": "grace",
    },
    Object {
      "name": "Gradle",
      "urlParam": "gradle",
    },
    Object {
      "name": "Grammatical Framework",
      "urlParam": "grammatical-framework",
    },
    Object {
      "name": "Graph Modeling Language",
      "urlParam": "graph-modeling-language",
    },
    Object {
      "name": "GraphQL",
      "urlParam": "graphql",
    },
    Object {
      "name": "Graphviz (DOT)",
      "urlParam": "graphviz-(dot)",
    },
    Object {
      "name": "Groovy",
      "urlParam": "groovy",
    },
    Object {
      "name": "Groovy Server Pages",
      "urlParam": "groovy-server-pages",
    },
    Object {
      "name": "Hack",
      "urlParam": "hack",
    },
    Object {
      "name": "Haml",
      "urlParam": "haml",
    },
    Object {
      "name": "Handlebars",
      "urlParam": "handlebars",
    },
    Object {
      "name": "HAProxy",
      "urlParam": "haproxy",
    },
    Object {
      "name": "Harbour",
      "urlParam": "harbour",
    },
    Object {
      "name": "Haskell",
      "urlParam": "haskell",
    },
    Object {
      "name": "Haxe",
      "urlParam": "haxe",
    },
    Object {
      "name": "HCL",
      "urlParam": "hcl",
    },
    Object {
      "name": "HiveQL",
      "urlParam": "hiveql",
    },
    Object {
      "name": "HLSL",
      "urlParam": "hlsl",
    },
    Object {
      "name": "HTML",
      "urlParam": "html",
    },
    Object {
      "name": "HTML+Django",
      "urlParam": "html+django",
    },
    Object {
      "name": "HTML+ECR",
      "urlParam": "html+ecr",
    },
    Object {
      "name": "HTML+EEX",
      "urlParam": "html+eex",
    },
    Object {
      "name": "HTML+ERB",
      "urlParam": "html+erb",
    },
    Object {
      "name": "HTML+PHP",
      "urlParam": "html+php",
    },
    Object {
      "name": "HTML+Razor",
      "urlParam": "html+razor",
    },
    Object {
      "name": "HTTP",
      "urlParam": "http",
    },
    Object {
      "name": "HXML",
      "urlParam": "hxml",
    },
    Object {
      "name": "Hy",
      "urlParam": "hy",
    },
    Object {
      "name": "HyPhy",
      "urlParam": "hyphy",
    },
    Object {
      "name": "IDL",
      "urlParam": "idl",
    },
    Object {
      "name": "Idris",
      "urlParam": "idris",
    },
    Object {
      "name": "IGOR Pro",
      "urlParam": "igor-pro",
    },
    Object {
      "name": "Inform 7",
      "urlParam": "inform-7",
    },
    Object {
      "name": "INI",
      "urlParam": "ini",
    },
    Object {
      "name": "Inno Setup",
      "urlParam": "inno-setup",
    },
    Object {
      "name": "Io",
      "urlParam": "io",
    },
    Object {
      "name": "Ioke",
      "urlParam": "ioke",
    },
    Object {
      "name": "IRC log",
      "urlParam": "irc-log",
    },
    Object {
      "name": "Isabelle",
      "urlParam": "isabelle",
    },
    Object {
      "name": "Isabelle ROOT",
      "urlParam": "isabelle-root",
    },
    Object {
      "name": "J",
      "urlParam": "j",
    },
    Object {
      "name": "Jasmin",
      "urlParam": "jasmin",
    },
    Object {
      "name": "Java",
      "urlParam": "java",
    },
    Object {
      "name": "Java Properties",
      "urlParam": "java-properties",
    },
    Object {
      "name": "Java Server Pages",
      "urlParam": "java-server-pages",
    },
    Object {
      "name": "JavaScript",
      "urlParam": "javascript",
    },
    Object {
      "name": "JFlex",
      "urlParam": "jflex",
    },
    Object {
      "name": "Jison",
      "urlParam": "jison",
    },
    Object {
      "name": "Jison Lex",
      "urlParam": "jison-lex",
    },
    Object {
      "name": "Jolie",
      "urlParam": "jolie",
    },
    Object {
      "name": "JSON",
      "urlParam": "json",
    },
    Object {
      "name": "JSON with Comments",
      "urlParam": "json-with-comments",
    },
    Object {
      "name": "JSON5",
      "urlParam": "json5",
    },
    Object {
      "name": "JSONiq",
      "urlParam": "jsoniq",
    },
    Object {
      "name": "JSONLD",
      "urlParam": "jsonld",
    },
    Object {
      "name": "JSX",
      "urlParam": "jsx",
    },
    Object {
      "name": "Julia",
      "urlParam": "julia",
    },
    Object {
      "name": "Jupyter Notebook",
      "urlParam": "jupyter-notebook",
    },
    Object {
      "name": "KiCad Layout",
      "urlParam": "kicad-layout",
    },
    Object {
      "name": "KiCad Legacy Layout",
      "urlParam": "kicad-legacy-layout",
    },
    Object {
      "name": "KiCad Schematic",
      "urlParam": "kicad-schematic",
    },
    Object {
      "name": "Kit",
      "urlParam": "kit",
    },
    Object {
      "name": "Kotlin",
      "urlParam": "kotlin",
    },
    Object {
      "name": "KRL",
      "urlParam": "krl",
    },
    Object {
      "name": "LabVIEW",
      "urlParam": "labview",
    },
    Object {
      "name": "Lasso",
      "urlParam": "lasso",
    },
    Object {
      "name": "Latte",
      "urlParam": "latte",
    },
    Object {
      "name": "Lean",
      "urlParam": "lean",
    },
    Object {
      "name": "Less",
      "urlParam": "less",
    },
    Object {
      "name": "Lex",
      "urlParam": "lex",
    },
    Object {
      "name": "LFE",
      "urlParam": "lfe",
    },
    Object {
      "name": "LilyPond",
      "urlParam": "lilypond",
    },
    Object {
      "name": "Limbo",
      "urlParam": "limbo",
    },
    Object {
      "name": "Linker Script",
      "urlParam": "linker-script",
    },
    Object {
      "name": "Linux Kernel Module",
      "urlParam": "linux-kernel-module",
    },
    Object {
      "name": "Liquid",
      "urlParam": "liquid",
    },
    Object {
      "name": "Literate Agda",
      "urlParam": "literate-agda",
    },
    Object {
      "name": "Literate CoffeeScript",
      "urlParam": "literate-coffeescript",
    },
    Object {
      "name": "Literate Haskell",
      "urlParam": "literate-haskell",
    },
    Object {
      "name": "LiveScript",
      "urlParam": "livescript",
    },
    Object {
      "name": "LLVM",
      "urlParam": "llvm",
    },
    Object {
      "name": "Logos",
      "urlParam": "logos",
    },
    Object {
      "name": "Logtalk",
      "urlParam": "logtalk",
    },
    Object {
      "name": "LOLCODE",
      "urlParam": "lolcode",
    },
    Object {
      "name": "LookML",
      "urlParam": "lookml",
    },
    Object {
      "name": "LoomScript",
      "urlParam": "loomscript",
    },
    Object {
      "name": "LSL",
      "urlParam": "lsl",
    },
    Object {
      "name": "Lua",
      "urlParam": "lua",
    },
    Object {
      "name": "M",
      "urlParam": "m",
    },
    Object {
      "name": "M4",
      "urlParam": "m4",
    },
    Object {
      "name": "M4Sugar",
      "urlParam": "m4sugar",
    },
    Object {
      "name": "Makefile",
      "urlParam": "makefile",
    },
    Object {
      "name": "Mako",
      "urlParam": "mako",
    },
    Object {
      "name": "Markdown",
      "urlParam": "markdown",
    },
    Object {
      "name": "Marko",
      "urlParam": "marko",
    },
    Object {
      "name": "Mask",
      "urlParam": "mask",
    },
    Object {
      "name": "Mathematica",
      "urlParam": "mathematica",
    },
    Object {
      "name": "MATLAB",
      "urlParam": "matlab",
    },
    Object {
      "name": "Maven POM",
      "urlParam": "maven-pom",
    },
    Object {
      "name": "Max",
      "urlParam": "max",
    },
    Object {
      "name": "MAXScript",
      "urlParam": "maxscript",
    },
    Object {
      "name": "MediaWiki",
      "urlParam": "mediawiki",
    },
    Object {
      "name": "Mercury",
      "urlParam": "mercury",
    },
    Object {
      "name": "Meson",
      "urlParam": "meson",
    },
    Object {
      "name": "Metal",
      "urlParam": "metal",
    },
    Object {
      "name": "MiniD",
      "urlParam": "minid",
    },
    Object {
      "name": "Mirah",
      "urlParam": "mirah",
    },
    Object {
      "name": "Modelica",
      "urlParam": "modelica",
    },
    Object {
      "name": "Modula-2",
      "urlParam": "modula-2",
    },
    Object {
      "name": "Modula-3",
      "urlParam": "modula-3",
    },
    Object {
      "name": "Module Management System",
      "urlParam": "module-management-system",
    },
    Object {
      "name": "Monkey",
      "urlParam": "monkey",
    },
    Object {
      "name": "Moocode",
      "urlParam": "moocode",
    },
    Object {
      "name": "MoonScript",
      "urlParam": "moonscript",
    },
    Object {
      "name": "MQL4",
      "urlParam": "mql4",
    },
    Object {
      "name": "MQL5",
      "urlParam": "mql5",
    },
    Object {
      "name": "MTML",
      "urlParam": "mtml",
    },
    Object {
      "name": "MUF",
      "urlParam": "muf",
    },
    Object {
      "name": "mupad",
      "urlParam": "mupad",
    },
    Object {
      "name": "Myghty",
      "urlParam": "myghty",
    },
    Object {
      "name": "NCL",
      "urlParam": "ncl",
    },
    Object {
      "name": "Nearley",
      "urlParam": "nearley",
    },
    Object {
      "name": "Nemerle",
      "urlParam": "nemerle",
    },
    Object {
      "name": "nesC",
      "urlParam": "nesc",
    },
    Object {
      "name": "NetLinx",
      "urlParam": "netlinx",
    },
    Object {
      "name": "NetLinx+ERB",
      "urlParam": "netlinx+erb",
    },
    Object {
      "name": "NetLogo",
      "urlParam": "netlogo",
    },
    Object {
      "name": "NewLisp",
      "urlParam": "newlisp",
    },
    Object {
      "name": "Nextflow",
      "urlParam": "nextflow",
    },
    Object {
      "name": "Nginx",
      "urlParam": "nginx",
    },
    Object {
      "name": "Nim",
      "urlParam": "nim",
    },
    Object {
      "name": "Ninja",
      "urlParam": "ninja",
    },
    Object {
      "name": "Nit",
      "urlParam": "nit",
    },
    Object {
      "name": "Nix",
      "urlParam": "nix",
    },
    Object {
      "name": "NL",
      "urlParam": "nl",
    },
    Object {
      "name": "NSIS",
      "urlParam": "nsis",
    },
    Object {
      "name": "Nu",
      "urlParam": "nu",
    },
    Object {
      "name": "NumPy",
      "urlParam": "numpy",
    },
    Object {
      "name": "ObjDump",
      "urlParam": "objdump",
    },
    Object {
      "name": "Objective-C",
      "urlParam": "objective-c",
    },
    Object {
      "name": "Objective-C++",
      "urlParam": "objective-c++",
    },
    Object {
      "name": "Objective-J",
      "urlParam": "objective-j",
    },
    Object {
      "name": "OCaml",
      "urlParam": "ocaml",
    },
    Object {
      "name": "Omgrofl",
      "urlParam": "omgrofl",
    },
    Object {
      "name": "ooc",
      "urlParam": "ooc",
    },
    Object {
      "name": "Opa",
      "urlParam": "opa",
    },
    Object {
      "name": "Opal",
      "urlParam": "opal",
    },
    Object {
      "name": "OpenCL",
      "urlParam": "opencl",
    },
    Object {
      "name": "OpenEdge ABL",
      "urlParam": "openedge-abl",
    },
    Object {
      "name": "OpenRC runscript",
      "urlParam": "openrc-runscript",
    },
    Object {
      "name": "OpenSCAD",
      "urlParam": "openscad",
    },
    Object {
      "name": "OpenType Feature File",
      "urlParam": "opentype-feature-file",
    },
    Object {
      "name": "Org",
      "urlParam": "org",
    },
    Object {
      "name": "Ox",
      "urlParam": "ox",
    },
    Object {
      "name": "Oxygene",
      "urlParam": "oxygene",
    },
    Object {
      "name": "Oz",
      "urlParam": "oz",
    },
    Object {
      "name": "P4",
      "urlParam": "p4",
    },
    Object {
      "name": "Pan",
      "urlParam": "pan",
    },
    Object {
      "name": "Papyrus",
      "urlParam": "papyrus",
    },
    Object {
      "name": "Parrot",
      "urlParam": "parrot",
    },
    Object {
      "name": "Parrot Assembly",
      "urlParam": "parrot-assembly",
    },
    Object {
      "name": "Parrot Internal Representation",
      "urlParam": "parrot-internal-representation",
    },
    Object {
      "name": "Pascal",
      "urlParam": "pascal",
    },
    Object {
      "name": "Pawn",
      "urlParam": "pawn",
    },
    Object {
      "name": "Pep8",
      "urlParam": "pep8",
    },
    Object {
      "name": "Perl",
      "urlParam": "perl",
    },
    Object {
      "name": "Perl 6",
      "urlParam": "perl-6",
    },
    Object {
      "name": "PHP",
      "urlParam": "php",
    },
    Object {
      "name": "Pic",
      "urlParam": "pic",
    },
    Object {
      "name": "Pickle",
      "urlParam": "pickle",
    },
    Object {
      "name": "PicoLisp",
      "urlParam": "picolisp",
    },
    Object {
      "name": "PigLatin",
      "urlParam": "piglatin",
    },
    Object {
      "name": "Pike",
      "urlParam": "pike",
    },
    Object {
      "name": "PLpgSQL",
      "urlParam": "plpgsql",
    },
    Object {
      "name": "PLSQL",
      "urlParam": "plsql",
    },
    Object {
      "name": "Pod",
      "urlParam": "pod",
    },
    Object {
      "name": "Pod 6",
      "urlParam": "pod-6",
    },
    Object {
      "name": "PogoScript",
      "urlParam": "pogoscript",
    },
    Object {
      "name": "Pony",
      "urlParam": "pony",
    },
    Object {
      "name": "PostCSS",
      "urlParam": "postcss",
    },
    Object {
      "name": "PostScript",
      "urlParam": "postscript",
    },
    Object {
      "name": "POV-Ray SDL",
      "urlParam": "pov-ray-sdl",
    },
    Object {
      "name": "PowerBuilder",
      "urlParam": "powerbuilder",
    },
    Object {
      "name": "PowerShell",
      "urlParam": "powershell",
    },
    Object {
      "name": "Processing",
      "urlParam": "processing",
    },
    Object {
      "name": "Prolog",
      "urlParam": "prolog",
    },
    Object {
      "name": "Propeller Spin",
      "urlParam": "propeller-spin",
    },
    Object {
      "name": "Protocol Buffer",
      "urlParam": "protocol-buffer",
    },
    Object {
      "name": "Public Key",
      "urlParam": "public-key",
    },
    Object {
      "name": "Pug",
      "urlParam": "pug",
    },
    Object {
      "name": "Puppet",
      "urlParam": "puppet",
    },
    Object {
      "name": "Pure Data",
      "urlParam": "pure-data",
    },
    Object {
      "name": "PureBasic",
      "urlParam": "purebasic",
    },
    Object {
      "name": "PureScript",
      "urlParam": "purescript",
    },
    Object {
      "name": "Python",
      "urlParam": "python",
    },
    Object {
      "name": "Python console",
      "urlParam": "python-console",
    },
    Object {
      "name": "Python traceback",
      "urlParam": "python-traceback",
    },
    Object {
      "name": "q",
      "urlParam": "q",
    },
    Object {
      "name": "QMake",
      "urlParam": "qmake",
    },
    Object {
      "name": "QML",
      "urlParam": "qml",
    },
    Object {
      "name": "Quake",
      "urlParam": "quake",
    },
    Object {
      "name": "R",
      "urlParam": "r",
    },
    Object {
      "name": "Racket",
      "urlParam": "racket",
    },
    Object {
      "name": "Ragel",
      "urlParam": "ragel",
    },
    Object {
      "name": "RAML",
      "urlParam": "raml",
    },
    Object {
      "name": "Rascal",
      "urlParam": "rascal",
    },
    Object {
      "name": "Raw token data",
      "urlParam": "raw-token-data",
    },
    Object {
      "name": "RDoc",
      "urlParam": "rdoc",
    },
    Object {
      "name": "REALbasic",
      "urlParam": "realbasic",
    },
    Object {
      "name": "Reason",
      "urlParam": "reason",
    },
    Object {
      "name": "Rebol",
      "urlParam": "rebol",
    },
    Object {
      "name": "Red",
      "urlParam": "red",
    },
    Object {
      "name": "Redcode",
      "urlParam": "redcode",
    },
    Object {
      "name": "Regular Expression",
      "urlParam": "regular-expression",
    },
    Object {
      "name": "Ren'Py",
      "urlParam": "ren'py",
    },
    Object {
      "name": "RenderScript",
      "urlParam": "renderscript",
    },
    Object {
      "name": "reStructuredText",
      "urlParam": "restructuredtext",
    },
    Object {
      "name": "REXX",
      "urlParam": "rexx",
    },
    Object {
      "name": "RHTML",
      "urlParam": "rhtml",
    },
    Object {
      "name": "Ring",
      "urlParam": "ring",
    },
    Object {
      "name": "RMarkdown",
      "urlParam": "rmarkdown",
    },
    Object {
      "name": "RobotFramework",
      "urlParam": "robotframework",
    },
    Object {
      "name": "Roff",
      "urlParam": "roff",
    },
    Object {
      "name": "Rouge",
      "urlParam": "rouge",
    },
    Object {
      "name": "RPC",
      "urlParam": "rpc",
    },
    Object {
      "name": "RPM Spec",
      "urlParam": "rpm-spec",
    },
    Object {
      "name": "Ruby",
      "urlParam": "ruby",
    },
    Object {
      "name": "RUNOFF",
      "urlParam": "runoff",
    },
    Object {
      "name": "Rust",
      "urlParam": "rust",
    },
    Object {
      "name": "Sage",
      "urlParam": "sage",
    },
    Object {
      "name": "SaltStack",
      "urlParam": "saltstack",
    },
    Object {
      "name": "SAS",
      "urlParam": "sas",
    },
    Object {
      "name": "Sass",
      "urlParam": "sass",
    },
    Object {
      "name": "Scala",
      "urlParam": "scala",
    },
    Object {
      "name": "Scaml",
      "urlParam": "scaml",
    },
    Object {
      "name": "Scheme",
      "urlParam": "scheme",
    },
    Object {
      "name": "Scilab",
      "urlParam": "scilab",
    },
    Object {
      "name": "SCSS",
      "urlParam": "scss",
    },
    Object {
      "name": "sed",
      "urlParam": "sed",
    },
    Object {
      "name": "Self",
      "urlParam": "self",
    },
    Object {
      "name": "ShaderLab",
      "urlParam": "shaderlab",
    },
    Object {
      "name": "Shell",
      "urlParam": "shell",
    },
    Object {
      "name": "ShellSession",
      "urlParam": "shellsession",
    },
    Object {
      "name": "Shen",
      "urlParam": "shen",
    },
    Object {
      "name": "Slash",
      "urlParam": "slash",
    },
    Object {
      "name": "Slice",
      "urlParam": "slice",
    },
    Object {
      "name": "Slim",
      "urlParam": "slim",
    },
    Object {
      "name": "Smali",
      "urlParam": "smali",
    },
    Object {
      "name": "Smalltalk",
      "urlParam": "smalltalk",
    },
    Object {
      "name": "Smarty",
      "urlParam": "smarty",
    },
    Object {
      "name": "SMT",
      "urlParam": "smt",
    },
    Object {
      "name": "Solidity",
      "urlParam": "solidity",
    },
    Object {
      "name": "SourcePawn",
      "urlParam": "sourcepawn",
    },
    Object {
      "name": "SPARQL",
      "urlParam": "sparql",
    },
    Object {
      "name": "Spline Font Database",
      "urlParam": "spline-font-database",
    },
    Object {
      "name": "SQF",
      "urlParam": "sqf",
    },
    Object {
      "name": "SQL",
      "urlParam": "sql",
    },
    Object {
      "name": "SQLPL",
      "urlParam": "sqlpl",
    },
    Object {
      "name": "Squirrel",
      "urlParam": "squirrel",
    },
    Object {
      "name": "SRecode Template",
      "urlParam": "srecode-template",
    },
    Object {
      "name": "Stan",
      "urlParam": "stan",
    },
    Object {
      "name": "Standard ML",
      "urlParam": "standard-ml",
    },
    Object {
      "name": "Stata",
      "urlParam": "stata",
    },
    Object {
      "name": "STON",
      "urlParam": "ston",
    },
    Object {
      "name": "Stylus",
      "urlParam": "stylus",
    },
    Object {
      "name": "SubRip Text",
      "urlParam": "subrip-text",
    },
    Object {
      "name": "SugarSS",
      "urlParam": "sugarss",
    },
    Object {
      "name": "SuperCollider",
      "urlParam": "supercollider",
    },
    Object {
      "name": "SVG",
      "urlParam": "svg",
    },
    Object {
      "name": "Swift",
      "urlParam": "swift",
    },
    Object {
      "name": "SystemVerilog",
      "urlParam": "systemverilog",
    },
    Object {
      "name": "Tcl",
      "urlParam": "tcl",
    },
    Object {
      "name": "Tcsh",
      "urlParam": "tcsh",
    },
    Object {
      "name": "Tea",
      "urlParam": "tea",
    },
    Object {
      "name": "Terra",
      "urlParam": "terra",
    },
    Object {
      "name": "TeX",
      "urlParam": "tex",
    },
    Object {
      "name": "Text",
      "urlParam": "text",
    },
    Object {
      "name": "Textile",
      "urlParam": "textile",
    },
    Object {
      "name": "Thrift",
      "urlParam": "thrift",
    },
    Object {
      "name": "TI Program",
      "urlParam": "ti-program",
    },
    Object {
      "name": "TLA",
      "urlParam": "tla",
    },
    Object {
      "name": "TOML",
      "urlParam": "toml",
    },
    Object {
      "name": "Turing",
      "urlParam": "turing",
    },
    Object {
      "name": "Turtle",
      "urlParam": "turtle",
    },
    Object {
      "name": "Twig",
      "urlParam": "twig",
    },
    Object {
      "name": "TXL",
      "urlParam": "txl",
    },
    Object {
      "name": "Type Language",
      "urlParam": "type-language",
    },
    Object {
      "name": "TypeScript",
      "urlParam": "typescript",
    },
    Object {
      "name": "Unified Parallel C",
      "urlParam": "unified-parallel-c",
    },
    Object {
      "name": "Unity3D Asset",
      "urlParam": "unity3d-asset",
    },
    Object {
      "name": "Unix Assembly",
      "urlParam": "unix-assembly",
    },
    Object {
      "name": "Uno",
      "urlParam": "uno",
    },
    Object {
      "name": "UnrealScript",
      "urlParam": "unrealscript",
    },
    Object {
      "name": "UrWeb",
      "urlParam": "urweb",
    },
    Object {
      "name": "Vala",
      "urlParam": "vala",
    },
    Object {
      "name": "VCL",
      "urlParam": "vcl",
    },
    Object {
      "name": "Verilog",
      "urlParam": "verilog",
    },
    Object {
      "name": "VHDL",
      "urlParam": "vhdl",
    },
    Object {
      "name": "Vim script",
      "urlParam": "vim-script",
    },
    Object {
      "name": "Visual Basic",
      "urlParam": "visual-basic",
    },
    Object {
      "name": "Volt",
      "urlParam": "volt",
    },
    Object {
      "name": "Vue",
      "urlParam": "vue",
    },
    Object {
      "name": "Wavefront Material",
      "urlParam": "wavefront-material",
    },
    Object {
      "name": "Wavefront Object",
      "urlParam": "wavefront-object",
    },
    Object {
      "name": "wdl",
      "urlParam": "wdl",
    },
    Object {
      "name": "Web Ontology Language",
      "urlParam": "web-ontology-language",
    },
    Object {
      "name": "WebAssembly",
      "urlParam": "webassembly",
    },
    Object {
      "name": "WebIDL",
      "urlParam": "webidl",
    },
    Object {
      "name": "Windows Registry Entries",
      "urlParam": "windows-registry-entries",
    },
    Object {
      "name": "wisp",
      "urlParam": "wisp",
    },
    Object {
      "name": "World of Warcraft Addon Data",
      "urlParam": "world-of-warcraft-addon-data",
    },
    Object {
      "name": "X BitMap",
      "urlParam": "x-bitmap",
    },
    Object {
      "name": "X Font Directory Index",
      "urlParam": "x-font-directory-index",
    },
    Object {
      "name": "X PixMap",
      "urlParam": "x-pixmap",
    },
    Object {
      "name": "X10",
      "urlParam": "x10",
    },
    Object {
      "name": "xBase",
      "urlParam": "xbase",
    },
    Object {
      "name": "XC",
      "urlParam": "xc",
    },
    Object {
      "name": "XCompose",
      "urlParam": "xcompose",
    },
    Object {
      "name": "XML",
      "urlParam": "xml",
    },
    Object {
      "name": "Xojo",
      "urlParam": "xojo",
    },
    Object {
      "name": "XPages",
      "urlParam": "xpages",
    },
    Object {
      "name": "XProc",
      "urlParam": "xproc",
    },
    Object {
      "name": "XQuery",
      "urlParam": "xquery",
    },
    Object {
      "name": "XS",
      "urlParam": "xs",
    },
    Object {
      "name": "XSLT",
      "urlParam": "xslt",
    },
    Object {
      "name": "Xtend",
      "urlParam": "xtend",
    },
    Object {
      "name": "Yacc",
      "urlParam": "yacc",
    },
    Object {
      "name": "YAML",
      "urlParam": "yaml",
    },
    Object {
      "name": "YANG",
      "urlParam": "yang",
    },
    Object {
      "name": "YARA",
      "urlParam": "yara",
    },
    Object {
      "name": "YASnippet",
      "urlParam": "yasnippet",
    },
    Object {
      "name": "Zephir",
      "urlParam": "zephir",
    },
    Object {
      "name": "Zig",
      "urlParam": "zig",
    },
    Object {
      "name": "Zimpl",
      "urlParam": "zimpl",
    },
  ],
  "popular": Array [
    Object {
      "name": "CSS",
      "urlParam": "css",
    },
    Object {
      "name": "HTML",
      "urlParam": "html",
    },
    Object {
      "name": "Java",
      "urlParam": "java",
    },
    Object {
      "name": "JavaScript",
      "urlParam": "javascript",
    },
    Object {
      "name": "Objective-C",
      "urlParam": "objective-c",
    },
    Object {
      "name": "Ruby",
      "urlParam": "ruby",
    },
    Object {
      "name": "Swift",
      "urlParam": "swift",
    },
  ],
}
`;

exports[`fetchDevelopers() should match snapshot 1`] = `
Array [
  Object {
    "avatar": "https://avatars2.githubusercontent.com/u/6154722",
    "name": "Microsoft",
    "repo": Object {
      "description": "Visual Studio Code",
      "name": "vscode",
      "url": "https://github.com/Microsoft/vscode",
    },
    "url": "https://github.com/Microsoft",
    "username": "Microsoft",
  },
  Object {
    "avatar": "https://avatars1.githubusercontent.com/u/950417",
    "name": "Michael Driscoll",
    "repo": Object {
      "description": "The Illustrated TLS Connection: Every byte explained",
      "name": "illustrated-tls",
      "url": "https://github.com/syncsynchalt/illustrated-tls",
    },
    "type": "user",
    "url": "https://github.com/syncsynchalt",
    "username": "syncsynchalt",
  },
  Object {
    "avatar": "https://avatars3.githubusercontent.com/u/8899226",
    "name": "Igglybuff",
    "repo": Object {
      "description": "A curated list of awesome warez and piracy links",
      "name": "awesome-piracy",
      "url": "https://github.com/Igglybuff/awesome-piracy",
    },
    "type": "user",
    "url": "https://github.com/Igglybuff",
    "username": "Igglybuff",
  },
  Object {
    "avatar": "https://avatars0.githubusercontent.com/u/205375",
    "name": "Dan Burzo",
    "repo": Object {
      "description": "🌐 → 📖 A command-line tool to grab web pages as beautifully formatted PDFs",
      "name": "percollate",
      "url": "https://github.com/danburzo/percollate",
    },
    "type": "user",
    "url": "https://github.com/danburzo",
    "username": "danburzo",
  },
  Object {
    "avatar": "https://avatars2.githubusercontent.com/u/69631",
    "name": "Facebook",
    "repo": Object {
      "description": "A declarative, efficient, and flexible JavaScript library for building user interfaces.",
      "name": "react",
      "url": "https://github.com/facebook/react",
    },
    "url": "https://github.com/facebook",
    "username": "facebook",
  },
  Object {
    "avatar": "https://avatars1.githubusercontent.com/u/124647",
    "name": "Diego Giagio",
    "repo": Object {
      "description": "Create self-contained single binary applications",
      "name": "warp",
      "url": "https://github.com/dgiagio/warp",
    },
    "type": "user",
    "url": "https://github.com/dgiagio",
    "username": "dgiagio",
  },
  Object {
    "avatar": "https://avatars1.githubusercontent.com/u/6485007",
    "name": "SocialCops",
    "repo": Object {
      "description": "Camelot: PDF Table Extraction for Humans",
      "name": "camelot",
      "url": "https://github.com/socialcopsdev/camelot",
    },
    "url": "https://github.com/socialcopsdev",
    "username": "socialcopsdev",
  },
  Object {
    "avatar": "https://avatars0.githubusercontent.com/u/1342004",
    "name": "Google",
    "repo": Object {
      "description": "Material Design icons by Google",
      "name": "material-design-icons",
      "url": "https://github.com/google/material-design-icons",
    },
    "url": "https://github.com/google",
    "username": "google",
  },
  Object {
    "avatar": "https://avatars0.githubusercontent.com/u/10245193",
    "name": "Multimedia Laboratory, CUHK",
    "repo": Object {
      "description": "Open MMLab Detection Toolbox",
      "name": "mmdetection",
      "url": "https://github.com/open-mmlab/mmdetection",
    },
    "url": "https://github.com/open-mmlab",
    "username": "open-mmlab",
  },
  Object {
    "avatar": "https://avatars3.githubusercontent.com/u/20487725",
    "name": "The Algorithms",
    "repo": Object {
      "description": "All Algorithms implemented in Python",
      "name": "Python",
      "url": "https://github.com/TheAlgorithms/Python",
    },
    "url": "https://github.com/TheAlgorithms",
    "username": "TheAlgorithms",
  },
  Object {
    "avatar": "https://avatars3.githubusercontent.com/u/119893",
    "name": "Kenneth Reitz",
    "repo": Object {
      "description": "Pythonic HTML Parsing for Humans™",
      "name": "requests-html",
      "url": "https://github.com/kennethreitz/requests-html",
    },
    "type": "user",
    "url": "https://github.com/kennethreitz",
    "username": "kennethreitz",
  },
  Object {
    "avatar": "https://avatars1.githubusercontent.com/u/15658638",
    "repo": Object {
      "description": "An Open Source Machine Learning Framework for Everyone",
      "name": "tensorflow",
      "url": "https://github.com/tensorflow/tensorflow",
    },
    "url": "https://github.com/tensorflow",
    "username": "tensorflow",
  },
  Object {
    "avatar": "https://avatars3.githubusercontent.com/u/176013",
    "name": "Wes Bos",
    "repo": Object {
      "description": "30 Day Vanilla JS Challenge",
      "name": "JavaScript30",
      "url": "https://github.com/wesbos/JavaScript30",
    },
    "type": "user",
    "url": "https://github.com/wesbos",
    "username": "wesbos",
  },
  Object {
    "avatar": "https://avatars3.githubusercontent.com/u/2249551",
    "name": "Carlos Fenollosa",
    "repo": Object {
      "description": "How to create an OS from scratch",
      "name": "os-tutorial",
      "url": "https://github.com/cfenollosa/os-tutorial",
    },
    "type": "user",
    "url": "https://github.com/cfenollosa",
    "username": "cfenollosa",
  },
  Object {
    "avatar": "https://avatars0.githubusercontent.com/u/6128107",
    "name": "vuejs",
    "repo": Object {
      "description": "🖖 A progressive, incrementally-adoptable JavaScript framework for building UI on the web.",
      "name": "vue",
      "url": "https://github.com/vuejs/vue",
    },
    "url": "https://github.com/vuejs",
    "username": "vuejs",
  },
  Object {
    "avatar": "https://avatars1.githubusercontent.com/u/1024025",
    "name": "Linus Torvalds",
    "repo": Object {
      "description": "Linux kernel source tree",
      "name": "linux",
      "url": "https://github.com/torvalds/linux",
    },
    "type": "user",
    "url": "https://github.com/torvalds",
    "username": "torvalds",
  },
  Object {
    "avatar": "https://avatars0.githubusercontent.com/u/47359",
    "name": "The Apache Software Foundation",
    "repo": Object {
      "description": "A powerful, interactive charting and visualization library for browser",
      "name": "incubator-echarts",
      "url": "https://github.com/apache/incubator-echarts",
    },
    "url": "https://github.com/apache",
    "username": "apache",
  },
  Object {
    "avatar": "https://avatars1.githubusercontent.com/u/170270",
    "name": "Sindre Sorhus",
    "repo": Object {
      "description": "😎 Curated list of awesome lists",
      "name": "awesome",
      "url": "https://github.com/sindresorhus/awesome",
    },
    "type": "user",
    "url": "https://github.com/sindresorhus",
    "username": "sindresorhus",
  },
  Object {
    "avatar": "https://avatars1.githubusercontent.com/u/150458",
    "name": "mntmn",
    "repo": Object {
      "description": "MNT VA2000, an Open Source Amiga 2/3/4000 Graphics Card (Zorro II/III), written in Verilog",
      "name": "amiga2000-gfxcard",
      "url": "https://github.com/mntmn/amiga2000-gfxcard",
    },
    "type": "user",
    "url": "https://github.com/mntmn",
    "username": "mntmn",
  },
  Object {
    "avatar": "https://avatars3.githubusercontent.com/u/4921183",
    "name": "Kamran Ahmed",
    "repo": Object {
      "description": "Roadmap to becoming a web developer in 2018",
      "name": "developer-roadmap",
      "url": "https://github.com/kamranahmedse/developer-roadmap",
    },
    "type": "user",
    "url": "https://github.com/kamranahmedse",
    "username": "kamranahmedse",
  },
  Object {
    "avatar": "https://avatars1.githubusercontent.com/u/16903644",
    "name": "Kevin Naughton Jr.",
    "repo": Object {
      "description": "Everything you need to know to get the job.",
      "name": "interviews",
      "url": "https://github.com/kdn251/interviews",
    },
    "type": "user",
    "url": "https://github.com/kdn251",
    "username": "kdn251",
  },
  Object {
    "avatar": "https://avatars3.githubusercontent.com/u/43479428",
    "name": "30 seconds",
    "repo": Object {
      "description": "Curated collection of useful JavaScript snippets that you can understand in 30 seconds or less.",
      "name": "30-seconds-of-code",
      "url": "https://github.com/30-seconds/30-seconds-of-code",
    },
    "url": "https://github.com/30-seconds",
    "username": "30-seconds",
  },
  Object {
    "avatar": "https://avatars2.githubusercontent.com/u/43819884",
    "name": "Hacktoberfest2018",
    "repo": Object {
      "description": "Add any Program in any language you like or add a hello world Program ❣️ if you like give us ⭐️",
      "name": "Hello-world",
      "url": "https://github.com/Hacktoberfest-2018/Hello-world",
    },
    "url": "https://github.com/Hacktoberfest-2018",
    "username": "Hacktoberfest-2018",
  },
  Object {
    "avatar": "https://avatars0.githubusercontent.com/u/13265495",
    "name": "HUA Yang",
    "repo": Object {
      "description": "2018/2019/校招/春招/秋招/算法/机器学习(Machine Learning)/深度学习(Deep Learning)/自然语言处理(NLP)/C/C++/Python/面试笔记",
      "name": "Algorithm_Interview_Notes-Chinese",
      "url": "https://github.com/imhuay/Algorithm_Interview_Notes-Chinese",
    },
    "type": "user",
    "url": "https://github.com/imhuay",
    "username": "imhuay",
  },
  Object {
    "avatar": "https://avatars3.githubusercontent.com/u/6295529",
    "name": "FOSSASIA",
    "repo": Object {
      "description": "The Open Event Organizer Server to Manage Events",
      "name": "open-event-server",
      "url": "https://github.com/fossasia/open-event-server",
    },
    "url": "https://github.com/fossasia",
    "username": "fossasia",
  },
]
`;

exports[`fetchRepositories() should match snapshot 1`] = `
Array [
  Object {
    "author": "pomber",
    "builtBy": Array [
      Object {
        "avatar": "https://avatars3.githubusercontent.com/u/1911623",
        "href": "https://github.com/pomber",
        "username": "pomber",
      },
      Object {
        "avatar": "https://avatars1.githubusercontent.com/u/309108",
        "href": "https://github.com/shayanb",
        "username": "shayanb",
      },
      Object {
        "avatar": "https://avatars2.githubusercontent.com/u/6759875",
        "href": "https://github.com/matt-watson90",
        "username": "matt-watson90",
      },
      Object {
        "avatar": "https://avatars1.githubusercontent.com/u/13152108",
        "href": "https://github.com/Arminkhodaei",
        "username": "Arminkhodaei",
      },
      Object {
        "avatar": "https://avatars2.githubusercontent.com/u/1651937",
        "href": "https://github.com/bchristie",
        "username": "bchristie",
      },
    ],
    "currentPeriodStars": 907,
    "description": "Quickly browse the history of any GitHub file",
    "forks": 146,
    "language": "JavaScript",
    "languageColor": "#f1e05a",
    "name": "git-history",
    "stars": 5282,
    "url": "https://github.com/pomber/git-history",
  },
  Object {
    "author": "trimstray",
    "builtBy": Array [
      Object {
        "avatar": "https://avatars1.githubusercontent.com/u/31127917",
        "href": "https://github.com/trimstray",
        "username": "trimstray",
      },
      Object {
        "avatar": "https://avatars3.githubusercontent.com/u/337779",
        "href": "https://github.com/cmbankester",
        "username": "cmbankester",
      },
      Object {
        "avatar": "https://avatars2.githubusercontent.com/u/530992",
        "href": "https://github.com/mbologna",
        "username": "mbologna",
      },
    ],
    "currentPeriodStars": 623,
    "description": "⚡️ This notes describes how to improve Nginx performance, security and other important things; ssllabs A+ 100%.",
    "forks": 136,
    "name": "nginx-quick-reference",
    "stars": 3271,
    "url": "https://github.com/trimstray/nginx-quick-reference",
  },
  Object {
    "author": "instantpage",
    "builtBy": Array [
      Object {
        "avatar": "https://avatars2.githubusercontent.com/u/1090744",
        "href": "https://github.com/dieulot",
        "username": "dieulot",
      },
    ],
    "currentPeriodStars": 552,
    "description": "Make your site’s pages instant in 1 minute and improve your conversion rate by 1%",
    "forks": 27,
    "language": "JavaScript",
    "languageColor": "#f1e05a",
    "name": "instant.page",
    "stars": 1070,
    "url": "https://github.com/instantpage/instant.page",
  },
  Object {
    "author": "swc-project",
    "builtBy": Array [
      Object {
        "avatar": "https://avatars3.githubusercontent.com/u/29931815",
        "href": "https://github.com/kdy1",
        "username": "kdy1",
      },
      Object {
        "avatar": "https://avatars1.githubusercontent.com/u/3105000",
        "href": "https://github.com/isavegas",
        "username": "isavegas",
      },
      Object {
        "avatar": "https://avatars3.githubusercontent.com/u/475494",
        "href": "https://github.com/adamiak",
        "username": "adamiak",
      },
      Object {
        "avatar": "https://avatars1.githubusercontent.com/u/1611595",
        "href": "https://github.com/fabiosantoscode",
        "username": "fabiosantoscode",
      },
    ],
    "currentPeriodStars": 520,
    "description": "Super-fast javascript to javascript compiler written in rust",
    "forks": 56,
    "language": "Rust",
    "languageColor": "#dea584",
    "name": "swc",
    "stars": 4007,
    "url": "https://github.com/swc-project/swc",
  },
  Object {
    "author": "kmario23",
    "builtBy": Array [
      Object {
        "avatar": "https://avatars0.githubusercontent.com/u/5196297",
        "href": "https://github.com/kmario23",
        "username": "kmario23",
      },
      Object {
        "avatar": "https://avatars2.githubusercontent.com/u/3519772",
        "href": "https://github.com/ankitshah009",
        "username": "ankitshah009",
      },
      Object {
        "avatar": "https://avatars0.githubusercontent.com/u/34144399",
        "href": "https://github.com/ngocdha",
        "username": "ngocdha",
      },
    ],
    "currentPeriodStars": 439,
    "description": "Drench yourself in Deep Learning, Reinforcement Learning, Machine Learning, Computer Vision, and NLP by learning from these exciting lectures!!",
    "forks": 267,
    "name": "deep-learning-drizzle",
    "stars": 2035,
    "url": "https://github.com/kmario23/deep-learning-drizzle",
  },
  Object {
    "author": "google",
    "builtBy": Array [
      Object {
        "avatar": "https://avatars2.githubusercontent.com/u/8731250",
        "href": "https://github.com/inferno-chromium",
        "username": "inferno-chromium",
      },
      Object {
        "avatar": "https://avatars2.githubusercontent.com/u/759062",
        "href": "https://github.com/oliverchang",
        "username": "oliverchang",
      },
      Object {
        "avatar": "https://avatars1.githubusercontent.com/u/3372458",
        "href": "https://github.com/Dor1s",
        "username": "Dor1s",
      },
      Object {
        "avatar": "https://avatars1.githubusercontent.com/u/31354670",
        "href": "https://github.com/jonathanmetzman",
        "username": "jonathanmetzman",
      },
      Object {
        "avatar": "https://avatars0.githubusercontent.com/u/41697236",
        "href": "https://github.com/mbarbella-chromium",
        "username": "mbarbella-chromium",
      },
    ],
    "currentPeriodStars": 397,
    "description": "All your bug are belong to us.",
    "forks": 118,
    "language": "Python",
    "languageColor": "#3572A5",
    "name": "clusterfuzz",
    "stars": 2170,
    "url": "https://github.com/google/clusterfuzz",
  },
  Object {
    "author": "b3log",
    "builtBy": Array [
      Object {
        "avatar": "https://avatars3.githubusercontent.com/u/970828",
        "href": "https://github.com/Vanessa219",
        "username": "Vanessa219",
      },
      Object {
        "avatar": "https://avatars1.githubusercontent.com/u/873584",
        "href": "https://github.com/88250",
        "username": "88250",
      },
    ],
    "currentPeriodStars": 372,
    "description": "♏ 一款浏览器端的 Markdown 编辑器，使用 TypeScript 实现。",
    "forks": 7,
    "language": "TypeScript",
    "languageColor": "#2b7489",
    "name": "vditor",
    "stars": 383,
    "url": "https://github.com/b3log/vditor",
  },
  Object {
    "author": "kamranahmedse",
    "builtBy": Array [
      Object {
        "avatar": "https://avatars1.githubusercontent.com/u/4921183",
        "href": "https://github.com/kamranahmedse",
        "username": "kamranahmedse",
      },
      Object {
        "avatar": "https://avatars0.githubusercontent.com/u/4408379",
        "href": "https://github.com/lex111",
        "username": "lex111",
      },
      Object {
        "avatar": "https://avatars3.githubusercontent.com/u/960133",
        "href": "https://github.com/ahmadawais",
        "username": "ahmadawais",
      },
      Object {
        "avatar": "https://avatars0.githubusercontent.com/u/34530026",
        "href": "https://github.com/acp",
        "username": "acp",
      },
      Object {
        "avatar": "https://avatars1.githubusercontent.com/u/7865693",
        "href": "https://github.com/asadmansr",
        "username": "asadmansr",
      },
    ],
    "currentPeriodStars": 350,
    "description": "Roadmap to becoming a web developer in 2019",
    "forks": 11270,
    "name": "developer-roadmap",
    "stars": 72581,
    "url": "https://github.com/kamranahmedse/developer-roadmap",
  },
  Object {
    "author": "kleampa",
    "builtBy": Array [
      Object {
        "avatar": "https://avatars3.githubusercontent.com/u/1394512",
        "href": "https://github.com/kleampa",
        "username": "kleampa",
      },
      Object {
        "avatar": "https://avatars2.githubusercontent.com/u/6906912",
        "href": "https://github.com/eric-gm",
        "username": "eric-gm",
      },
      Object {
        "avatar": "https://avatars0.githubusercontent.com/u/12194983",
        "href": "https://github.com/ArbaazDossani",
        "username": "ArbaazDossani",
      },
    ],
    "currentPeriodStars": 344,
    "description": "Client did not pay? Add opacity to the body tag and decrease it every day until their site completely fades away",
    "forks": 286,
    "language": "JavaScript",
    "languageColor": "#f1e05a",
    "name": "not-paid",
    "stars": 4368,
    "url": "https://github.com/kleampa/not-paid",
  },
  Object {
    "author": "imthenachoman",
    "builtBy": Array [
      Object {
        "avatar": "https://avatars2.githubusercontent.com/u/83817",
        "href": "https://github.com/imthenachoman",
        "username": "imthenachoman",
      },
      Object {
        "avatar": "https://avatars0.githubusercontent.com/u/10700721",
        "href": "https://github.com/rodolfo-r",
        "username": "rodolfo-r",
      },
    ],
    "currentPeriodStars": 321,
    "description": "An evolving how-to guide for securing a Linux server.",
    "forks": 18,
    "name": "How-To-Secure-A-Linux-Server",
    "stars": 462,
    "url": "https://github.com/imthenachoman/How-To-Secure-A-Linux-Server",
  },
  Object {
    "author": "toddmotto",
    "builtBy": Array [
      Object {
        "avatar": "https://avatars2.githubusercontent.com/u/15134885",
        "href": "https://github.com/davemachado",
        "username": "davemachado",
      },
      Object {
        "avatar": "https://avatars0.githubusercontent.com/u/354085",
        "href": "https://github.com/mikestreety",
        "username": "mikestreety",
      },
      Object {
        "avatar": "https://avatars0.githubusercontent.com/u/246103",
        "href": "https://github.com/jbrooksuk",
        "username": "jbrooksuk",
      },
      Object {
        "avatar": "https://avatars3.githubusercontent.com/u/1655968",
        "href": "https://github.com/toddmotto",
        "username": "toddmotto",
      },
      Object {
        "avatar": "https://avatars1.githubusercontent.com/u/176013",
        "href": "https://github.com/wesbos",
        "username": "wesbos",
      },
    ],
    "currentPeriodStars": 273,
    "description": "A collective list of free APIs for use in software and web development.",
    "forks": 5094,
    "language": "Python",
    "languageColor": "#3572A5",
    "name": "public-apis",
    "stars": 50061,
    "url": "https://github.com/toddmotto/public-apis",
  },
  Object {
    "author": "gto76",
    "builtBy": Array [
      Object {
        "avatar": "https://avatars0.githubusercontent.com/u/1396046",
        "href": "https://github.com/gto76",
        "username": "gto76",
      },
      Object {
        "avatar": "https://avatars0.githubusercontent.com/u/1421526",
        "href": "https://github.com/theconsultant",
        "username": "theconsultant",
      },
      Object {
        "avatar": "https://avatars0.githubusercontent.com/u/20489521",
        "href": "https://github.com/tweakimp",
        "username": "tweakimp",
      },
      Object {
        "avatar": "https://avatars1.githubusercontent.com/u/26791",
        "href": "https://github.com/mdevlin72",
        "username": "mdevlin72",
      },
      Object {
        "avatar": "https://avatars2.githubusercontent.com/u/2019313",
        "href": "https://github.com/tilboerner",
        "username": "tilboerner",
      },
    ],
    "currentPeriodStars": 265,
    "description": "Comprehensive Python Cheatsheet",
    "forks": 451,
    "language": "Python",
    "languageColor": "#3572A5",
    "name": "python-cheatsheet",
    "stars": 2742,
    "url": "https://github.com/gto76/python-cheatsheet",
  },
  Object {
    "author": "vasyop",
    "builtBy": Array [
      Object {
        "avatar": "https://avatars3.githubusercontent.com/u/17903679",
        "href": "https://github.com/vasyop",
        "username": "vasyop",
      },
      Object {
        "avatar": "https://avatars0.githubusercontent.com/u/26602940",
        "href": "https://github.com/0xflotus",
        "username": "0xflotus",
      },
      Object {
        "avatar": "https://avatars0.githubusercontent.com/u/22273882",
        "href": "https://github.com/Timdpr",
        "username": "Timdpr",
      },
    ],
    "currentPeriodStars": 263,
    "description": "A simple stack-based virtual machine that runs C in the browser.",
    "forks": 20,
    "language": "JavaScript",
    "languageColor": "#f1e05a",
    "name": "miniC-hosting",
    "stars": 349,
    "url": "https://github.com/vasyop/miniC-hosting",
  },
  Object {
    "author": "klaussinani",
    "builtBy": Array [
      Object {
        "avatar": "https://avatars3.githubusercontent.com/u/12670537",
        "href": "https://github.com/klaussinani",
        "username": "klaussinani",
      },
      Object {
        "avatar": "https://avatars2.githubusercontent.com/u/10008440",
        "href": "https://github.com/davutkara",
        "username": "davutkara",
      },
    ],
    "currentPeriodStars": 252,
    "description": "💬 Minimal interactive command-line prompts",
    "forks": 10,
    "language": "JavaScript",
    "languageColor": "#f1e05a",
    "name": "qoa",
    "stars": 610,
    "url": "https://github.com/klaussinani/qoa",
  },
  Object {
    "author": "Ullaakut",
    "builtBy": Array [
      Object {
        "avatar": "https://avatars3.githubusercontent.com/u/6976628",
        "href": "https://github.com/Ullaakut",
        "username": "Ullaakut",
      },
    ],
    "currentPeriodStars": 236,
    "description": "Gorsair hacks its way into remote docker containers that expose their APIs.",
    "forks": 25,
    "language": "Go",
    "languageColor": "#00ADD8",
    "name": "Gorsair",
    "stars": 380,
    "url": "https://github.com/Ullaakut/Gorsair",
  },
  Object {
    "author": "transloadit",
    "builtBy": Array [
      Object {
        "avatar": "https://avatars1.githubusercontent.com/u/1199054",
        "href": "https://github.com/arturi",
        "username": "arturi",
      },
      Object {
        "avatar": "https://avatars0.githubusercontent.com/u/1006268",
        "href": "https://github.com/goto-bus-stop",
        "username": "goto-bus-stop",
      },
      Object {
        "avatar": "https://avatars1.githubusercontent.com/u/26752",
        "href": "https://github.com/kvz",
        "username": "kvz",
      },
      Object {
        "avatar": "https://avatars1.githubusercontent.com/u/2524280",
        "href": "https://github.com/hedgerh",
        "username": "hedgerh",
      },
      Object {
        "avatar": "https://avatars2.githubusercontent.com/u/8383781",
        "href": "https://github.com/ifedapoolarewaju",
        "username": "ifedapoolarewaju",
      },
    ],
    "currentPeriodStars": 236,
    "description": "The next open source file uploader for web browsers 🐶",
    "forks": 634,
    "language": "JavaScript",
    "languageColor": "#f1e05a",
    "name": "uppy",
    "stars": 13368,
    "url": "https://github.com/transloadit/uppy",
  },
  Object {
    "author": "NVlabs",
    "builtBy": Array [
      Object {
        "avatar": "https://avatars0.githubusercontent.com/u/3089181",
        "href": "https://github.com/tkarras",
        "username": "tkarras",
      },
    ],
    "currentPeriodStars": 208,
    "description": "StyleGAN - Official TensorFlow Implementation",
    "forks": 143,
    "language": "Python",
    "languageColor": "#3572A5",
    "name": "stylegan",
    "stars": 1427,
    "url": "https://github.com/NVlabs/stylegan",
  },
  Object {
    "author": "nextapps-de",
    "builtBy": Array [
      Object {
        "avatar": "https://avatars3.githubusercontent.com/u/12898005",
        "href": "https://github.com/ts-thomas",
        "username": "ts-thomas",
      },
      Object {
        "avatar": "https://avatars0.githubusercontent.com/u/8191198",
        "href": "https://github.com/aslafy-z",
        "username": "aslafy-z",
      },
      Object {
        "avatar": "https://avatars0.githubusercontent.com/u/1141869",
        "href": "https://github.com/TehShrike",
        "username": "TehShrike",
      },
      Object {
        "avatar": "https://avatars0.githubusercontent.com/u/26602940",
        "href": "https://github.com/0xflotus",
        "username": "0xflotus",
      },
    ],
    "currentPeriodStars": 197,
    "description": "Next-Generation full text search library for Browser and Node.js",
    "forks": 74,
    "language": "JavaScript",
    "languageColor": "#f1e05a",
    "name": "flexsearch",
    "stars": 3471,
    "url": "https://github.com/nextapps-de/flexsearch",
  },
  Object {
    "author": "trekhleb",
    "builtBy": Array [
      Object {
        "avatar": "https://avatars0.githubusercontent.com/u/3000285",
        "href": "https://github.com/trekhleb",
        "username": "trekhleb",
      },
      Object {
        "avatar": "https://avatars0.githubusercontent.com/u/29200109",
        "href": "https://github.com/m-maksyutin",
        "username": "m-maksyutin",
      },
      Object {
        "avatar": "https://avatars0.githubusercontent.com/u/13618860",
        "href": "https://github.com/appleJax",
        "username": "appleJax",
      },
      Object {
        "avatar": "https://avatars1.githubusercontent.com/u/2787876",
        "href": "https://github.com/albertstill",
        "username": "albertstill",
      },
      Object {
        "avatar": "https://avatars3.githubusercontent.com/u/29892368",
        "href": "https://github.com/moshejs",
        "username": "moshejs",
      },
    ],
    "currentPeriodStars": 176,
    "description": "📝 Algorithms and data structures implemented in JavaScript with explanations and links to further readings",
    "forks": 5984,
    "language": "JavaScript",
    "languageColor": "#f1e05a",
    "name": "javascript-algorithms",
    "stars": 44272,
    "url": "https://github.com/trekhleb/javascript-algorithms",
  },
  Object {
    "author": "MoienTajik",
    "builtBy": Array [
      Object {
        "avatar": "https://avatars2.githubusercontent.com/u/21059063",
        "href": "https://github.com/MoienTajik",
        "username": "MoienTajik",
      },
      Object {
        "avatar": "https://avatars0.githubusercontent.com/u/22220356",
        "href": "https://github.com/devSoheilAlizadeh",
        "username": "devSoheilAlizadeh",
      },
      Object {
        "avatar": "https://avatars3.githubusercontent.com/u/47097845",
        "href": "https://github.com/arunpratap26",
        "username": "arunpratap26",
      },
      Object {
        "avatar": "https://avatars3.githubusercontent.com/u/23256135",
        "href": "https://github.com/mjebrahimi",
        "username": "mjebrahimi",
      },
    ],
    "currentPeriodStars": 179,
    "description": "Roadmap to becoming an ASP.NET Core developer in 2019",
    "forks": 20,
    "name": "AspNetCore-Developer-Roadmap",
    "stars": 288,
    "url": "https://github.com/MoienTajik/AspNetCore-Developer-Roadmap",
  },
  Object {
    "author": "felixrieseberg",
    "builtBy": Array [
      Object {
        "avatar": "https://avatars2.githubusercontent.com/u/1426799",
        "href": "https://github.com/felixrieseberg",
        "username": "felixrieseberg",
      },
      Object {
        "avatar": "https://avatars2.githubusercontent.com/u/2018336",
        "href": "https://github.com/toolboc",
        "username": "toolboc",
      },
      Object {
        "avatar": "https://avatars0.githubusercontent.com/u/11417",
        "href": "https://github.com/malept",
        "username": "malept",
      },
      Object {
        "avatar": "https://avatars0.githubusercontent.com/u/27713",
        "href": "https://github.com/argan",
        "username": "argan",
      },
      Object {
        "avatar": "https://avatars1.githubusercontent.com/u/13558253",
        "href": "https://github.com/benwiley4000",
        "username": "benwiley4000",
      },
    ],
    "currentPeriodStars": 167,
    "description": "💩🚀 Windows 95 in Electron. Runs on macOS, Linux, and Windows.",
    "forks": 832,
    "language": "JavaScript",
    "languageColor": "#f1e05a",
    "name": "windows95",
    "stars": 14479,
    "url": "https://github.com/felixrieseberg/windows95",
  },
  Object {
    "author": "brightmart",
    "builtBy": Array [
      Object {
        "avatar": "https://avatars3.githubusercontent.com/u/19634224",
        "href": "https://github.com/brightmart",
        "username": "brightmart",
      },
    ],
    "currentPeriodStars": 150,
    "description": "大规模中文自然语言处理语料 Large Scale Chinese Corpus for NLP",
    "forks": 26,
    "name": "nlp_chinese_corpus",
    "stars": 183,
    "url": "https://github.com/brightmart/nlp_chinese_corpus",
  },
  Object {
    "author": "react-native-community",
    "builtBy": Array [
      Object {
        "avatar": "https://avatars0.githubusercontent.com/u/1857282",
        "href": "https://github.com/dabit3",
        "username": "dabit3",
      },
      Object {
        "avatar": "https://avatars0.githubusercontent.com/u/3721734",
        "href": "https://github.com/melihberberolu",
        "username": "melihberberolu",
      },
      Object {
        "avatar": "https://avatars0.githubusercontent.com/u/11532969",
        "href": "https://github.com/webtaculars",
        "username": "webtaculars",
      },
      Object {
        "avatar": "https://avatars0.githubusercontent.com/u/3476299",
        "href": "https://github.com/jozn",
        "username": "jozn",
      },
      Object {
        "avatar": "https://avatars2.githubusercontent.com/u/6789822",
        "href": "https://github.com/faahmad",
        "username": "faahmad",
      },
    ],
    "currentPeriodStars": 152,
    "description": "React Native APIs turned into React Hooks for use in functional React components",
    "forks": 16,
    "language": "JavaScript",
    "languageColor": "#f1e05a",
    "name": "react-native-hooks",
    "stars": 714,
    "url": "https://github.com/react-native-community/react-native-hooks",
  },
  Object {
    "author": "The-Art-of-Hacking",
    "builtBy": Array [
      Object {
        "avatar": "https://avatars0.githubusercontent.com/u/1690898",
        "href": "https://github.com/santosomar",
        "username": "santosomar",
      },
      Object {
        "avatar": "https://avatars0.githubusercontent.com/u/3452940",
        "href": "https://github.com/chris-mccoy",
        "username": "chris-mccoy",
      },
      Object {
        "avatar": "https://avatars3.githubusercontent.com/u/7447873",
        "href": "https://github.com/marky1124",
        "username": "marky1124",
      },
      Object {
        "avatar": "https://avatars3.githubusercontent.com/u/19589567",
        "href": "https://github.com/lduck11007",
        "username": "lduck11007",
      },
    ],
    "currentPeriodStars": 140,
    "description": "This repository is primarily maintained by Omar Santos and includes resources related to ethical hacking / penetration testing, digital forensics and incident response (DFIR), vulnerability research, exploit development, reverse engineering, and more.",
    "forks": 277,
    "language": "Java",
    "languageColor": "#b07219",
    "name": "h4cker",
    "stars": 1871,
    "url": "https://github.com/The-Art-of-Hacking/h4cker",
  },
  Object {
    "author": "elastic",
    "builtBy": Array [
      Object {
        "avatar": "https://avatars0.githubusercontent.com/u/4790",
        "href": "https://github.com/karmi",
        "username": "karmi",
      },
    ],
    "currentPeriodStars": 142,
    "description": "The official Go client for Elasticsearch",
    "forks": 42,
    "language": "Go",
    "languageColor": "#00ADD8",
    "name": "go-elasticsearch",
    "stars": 694,
    "url": "https://github.com/elastic/go-elasticsearch",
  },
]
`;
