// Jest Snapshot v1, https://goo.gl/fbAQLP

exports[`fetchDevelopers() should match snapshot 1`] = `
Array [
  Object {
    "avatar": "https://avatars3.githubusercontent.com/u/114509",
    "name": "Peter Bourgon",
    "repo": Object {
      "description": "A disk-backed key-value store.",
      "name": "diskv",
      "url": "https://github.com/peterbourgon/diskv",
    },
    "type": "user",
    "url": "https://github.com/peterbourgon",
    "username": "peterbourgon",
  },
  Object {
    "avatar": "https://avatars2.githubusercontent.com/u/1412254",
    "name": "Pierre Krieger",
    "repo": Object {
      "description": "Web framework in Rust",
      "name": "rouille",
      "url": "https://github.com/tomaka/rouille",
    },
    "type": "user",
    "url": "https://github.com/tomaka",
    "username": "tomaka",
  },
  Object {
    "avatar": "https://avatars1.githubusercontent.com/u/6180",
    "name": "Carl Lerche",
    "repo": Object {
      "description": "A fast, boilerplate free, web framework for Rust",
      "name": "tower-web",
      "url": "https://github.com/carllerche/tower-web",
    },
    "type": "user",
    "url": "https://github.com/carllerche",
    "username": "carllerche",
  },
  Object {
    "avatar": "https://avatars1.githubusercontent.com/u/1926905",
    "name": "Matt Layher",
    "repo": Object {
      "description": "Package netlink provides low-level access to Linux netlink sockets. MIT Licensed.",
      "name": "netlink",
      "url": "https://github.com/mdlayher/netlink",
    },
    "type": "user",
    "url": "https://github.com/mdlayher",
    "username": "mdlayher",
  },
  Object {
    "avatar": "https://avatars1.githubusercontent.com/u/1264099",
    "name": "Claudio Sanches",
    "repo": Object {
      "description": "Bootstrap for create a WordPress plugin",
      "name": "wordpress-plugin-boilerplate",
      "url": "https://github.com/claudiosanches/wordpress-plugin-boilerplate",
    },
    "type": "user",
    "url": "https://github.com/claudiosanches",
    "username": "claudiosanches",
  },
  Object {
    "avatar": "https://avatars0.githubusercontent.com/u/862914",
    "name": "Jeremy Long",
    "repo": Object {
      "description": "OWASP dependency-check is a software composition analysis utility that detects publicly disclosed vulnerabilities in application dependencies.",
      "name": "DependencyCheck",
      "url": "https://github.com/jeremylong/DependencyCheck",
    },
    "type": "user",
    "url": "https://github.com/jeremylong",
    "username": "jeremylong",
  },
  Object {
    "avatar": "https://avatars3.githubusercontent.com/u/1426370",
    "name": "Eddy Verbruggen",
    "repo": Object {
      "description": "👨‍❤️‍💋‍👨 Cordova plugin to share text, a file (image/PDF/..), or a URL (or all three) via the native sharing widget",
      "name": "SocialSharing-PhoneGap-Plugin",
      "url": "https://github.com/EddyVerbruggen/SocialSharing-PhoneGap-Plugin",
    },
    "type": "user",
    "url": "https://github.com/EddyVerbruggen",
    "username": "EddyVerbruggen",
  },
  Object {
    "avatar": "https://avatars1.githubusercontent.com/u/5966783",
    "name": "Kyle",
    "repo": Object {
      "description": "Composer plugin to rise warnings on update, suggest migration processes",
      "name": "update-helper",
      "url": "https://github.com/kylekatarnls/update-helper",
    },
    "type": "user",
    "url": "https://github.com/kylekatarnls",
    "username": "kylekatarnls",
  },
  Object {
    "avatar": "https://avatars3.githubusercontent.com/u/481677",
    "name": "Jeff Geerling",
    "repo": Object {
      "description": "Mac setup and configuration via Ansible.",
      "name": "mac-dev-playbook",
      "url": "https://github.com/geerlingguy/mac-dev-playbook",
    },
    "type": "user",
    "url": "https://github.com/geerlingguy",
    "username": "geerlingguy",
  },
  Object {
    "avatar": "https://avatars0.githubusercontent.com/u/349751",
    "name": "Kirk Wight",
    "repo": Object {
      "description": "A React-powered WordPress theme prototype.",
      "name": "tango",
      "url": "https://github.com/kwight/tango",
    },
    "type": "user",
    "url": "https://github.com/kwight",
    "username": "kwight",
  },
  Object {
    "avatar": "https://avatars1.githubusercontent.com/u/191758",
    "name": "Daniel Shiffman",
    "repo": Object {
      "description": "A repo for examples from the book Learning Processing",
      "name": "LearningProcessing",
      "url": "https://github.com/shiffman/LearningProcessing",
    },
    "type": "user",
    "url": "https://github.com/shiffman",
    "username": "shiffman",
  },
  Object {
    "avatar": "https://avatars3.githubusercontent.com/u/635902",
    "name": "子骅",
    "repo": Object {
      "description": "💻 Medis is a beautiful, easy-to-use Mac database management application for Redis.",
      "name": "medis",
      "url": "https://github.com/luin/medis",
    },
    "type": "user",
    "url": "https://github.com/luin",
    "username": "luin",
  },
  Object {
    "avatar": "https://avatars0.githubusercontent.com/u/5718007",
    "name": "Bastian Köcher",
    "repo": Object {
      "description": "Picoquic bindings for rust.",
      "name": "picoquic-rs",
      "url": "https://github.com/bkchr/picoquic-rs",
    },
    "type": "user",
    "url": "https://github.com/bkchr",
    "username": "bkchr",
  },
  Object {
    "avatar": "https://avatars1.githubusercontent.com/u/359239",
    "name": "Brendan Forster",
    "repo": Object {
      "description": "Fork of GitHub Desktop to support various Linux distributions",
      "name": "desktop",
      "url": "https://github.com/shiftkey/desktop",
    },
    "type": "user",
    "url": "https://github.com/shiftkey",
    "username": "shiftkey",
  },
  Object {
    "avatar": "https://avatars0.githubusercontent.com/u/26936",
    "name": "Benjamin Eberlei",
    "repo": Object {
      "description": "Thin assertion library for use in libraries and business-model",
      "name": "assert",
      "url": "https://github.com/beberlei/assert",
    },
    "type": "user",
    "url": "https://github.com/beberlei",
    "username": "beberlei",
  },
  Object {
    "avatar": "https://avatars3.githubusercontent.com/u/154748",
    "name": "Tim Griesser",
    "repo": Object {
      "description": "A query builder for PostgreSQL, MySQL and SQLite3, designed to be flexible, portable, and fun to use.",
      "name": "knex",
      "url": "https://github.com/tgriesser/knex",
    },
    "type": "user",
    "url": "https://github.com/tgriesser",
    "username": "tgriesser",
  },
  Object {
    "avatar": "https://avatars3.githubusercontent.com/u/695473",
    "name": "Sascha Grunert",
    "repo": Object {
      "description": "A web application completely written in Rust. 🌍",
      "name": "webapp.rs",
      "url": "https://github.com/saschagrunert/webapp.rs",
    },
    "type": "user",
    "url": "https://github.com/saschagrunert",
    "username": "saschagrunert",
  },
  Object {
    "avatar": "https://avatars0.githubusercontent.com/u/663378",
    "name": "Juliette",
    "repo": Object {
      "description": "Extended version of the Blueshoes PHP cheat sheet for variable type juggling",
      "name": "PHP-cheat-sheet-extended",
      "url": "https://github.com/jrfnl/PHP-cheat-sheet-extended",
    },
    "type": "user",
    "url": "https://github.com/jrfnl",
    "username": "jrfnl",
  },
  Object {
    "avatar": "https://avatars2.githubusercontent.com/u/245435",
    "name": "Carlos Alexandro Becker",
    "repo": Object {
      "description": "Simple lib to parse envs to structs",
      "name": "env",
      "url": "https://github.com/caarlos0/env",
    },
    "type": "user",
    "url": "https://github.com/caarlos0",
    "username": "caarlos0",
  },
  Object {
    "avatar": "https://avatars1.githubusercontent.com/u/208434",
    "name": "John Blackbourn",
    "repo": Object {
      "description": "The Developer Tools Panel for WordPress",
      "name": "query-monitor",
      "url": "https://github.com/johnbillion/query-monitor",
    },
    "type": "user",
    "url": "https://github.com/johnbillion",
    "username": "johnbillion",
  },
  Object {
    "avatar": "https://avatars2.githubusercontent.com/u/322576",
    "name": "Harry Wolff",
    "repo": Object {
      "description": "HackerNews made with AngularJS 2.0.",
      "name": "hn-ng2",
      "url": "https://github.com/hswolff/hn-ng2",
    },
    "type": "user",
    "url": "https://github.com/hswolff",
    "username": "hswolff",
  },
  Object {
    "avatar": "https://avatars3.githubusercontent.com/u/8571500",
    "name": "Yoni Goldberg",
    "repo": Object {
      "description": "✅ The largest Node.js best practices list (May 2019)",
      "name": "nodebestpractices",
      "url": "https://github.com/i0natan/nodebestpractices",
    },
    "type": "user",
    "url": "https://github.com/i0natan",
    "username": "i0natan",
  },
  Object {
    "avatar": "https://avatars0.githubusercontent.com/u/8855632",
    "name": "Felix Angelov",
    "repo": Object {
      "description": "A predictable state management library that helps implement the BLoC design pattern",
      "name": "bloc",
      "url": "https://github.com/felangel/bloc",
    },
    "type": "user",
    "url": "https://github.com/felangel",
    "username": "felangel",
  },
  Object {
    "avatar": "https://avatars0.githubusercontent.com/u/61341",
    "name": "Rob Moran",
    "repo": Object {
      "description": "Node.js implementation of the WebUSB Specification",
      "name": "webusb",
      "url": "https://github.com/thegecko/webusb",
    },
    "type": "user",
    "url": "https://github.com/thegecko",
    "username": "thegecko",
  },
  Object {
    "avatar": "https://avatars3.githubusercontent.com/u/6567687",
    "name": "Ayrat Badykov",
    "repo": Object {
      "description": "Elixir implementation of CLOPE: A Fast and Effective Clustering Algorithm for Transactional Data",
      "name": "clope",
      "url": "https://github.com/ayrat555/clope",
    },
    "type": "user",
    "url": "https://github.com/ayrat555",
    "username": "ayrat555",
  },
]
`;

exports[`fetchRepositories() should match snapshot 1`] = `
Array [
  Object {
    "author": "bokeh",
    "avatar": "https://github.com/bokeh.png",
    "builtBy": Array [
      Object {
        "avatar": "https://avatars1.githubusercontent.com/u/1078448",
        "href": "https://github.com/bryevdv",
        "username": "bryevdv",
      },
      Object {
        "avatar": "https://avatars0.githubusercontent.com/u/27475",
        "href": "https://github.com/mattpap",
        "username": "mattpap",
      },
      Object {
        "avatar": "https://avatars1.githubusercontent.com/u/1640669",
        "href": "https://github.com/damianavila",
        "username": "damianavila",
      },
      Object {
        "avatar": "https://avatars1.githubusercontent.com/u/1796208",
        "href": "https://github.com/birdsarah",
        "username": "birdsarah",
      },
      Object {
        "avatar": "https://avatars0.githubusercontent.com/u/1084690",
        "href": "https://github.com/fpliger",
        "username": "fpliger",
      },
    ],
    "currentPeriodStars": 72,
    "description": "Interactive Web Plotting for Python",
    "forks": 2599,
    "language": "Python",
    "languageColor": "#3572A5",
    "name": "bokeh",
    "stars": 9727,
    "url": "https://github.com/bokeh/bokeh",
  },
  Object {
    "author": "citusdata",
    "avatar": "https://github.com/citusdata.png",
    "builtBy": Array [
      Object {
        "avatar": "https://avatars3.githubusercontent.com/u/7829470",
        "href": "https://github.com/onderkalaci",
        "username": "onderkalaci",
      },
      Object {
        "avatar": "https://avatars0.githubusercontent.com/u/50673",
        "href": "https://github.com/jasonmp85",
        "username": "jasonmp85",
      },
      Object {
        "avatar": "https://avatars2.githubusercontent.com/u/529570",
        "href": "https://github.com/marcoslot",
        "username": "marcoslot",
      },
      Object {
        "avatar": "https://avatars1.githubusercontent.com/u/7127240",
        "href": "https://github.com/marcocitus",
        "username": "marcocitus",
      },
      Object {
        "avatar": "https://avatars1.githubusercontent.com/u/9413470",
        "href": "https://github.com/mtuncer",
        "username": "mtuncer",
      },
    ],
    "currentPeriodStars": 28,
    "description": "Scalable PostgreSQL for multi-tenant and real-time analytics workloads",
    "forks": 266,
    "language": "C",
    "languageColor": "#555555",
    "name": "citus",
    "stars": 3535,
    "url": "https://github.com/citusdata/citus",
  },
  Object {
    "author": "mozilla-mobile",
    "avatar": "https://github.com/mozilla-mobile.png",
    "builtBy": Array [
      Object {
        "avatar": "https://avatars3.githubusercontent.com/u/25442310",
        "href": "https://github.com/ekager",
        "username": "ekager",
      },
      Object {
        "avatar": "https://avatars3.githubusercontent.com/u/1250545",
        "href": "https://github.com/boek",
        "username": "boek",
      },
      Object {
        "avatar": "https://avatars1.githubusercontent.com/u/4400286",
        "href": "https://github.com/sblatz",
        "username": "sblatz",
      },
      Object {
        "avatar": "https://avatars2.githubusercontent.com/u/626405",
        "href": "https://github.com/colintheshots",
        "username": "colintheshots",
      },
      Object {
        "avatar": "https://avatars2.githubusercontent.com/u/89638",
        "href": "https://github.com/pocmo",
        "username": "pocmo",
      },
    ],
    "currentPeriodStars": 41,
    "description": "Fenix is not your parent's Android browser.",
    "forks": 138,
    "language": "Kotlin",
    "languageColor": "#F18E33",
    "name": "fenix",
    "stars": 1501,
    "url": "https://github.com/mozilla-mobile/fenix",
  },
  Object {
    "author": "expo",
    "avatar": "https://github.com/expo.png",
    "builtBy": Array [
      Object {
        "avatar": "https://avatars3.githubusercontent.com/u/1316332",
        "href": "https://github.com/terribleben",
        "username": "terribleben",
      },
      Object {
        "avatar": "https://avatars1.githubusercontent.com/u/90494",
        "href": "https://github.com/brentvatne",
        "username": "brentvatne",
      },
      Object {
        "avatar": "https://avatars1.githubusercontent.com/u/379606",
        "href": "https://github.com/ide",
        "username": "ide",
      },
      Object {
        "avatar": "https://avatars1.githubusercontent.com/u/1151041",
        "href": "https://github.com/sjchmiela",
        "username": "sjchmiela",
      },
      Object {
        "avatar": "https://avatars2.githubusercontent.com/u/1348527",
        "href": "https://github.com/jesseruder",
        "username": "jesseruder",
      },
    ],
    "currentPeriodStars": 27,
    "description": "The Expo platform for making cross-platform mobile apps",
    "forks": 765,
    "language": "Objective-C",
    "languageColor": "#438eff",
    "name": "expo",
    "stars": 6617,
    "url": "https://github.com/expo/expo",
  },
  Object {
    "author": "ng-select",
    "avatar": "https://github.com/ng-select.png",
    "builtBy": Array [
      Object {
        "avatar": "https://avatars2.githubusercontent.com/u/17824796",
        "href": "https://github.com/varnastadeus",
        "username": "varnastadeus",
      },
      Object {
        "avatar": "https://avatars3.githubusercontent.com/u/3028012",
        "href": "https://github.com/anjmao",
        "username": "anjmao",
      },
      Object {
        "avatar": "https://avatars0.githubusercontent.com/u/1753742",
        "href": "https://github.com/aitboudad",
        "username": "aitboudad",
      },
      Object {
        "avatar": "https://avatars1.githubusercontent.com/u/17032495",
        "href": "https://github.com/benjaminlefevre",
        "username": "benjaminlefevre",
      },
      Object {
        "avatar": "https://avatars0.githubusercontent.com/u/34985845",
        "href": "https://github.com/atakchidi",
        "username": "atakchidi",
      },
    ],
    "currentPeriodStars": 9,
    "description": "⭐️ Native angular 6+ select component",
    "forks": 385,
    "language": "TypeScript",
    "languageColor": "#2b7489",
    "name": "ng-select",
    "stars": 1593,
    "url": "https://github.com/ng-select/ng-select",
  },
  Object {
    "author": "gorilla",
    "avatar": "https://github.com/gorilla.png",
    "builtBy": Array [
      Object {
        "avatar": "https://avatars1.githubusercontent.com/u/58618",
        "href": "https://github.com/kisielk",
        "username": "kisielk",
      },
      Object {
        "avatar": "https://avatars2.githubusercontent.com/u/18544",
        "href": "https://github.com/elithrar",
        "username": "elithrar",
      },
      Object {
        "avatar": "https://avatars0.githubusercontent.com/u/3164",
        "href": "https://github.com/moraes",
        "username": "moraes",
      },
      Object {
        "avatar": "https://avatars1.githubusercontent.com/u/2056461",
        "href": "https://github.com/burrbd",
        "username": "burrbd",
      },
      Object {
        "avatar": "https://avatars3.githubusercontent.com/u/1778574",
        "href": "https://github.com/djgilcrease",
        "username": "djgilcrease",
      },
    ],
    "currentPeriodStars": 45,
    "description": "A powerful URL router and dispatcher for golang.",
    "forks": 1023,
    "language": "Go",
    "languageColor": "#00ADD8",
    "name": "mux",
    "stars": 9159,
    "url": "https://github.com/gorilla/mux",
  },
  Object {
    "author": "sequelize",
    "avatar": "https://github.com/sequelize.png",
    "builtBy": Array [
      Object {
        "avatar": "https://avatars2.githubusercontent.com/u/79163",
        "href": "https://github.com/sdepold",
        "username": "sdepold",
      },
      Object {
        "avatar": "https://avatars1.githubusercontent.com/u/699049",
        "href": "https://github.com/mickhansen",
        "username": "mickhansen",
      },
      Object {
        "avatar": "https://avatars2.githubusercontent.com/u/1210224",
        "href": "https://github.com/janmeier",
        "username": "janmeier",
      },
      Object {
        "avatar": "https://avatars0.githubusercontent.com/u/9989487",
        "href": "https://github.com/sushantdhiman",
        "username": "sushantdhiman",
      },
      Object {
        "avatar": "https://avatars3.githubusercontent.com/u/677683",
        "href": "https://github.com/durango",
        "username": "durango",
      },
    ],
    "currentPeriodStars": 33,
    "description": "An easy-to-use multi SQL dialect ORM for Node.js",
    "forks": 2999,
    "language": "JavaScript",
    "languageColor": "#f1e05a",
    "name": "sequelize",
    "stars": 19023,
    "url": "https://github.com/sequelize/sequelize",
  },
  Object {
    "author": "PKUanonym",
    "avatar": "https://github.com/PKUanonym.png",
    "builtBy": Array [
      Object {
        "avatar": "https://avatars2.githubusercontent.com/u/8189182",
        "href": "https://github.com/Trinkle23897",
        "username": "Trinkle23897",
      },
      Object {
        "avatar": "https://avatars3.githubusercontent.com/u/33540801",
        "href": "https://github.com/linusboyle",
        "username": "linusboyle",
      },
      Object {
        "avatar": "https://avatars0.githubusercontent.com/u/31480030",
        "href": "https://github.com/JamesZhengYuyu",
        "username": "JamesZhengYuyu",
      },
      Object {
        "avatar": "https://avatars0.githubusercontent.com/u/42672175",
        "href": "https://github.com/choumartin1234",
        "username": "choumartin1234",
      },
      Object {
        "avatar": "https://avatars2.githubusercontent.com/u/31069308",
        "href": "https://github.com/RecursionSheep",
        "username": "RecursionSheep",
      },
    ],
    "currentPeriodStars": 168,
    "description": "清华大学计算机系课程攻略 Guidance for courses in Department of Computer Science and Technology, Tsinghua University",
    "forks": 2439,
    "language": "HTML",
    "languageColor": "#e34c26",
    "name": "REKCARC-TSC-UHT",
    "stars": 8721,
    "url": "https://github.com/PKUanonym/REKCARC-TSC-UHT",
  },
  Object {
    "author": "raspberrypi",
    "avatar": "https://github.com/raspberrypi.png",
    "builtBy": Array [
      Object {
        "avatar": "https://avatars1.githubusercontent.com/u/1609725",
        "href": "https://github.com/bennuttall",
        "username": "bennuttall",
      },
      Object {
        "avatar": "https://avatars0.githubusercontent.com/u/3844893",
        "href": "https://github.com/JamesH65",
        "username": "JamesH65",
      },
      Object {
        "avatar": "https://avatars2.githubusercontent.com/u/11164126",
        "href": "https://github.com/LornaLynch",
        "username": "LornaLynch",
      },
      Object {
        "avatar": "https://avatars0.githubusercontent.com/u/476186",
        "href": "https://github.com/lurch",
        "username": "lurch",
      },
      Object {
        "avatar": "https://avatars1.githubusercontent.com/u/6973823",
        "href": "https://github.com/lauraclay",
        "username": "lauraclay",
      },
    ],
    "currentPeriodStars": 41,
    "description": "Official documentation for the Raspberry Pi",
    "forks": 1270,
    "language": "Python",
    "languageColor": "#3572A5",
    "name": "documentation",
    "stars": 2739,
    "url": "https://github.com/raspberrypi/documentation",
  },
  Object {
    "author": "dominikh",
    "avatar": "https://github.com/dominikh.png",
    "builtBy": Array [
      Object {
        "avatar": "https://avatars1.githubusercontent.com/u/39825",
        "href": "https://github.com/dominikh",
        "username": "dominikh",
      },
      Object {
        "avatar": "https://avatars1.githubusercontent.com/u/1834577",
        "href": "https://github.com/bradleyfalzon",
        "username": "bradleyfalzon",
      },
      Object {
        "avatar": "https://avatars1.githubusercontent.com/u/7126275",
        "href": "https://github.com/kostya-sh",
        "username": "kostya-sh",
      },
      Object {
        "avatar": "https://avatars0.githubusercontent.com/u/3576549",
        "href": "https://github.com/mvdan",
        "username": "mvdan",
      },
      Object {
        "avatar": "https://avatars2.githubusercontent.com/u/48095",
        "href": "https://github.com/ksurent",
        "username": "ksurent",
      },
    ],
    "currentPeriodStars": 31,
    "description": "Staticcheck – a collection of static analysis tools for working with Go code",
    "forks": 133,
    "language": "Go",
    "languageColor": "#00ADD8",
    "name": "go-tools",
    "stars": 2488,
    "url": "https://github.com/dominikh/go-tools",
  },
  Object {
    "author": "bitwalker",
    "avatar": "https://github.com/bitwalker.png",
    "builtBy": Array [
      Object {
        "avatar": "https://avatars3.githubusercontent.com/u/955793",
        "href": "https://github.com/bitwalker",
        "username": "bitwalker",
      },
      Object {
        "avatar": "https://avatars1.githubusercontent.com/u/1391351",
        "href": "https://github.com/mobileoverlord",
        "username": "mobileoverlord",
      },
      Object {
        "avatar": "https://avatars0.githubusercontent.com/u/5116932",
        "href": "https://github.com/martin-langhoff",
        "username": "martin-langhoff",
      },
      Object {
        "avatar": "https://avatars1.githubusercontent.com/u/1091472",
        "href": "https://github.com/chenxsan",
        "username": "chenxsan",
      },
      Object {
        "avatar": "https://avatars0.githubusercontent.com/u/6883647",
        "href": "https://github.com/imranismail",
        "username": "imranismail",
      },
    ],
    "currentPeriodStars": 8,
    "description": "Simplify deployments in Elixir with OTP releases!",
    "forks": 333,
    "language": "Elixir",
    "languageColor": "#6e4a7e",
    "name": "distillery",
    "stars": 2456,
    "url": "https://github.com/bitwalker/distillery",
  },
  Object {
    "author": "IntelRealSense",
    "avatar": "https://github.com/IntelRealSense.png",
    "builtBy": Array [
      Object {
        "avatar": "https://avatars2.githubusercontent.com/u/40540281",
        "href": "https://github.com/doronhi",
        "username": "doronhi",
      },
      Object {
        "avatar": "https://avatars1.githubusercontent.com/u/10642899",
        "href": "https://github.com/mattcurfman",
        "username": "mattcurfman",
      },
      Object {
        "avatar": "https://avatars0.githubusercontent.com/u/33641776",
        "href": "https://github.com/bhirashi",
        "username": "bhirashi",
      },
      Object {
        "avatar": "https://avatars1.githubusercontent.com/u/17433152",
        "href": "https://github.com/icarpis",
        "username": "icarpis",
      },
      Object {
        "avatar": "https://avatars1.githubusercontent.com/u/38718921",
        "href": "https://github.com/sshoshan",
        "username": "sshoshan",
      },
    ],
    "currentPeriodStars": 2,
    "description": "Intel(R) RealSense(TM) ROS Wrapper for D400 series, SR300 Camera and T265 Tracking Module",
    "forks": 472,
    "language": "C++",
    "languageColor": "#f34b7d",
    "name": "realsense-ros",
    "stars": 482,
    "url": "https://github.com/IntelRealSense/realsense-ros",
  },
  Object {
    "author": "vapor",
    "avatar": "https://github.com/vapor.png",
    "builtBy": Array [
      Object {
        "avatar": "https://avatars1.githubusercontent.com/u/1342803",
        "href": "https://github.com/tanner0101",
        "username": "tanner0101",
      },
      Object {
        "avatar": "https://avatars1.githubusercontent.com/u/5750489",
        "href": "https://github.com/loganwright",
        "username": "loganwright",
      },
      Object {
        "avatar": "https://avatars3.githubusercontent.com/u/1951674",
        "href": "https://github.com/Joannis",
        "username": "Joannis",
      },
      Object {
        "avatar": "https://avatars2.githubusercontent.com/u/42901",
        "href": "https://github.com/shnhrrsn",
        "username": "shnhrrsn",
      },
      Object {
        "avatar": "https://avatars3.githubusercontent.com/u/1353840",
        "href": "https://github.com/ketzusaka",
        "username": "ketzusaka",
      },
    ],
    "currentPeriodStars": 20,
    "description": "💧 A server-side Swift web framework.",
    "forks": 988,
    "language": "Swift",
    "languageColor": "#ffac45",
    "name": "vapor",
    "stars": 16729,
    "url": "https://github.com/vapor/vapor",
  },
  Object {
    "author": "grpc",
    "avatar": "https://github.com/grpc.png",
    "builtBy": Array [
      Object {
        "avatar": "https://avatars3.githubusercontent.com/u/10121772",
        "href": "https://github.com/iamqizhao",
        "username": "iamqizhao",
      },
      Object {
        "avatar": "https://avatars2.githubusercontent.com/u/960845",
        "href": "https://github.com/menghanl",
        "username": "menghanl",
      },
      Object {
        "avatar": "https://avatars0.githubusercontent.com/u/26072277",
        "href": "https://github.com/dfawley",
        "username": "dfawley",
      },
      Object {
        "avatar": "https://avatars2.githubusercontent.com/u/20670279",
        "href": "https://github.com/MakMukhi",
        "username": "MakMukhi",
      },
      Object {
        "avatar": "https://avatars3.githubusercontent.com/u/426013",
        "href": "https://github.com/lyuxuan",
        "username": "lyuxuan",
      },
    ],
    "currentPeriodStars": 28,
    "description": "The Go language implementation of gRPC. HTTP/2 based RPC",
    "forks": 1707,
    "language": "Go",
    "languageColor": "#00ADD8",
    "name": "grpc-go",
    "stars": 8624,
    "url": "https://github.com/grpc/grpc-go",
  },
  Object {
    "author": "hashicorp",
    "avatar": "https://github.com/hashicorp.png",
    "builtBy": Array [
      Object {
        "avatar": "https://avatars1.githubusercontent.com/u/28627",
        "href": "https://github.com/jefferai",
        "username": "jefferai",
      },
      Object {
        "avatar": "https://avatars3.githubusercontent.com/u/3053672",
        "href": "https://github.com/vishalnayak",
        "username": "vishalnayak",
      },
      Object {
        "avatar": "https://avatars3.githubusercontent.com/u/592032",
        "href": "https://github.com/armon",
        "username": "armon",
      },
      Object {
        "avatar": "https://avatars1.githubusercontent.com/u/1299",
        "href": "https://github.com/mitchellh",
        "username": "mitchellh",
      },
      Object {
        "avatar": "https://avatars1.githubusercontent.com/u/1916073",
        "href": "https://github.com/briankassouf",
        "username": "briankassouf",
      },
    ],
    "currentPeriodStars": 32,
    "description": "A tool for secrets management, encryption as a service, and privileged access management",
    "forks": 1948,
    "language": "Go",
    "languageColor": "#00ADD8",
    "name": "vault",
    "stars": 12832,
    "url": "https://github.com/hashicorp/vault",
  },
  Object {
    "author": "TeamStuQ",
    "avatar": "https://github.com/TeamStuQ.png",
    "builtBy": Array [
      Object {
        "avatar": "https://avatars2.githubusercontent.com/u/16368198",
        "href": "https://github.com/lmdeditor",
        "username": "lmdeditor",
      },
      Object {
        "avatar": "https://avatars2.githubusercontent.com/u/26448043",
        "href": "https://github.com/moonming",
        "username": "moonming",
      },
      Object {
        "avatar": "https://avatars1.githubusercontent.com/u/14267936",
        "href": "https://github.com/IrisYao",
        "username": "IrisYao",
      },
      Object {
        "avatar": "https://avatars3.githubusercontent.com/u/3118295",
        "href": "https://github.com/i5ting",
        "username": "i5ting",
      },
      Object {
        "avatar": "https://avatars3.githubusercontent.com/u/346451",
        "href": "https://github.com/zhangwei217245",
        "username": "zhangwei217245",
      },
    ],
    "currentPeriodStars": 52,
    "description": "程序员技能图谱",
    "forks": 3581,
    "language": "HTML",
    "languageColor": "#e34c26",
    "name": "skill-map",
    "stars": 14759,
    "url": "https://github.com/TeamStuQ/skill-map",
  },
  Object {
    "author": "quicwg",
    "avatar": "https://github.com/quicwg.png",
    "builtBy": Array [
      Object {
        "avatar": "https://avatars3.githubusercontent.com/u/67641",
        "href": "https://github.com/martinthomson",
        "username": "martinthomson",
      },
      Object {
        "avatar": "https://avatars3.githubusercontent.com/u/4273797",
        "href": "https://github.com/MikeBishop",
        "username": "MikeBishop",
      },
      Object {
        "avatar": "https://avatars2.githubusercontent.com/u/20072817",
        "href": "https://github.com/ianswett",
        "username": "ianswett",
      },
      Object {
        "avatar": "https://avatars3.githubusercontent.com/u/11067604",
        "href": "https://github.com/janaiyengar",
        "username": "janaiyengar",
      },
      Object {
        "avatar": "https://avatars0.githubusercontent.com/u/1478487",
        "href": "https://github.com/marten-seemann",
        "username": "marten-seemann",
      },
    ],
    "currentPeriodStars": 5,
    "description": "Internet-Drafts that make up the base QUIC specification",
    "forks": 110,
    "language": "Shell",
    "languageColor": "#89e051",
    "name": "base-drafts",
    "stars": 710,
    "url": "https://github.com/quicwg/base-drafts",
  },
  Object {
    "author": "dotnet",
    "avatar": "https://github.com/dotnet.png",
    "builtBy": Array [
      Object {
        "avatar": "https://avatars0.githubusercontent.com/u/2642209",
        "href": "https://github.com/stephentoub",
        "username": "stephentoub",
      },
      Object {
        "avatar": "https://avatars0.githubusercontent.com/u/8918108",
        "href": "https://github.com/ericstj",
        "username": "ericstj",
      },
      Object {
        "avatar": "https://avatars1.githubusercontent.com/u/9010698",
        "href": "https://github.com/weshaggard",
        "username": "weshaggard",
      },
      Object {
        "avatar": "https://avatars0.githubusercontent.com/u/9011267",
        "href": "https://github.com/dotnet-bot",
        "username": "dotnet-bot",
      },
      Object {
        "avatar": "https://avatars0.githubusercontent.com/u/8918977",
        "href": "https://github.com/mellinoe",
        "username": "mellinoe",
      },
    ],
    "currentPeriodStars": 13,
    "description": "CoreFX is the foundational class libraries for .NET Core. It includes types for collections, file systems, console, JSON, XML, async and many others.",
    "forks": 5070,
    "language": "C#",
    "languageColor": "#178600",
    "name": "corefx",
    "stars": 16864,
    "url": "https://github.com/dotnet/corefx",
  },
  Object {
    "author": "QSCTech",
    "avatar": "https://github.com/QSCTech.png",
    "builtBy": Array [
      Object {
        "avatar": "https://avatars1.githubusercontent.com/u/4469895",
        "href": "https://github.com/zhanghai",
        "username": "zhanghai",
      },
      Object {
        "avatar": "https://avatars0.githubusercontent.com/u/33076808",
        "href": "https://github.com/fish98",
        "username": "fish98",
      },
      Object {
        "avatar": "https://avatars0.githubusercontent.com/u/17944630",
        "href": "https://github.com/Wei-TianHao",
        "username": "Wei-TianHao",
      },
      Object {
        "avatar": "https://avatars1.githubusercontent.com/u/39231653",
        "href": "https://github.com/h-lujian",
        "username": "h-lujian",
      },
      Object {
        "avatar": "https://avatars1.githubusercontent.com/u/5022927",
        "href": "https://github.com/yujincheng08",
        "username": "yujincheng08",
      },
    ],
    "currentPeriodStars": 115,
    "description": "浙江大学课程攻略共享计划",
    "forks": 3809,
    "language": "C",
    "languageColor": "#555555",
    "name": "zju-icicles",
    "stars": 12396,
    "url": "https://github.com/QSCTech/zju-icicles",
  },
  Object {
    "author": "espressif",
    "avatar": "https://github.com/espressif.png",
    "builtBy": Array [
      Object {
        "avatar": "https://avatars3.githubusercontent.com/u/12663778",
        "href": "https://github.com/me-no-dev",
        "username": "me-no-dev",
      },
      Object {
        "avatar": "https://avatars1.githubusercontent.com/u/22748063",
        "href": "https://github.com/lbernstone",
        "username": "lbernstone",
      },
      Object {
        "avatar": "https://avatars0.githubusercontent.com/u/1760209",
        "href": "https://github.com/ivankravets",
        "username": "ivankravets",
      },
      Object {
        "avatar": "https://avatars2.githubusercontent.com/u/21266776",
        "href": "https://github.com/copercini",
        "username": "copercini",
      },
      Object {
        "avatar": "https://avatars2.githubusercontent.com/u/2858309",
        "href": "https://github.com/stickbreaker",
        "username": "stickbreaker",
      },
    ],
    "currentPeriodStars": 7,
    "description": "Arduino core for the ESP32",
    "forks": 1813,
    "language": "C",
    "languageColor": "#555555",
    "name": "arduino-esp32",
    "stars": 3470,
    "url": "https://github.com/espressif/arduino-esp32",
  },
  Object {
    "author": "prometheus",
    "avatar": "https://github.com/prometheus.png",
    "builtBy": Array [
      Object {
        "avatar": "https://avatars1.githubusercontent.com/u/4948210",
        "href": "https://github.com/fabxc",
        "username": "fabxc",
      },
      Object {
        "avatar": "https://avatars0.githubusercontent.com/u/1398104",
        "href": "https://github.com/stuartnelson3",
        "username": "stuartnelson3",
      },
      Object {
        "avatar": "https://avatars2.githubusercontent.com/u/538008",
        "href": "https://github.com/juliusv",
        "username": "juliusv",
      },
      Object {
        "avatar": "https://avatars0.githubusercontent.com/u/7047859",
        "href": "https://github.com/mxinden",
        "username": "mxinden",
      },
      Object {
        "avatar": "https://avatars3.githubusercontent.com/u/2587585",
        "href": "https://github.com/simonpasquier",
        "username": "simonpasquier",
      },
    ],
    "currentPeriodStars": 18,
    "description": "Prometheus Alertmanager",
    "forks": 862,
    "language": "Go",
    "languageColor": "#00ADD8",
    "name": "alertmanager",
    "stars": 2289,
    "url": "https://github.com/prometheus/alertmanager",
  },
  Object {
    "author": "edenhill",
    "avatar": "https://github.com/edenhill.png",
    "builtBy": Array [
      Object {
        "avatar": "https://avatars3.githubusercontent.com/u/524990",
        "href": "https://github.com/edenhill",
        "username": "edenhill",
      },
      Object {
        "avatar": "https://avatars2.githubusercontent.com/u/6076159",
        "href": "https://github.com/rondagostino",
        "username": "rondagostino",
      },
      Object {
        "avatar": "https://avatars2.githubusercontent.com/u/1330796",
        "href": "https://github.com/paravoid",
        "username": "paravoid",
      },
      Object {
        "avatar": "https://avatars1.githubusercontent.com/u/1349849",
        "href": "https://github.com/ah-",
        "username": "ah-",
      },
      Object {
        "avatar": "https://avatars3.githubusercontent.com/u/1370575",
        "href": "https://github.com/eugpermar",
        "username": "eugpermar",
      },
    ],
    "currentPeriodStars": 11,
    "description": "The Apache Kafka C/C++ library",
    "forks": 1460,
    "language": "C",
    "languageColor": "#555555",
    "name": "librdkafka",
    "stars": 3191,
    "url": "https://github.com/edenhill/librdkafka",
  },
  Object {
    "author": "sebastianbergmann",
    "avatar": "https://github.com/sebastianbergmann.png",
    "builtBy": Array [
      Object {
        "avatar": "https://avatars0.githubusercontent.com/u/25218",
        "href": "https://github.com/sebastianbergmann",
        "username": "sebastianbergmann",
      },
      Object {
        "avatar": "https://avatars2.githubusercontent.com/u/306525",
        "href": "https://github.com/whatthejeff",
        "username": "whatthejeff",
      },
      Object {
        "avatar": "https://avatars0.githubusercontent.com/u/26651359",
        "href": "https://github.com/epdenouden",
        "username": "epdenouden",
      },
      Object {
        "avatar": "https://avatars1.githubusercontent.com/u/247397",
        "href": "https://github.com/edorian",
        "username": "edorian",
      },
      Object {
        "avatar": "https://avatars3.githubusercontent.com/u/605483",
        "href": "https://github.com/localheinz",
        "username": "localheinz",
      },
    ],
    "currentPeriodStars": 19,
    "description": "The PHP Unit Testing framework.",
    "forks": 1746,
    "language": "PHP",
    "languageColor": "#4F5D95",
    "name": "phpunit",
    "stars": 14202,
    "url": "https://github.com/sebastianbergmann/phpunit",
  },
  Object {
    "author": "microsoft",
    "avatar": "https://github.com/microsoft.png",
    "builtBy": Array [
      Object {
        "avatar": "https://avatars3.githubusercontent.com/u/33519520",
        "href": "https://github.com/darrenj",
        "username": "darrenj",
      },
      Object {
        "avatar": "https://avatars3.githubusercontent.com/u/27976702",
        "href": "https://github.com/lauren-mills",
        "username": "lauren-mills",
      },
      Object {
        "avatar": "https://avatars0.githubusercontent.com/u/43043272",
        "href": "https://github.com/ryanlengel",
        "username": "ryanlengel",
      },
      Object {
        "avatar": "https://avatars1.githubusercontent.com/u/4001684",
        "href": "https://github.com/lzc850612",
        "username": "lzc850612",
      },
      Object {
        "avatar": "https://avatars0.githubusercontent.com/u/11904023",
        "href": "https://github.com/Batta32",
        "username": "Batta32",
      },
    ],
    "currentPeriodStars": 11,
    "description": "Welcome to the Bot Framework Solutions repository which is the home for a set of templates and solutions to help build advanced conversational experiences using Azure Bot Service and Bot Framework. Microsoft Bot Framework is a comprehensive framework for building enterprise-grade conversational AI experiences. https://dev.botframework.com/",
    "forks": 266,
    "language": "C#",
    "languageColor": "#178600",
    "name": "botframework-solutions",
    "stars": 608,
    "url": "https://github.com/microsoft/botframework-solutions",
  },
  Object {
    "author": "celery",
    "avatar": "https://github.com/celery.png",
    "builtBy": Array [
      Object {
        "avatar": "https://avatars3.githubusercontent.com/u/1558",
        "href": "https://github.com/ask",
        "username": "ask",
      },
      Object {
        "avatar": "https://avatars0.githubusercontent.com/u/48936",
        "href": "https://github.com/thedrow",
        "username": "thedrow",
      },
      Object {
        "avatar": "https://avatars0.githubusercontent.com/u/691049",
        "href": "https://github.com/mher",
        "username": "mher",
      },
      Object {
        "avatar": "https://avatars3.githubusercontent.com/u/6212603",
        "href": "https://github.com/auvipy",
        "username": "auvipy",
      },
      Object {
        "avatar": "https://avatars0.githubusercontent.com/u/129501",
        "href": "https://github.com/ionelmc",
        "username": "ionelmc",
      },
    ],
    "currentPeriodStars": 27,
    "description": "Distributed Task Queue (development branch)",
    "forks": 3315,
    "language": "Python",
    "languageColor": "#3572A5",
    "name": "celery",
    "stars": 12758,
    "url": "https://github.com/celery/celery",
  },
]
`;
