// Jest Snapshot v1, https://goo.gl/fbAQLP

exports[`fetchAllLanguages() should match snapshot 1`] = `
Object {
  "all": Array [
    Object {
      "name": "1C Enterprise",
      "urlParam": "1c-enterprise",
    },
    Object {
      "name": "ABAP",
      "urlParam": "abap",
    },
    Object {
      "name": "ABNF",
      "urlParam": "abnf",
    },
    Object {
      "name": "ActionScript",
      "urlParam": "actionscript",
    },
    Object {
      "name": "Ada",
      "urlParam": "ada",
    },
    Object {
      "name": "Adobe Font Metrics",
      "urlParam": "adobe-font-metrics",
    },
    Object {
      "name": "Agda",
      "urlParam": "agda",
    },
    Object {
      "name": "AGS Script",
      "urlParam": "ags-script",
    },
    Object {
      "name": "Alloy",
      "urlParam": "alloy",
    },
    Object {
      "name": "Alpine Abuild",
      "urlParam": "alpine-abuild",
    },
    Object {
      "name": "AMPL",
      "urlParam": "ampl",
    },
    Object {
      "name": "AngelScript",
      "urlParam": "angelscript",
    },
    Object {
      "name": "Ant Build System",
      "urlParam": "ant-build-system",
    },
    Object {
      "name": "ANTLR",
      "urlParam": "antlr",
    },
    Object {
      "name": "ApacheConf",
      "urlParam": "apacheconf",
    },
    Object {
      "name": "Apex",
      "urlParam": "apex",
    },
    Object {
      "name": "API Blueprint",
      "urlParam": "api-blueprint",
    },
    Object {
      "name": "APL",
      "urlParam": "apl",
    },
    Object {
      "name": "Apollo Guidance Computer",
      "urlParam": "apollo-guidance-computer",
    },
    Object {
      "name": "AppleScript",
      "urlParam": "applescript",
    },
    Object {
      "name": "Arc",
      "urlParam": "arc",
    },
    Object {
      "name": "AsciiDoc",
      "urlParam": "asciidoc",
    },
    Object {
      "name": "ASN.1",
      "urlParam": "asn.1",
    },
    Object {
      "name": "ASP",
      "urlParam": "asp",
    },
    Object {
      "name": "AspectJ",
      "urlParam": "aspectj",
    },
    Object {
      "name": "Assembly",
      "urlParam": "assembly",
    },
    Object {
      "name": "Asymptote",
      "urlParam": "asymptote",
    },
    Object {
      "name": "ATS",
      "urlParam": "ats",
    },
    Object {
      "name": "Augeas",
      "urlParam": "augeas",
    },
    Object {
      "name": "AutoHotkey",
      "urlParam": "autohotkey",
    },
    Object {
      "name": "AutoIt",
      "urlParam": "autoit",
    },
    Object {
      "name": "Awk",
      "urlParam": "awk",
    },
    Object {
      "name": "Ballerina",
      "urlParam": "ballerina",
    },
    Object {
      "name": "Batchfile",
      "urlParam": "batchfile",
    },
    Object {
      "name": "Befunge",
      "urlParam": "befunge",
    },
    Object {
      "name": "Bison",
      "urlParam": "bison",
    },
    Object {
      "name": "BitBake",
      "urlParam": "bitbake",
    },
    Object {
      "name": "Blade",
      "urlParam": "blade",
    },
    Object {
      "name": "BlitzBasic",
      "urlParam": "blitzbasic",
    },
    Object {
      "name": "BlitzMax",
      "urlParam": "blitzmax",
    },
    Object {
      "name": "Bluespec",
      "urlParam": "bluespec",
    },
    Object {
      "name": "Boo",
      "urlParam": "boo",
    },
    Object {
      "name": "Brainfuck",
      "urlParam": "brainfuck",
    },
    Object {
      "name": "Brightscript",
      "urlParam": "brightscript",
    },
    Object {
      "name": "Bro",
      "urlParam": "bro",
    },
    Object {
      "name": "C",
      "urlParam": "c",
    },
    Object {
      "name": "C#",
      "urlParam": "c%23",
    },
    Object {
      "name": "C++",
      "urlParam": "c++",
    },
    Object {
      "name": "C-ObjDump",
      "urlParam": "c-objdump",
    },
    Object {
      "name": "C2hs Haskell",
      "urlParam": "c2hs-haskell",
    },
    Object {
      "name": "Cap'n Proto",
      "urlParam": "cap'n-proto",
    },
    Object {
      "name": "CartoCSS",
      "urlParam": "cartocss",
    },
    Object {
      "name": "Ceylon",
      "urlParam": "ceylon",
    },
    Object {
      "name": "Chapel",
      "urlParam": "chapel",
    },
    Object {
      "name": "Charity",
      "urlParam": "charity",
    },
    Object {
      "name": "ChucK",
      "urlParam": "chuck",
    },
    Object {
      "name": "Cirru",
      "urlParam": "cirru",
    },
    Object {
      "name": "Clarion",
      "urlParam": "clarion",
    },
    Object {
      "name": "Clean",
      "urlParam": "clean",
    },
    Object {
      "name": "Click",
      "urlParam": "click",
    },
    Object {
      "name": "CLIPS",
      "urlParam": "clips",
    },
    Object {
      "name": "Clojure",
      "urlParam": "clojure",
    },
    Object {
      "name": "Closure Templates",
      "urlParam": "closure-templates",
    },
    Object {
      "name": "Cloud Firestore Security Rules",
      "urlParam": "cloud-firestore-security-rules",
    },
    Object {
      "name": "CMake",
      "urlParam": "cmake",
    },
    Object {
      "name": "COBOL",
      "urlParam": "cobol",
    },
    Object {
      "name": "CoffeeScript",
      "urlParam": "coffeescript",
    },
    Object {
      "name": "ColdFusion",
      "urlParam": "coldfusion",
    },
    Object {
      "name": "ColdFusion CFC",
      "urlParam": "coldfusion-cfc",
    },
    Object {
      "name": "COLLADA",
      "urlParam": "collada",
    },
    Object {
      "name": "Common Lisp",
      "urlParam": "common-lisp",
    },
    Object {
      "name": "Common Workflow Language",
      "urlParam": "common-workflow-language",
    },
    Object {
      "name": "Component Pascal",
      "urlParam": "component-pascal",
    },
    Object {
      "name": "CoNLL-U",
      "urlParam": "conll-u",
    },
    Object {
      "name": "Cool",
      "urlParam": "cool",
    },
    Object {
      "name": "Coq",
      "urlParam": "coq",
    },
    Object {
      "name": "Cpp-ObjDump",
      "urlParam": "cpp-objdump",
    },
    Object {
      "name": "Creole",
      "urlParam": "creole",
    },
    Object {
      "name": "Crystal",
      "urlParam": "crystal",
    },
    Object {
      "name": "CSON",
      "urlParam": "cson",
    },
    Object {
      "name": "Csound",
      "urlParam": "csound",
    },
    Object {
      "name": "Csound Document",
      "urlParam": "csound-document",
    },
    Object {
      "name": "Csound Score",
      "urlParam": "csound-score",
    },
    Object {
      "name": "CSS",
      "urlParam": "css",
    },
    Object {
      "name": "CSV",
      "urlParam": "csv",
    },
    Object {
      "name": "Cuda",
      "urlParam": "cuda",
    },
    Object {
      "name": "CWeb",
      "urlParam": "cweb",
    },
    Object {
      "name": "Cycript",
      "urlParam": "cycript",
    },
    Object {
      "name": "Cython",
      "urlParam": "cython",
    },
    Object {
      "name": "D",
      "urlParam": "d",
    },
    Object {
      "name": "D-ObjDump",
      "urlParam": "d-objdump",
    },
    Object {
      "name": "Darcs Patch",
      "urlParam": "darcs-patch",
    },
    Object {
      "name": "Dart",
      "urlParam": "dart",
    },
    Object {
      "name": "DataWeave",
      "urlParam": "dataweave",
    },
    Object {
      "name": "desktop",
      "urlParam": "desktop",
    },
    Object {
      "name": "Diff",
      "urlParam": "diff",
    },
    Object {
      "name": "DIGITAL Command Language",
      "urlParam": "digital-command-language",
    },
    Object {
      "name": "DM",
      "urlParam": "dm",
    },
    Object {
      "name": "DNS Zone",
      "urlParam": "dns-zone",
    },
    Object {
      "name": "Dockerfile",
      "urlParam": "dockerfile",
    },
    Object {
      "name": "Dogescript",
      "urlParam": "dogescript",
    },
    Object {
      "name": "DTrace",
      "urlParam": "dtrace",
    },
    Object {
      "name": "Dylan",
      "urlParam": "dylan",
    },
    Object {
      "name": "E",
      "urlParam": "e",
    },
    Object {
      "name": "Eagle",
      "urlParam": "eagle",
    },
    Object {
      "name": "Easybuild",
      "urlParam": "easybuild",
    },
    Object {
      "name": "EBNF",
      "urlParam": "ebnf",
    },
    Object {
      "name": "eC",
      "urlParam": "ec",
    },
    Object {
      "name": "Ecere Projects",
      "urlParam": "ecere-projects",
    },
    Object {
      "name": "ECL",
      "urlParam": "ecl",
    },
    Object {
      "name": "ECLiPSe",
      "urlParam": "eclipse",
    },
    Object {
      "name": "Edje Data Collection",
      "urlParam": "edje-data-collection",
    },
    Object {
      "name": "edn",
      "urlParam": "edn",
    },
    Object {
      "name": "Eiffel",
      "urlParam": "eiffel",
    },
    Object {
      "name": "EJS",
      "urlParam": "ejs",
    },
    Object {
      "name": "Elixir",
      "urlParam": "elixir",
    },
    Object {
      "name": "Elm",
      "urlParam": "elm",
    },
    Object {
      "name": "Emacs Lisp",
      "urlParam": "emacs-lisp",
    },
    Object {
      "name": "EmberScript",
      "urlParam": "emberscript",
    },
    Object {
      "name": "EML",
      "urlParam": "eml",
    },
    Object {
      "name": "EQ",
      "urlParam": "eq",
    },
    Object {
      "name": "Erlang",
      "urlParam": "erlang",
    },
    Object {
      "name": "F#",
      "urlParam": "f%23",
    },
    Object {
      "name": "F*",
      "urlParam": "f*",
    },
    Object {
      "name": "Factor",
      "urlParam": "factor",
    },
    Object {
      "name": "Fancy",
      "urlParam": "fancy",
    },
    Object {
      "name": "Fantom",
      "urlParam": "fantom",
    },
    Object {
      "name": "FIGlet Font",
      "urlParam": "figlet-font",
    },
    Object {
      "name": "Filebench WML",
      "urlParam": "filebench-wml",
    },
    Object {
      "name": "Filterscript",
      "urlParam": "filterscript",
    },
    Object {
      "name": "fish",
      "urlParam": "fish",
    },
    Object {
      "name": "FLUX",
      "urlParam": "flux",
    },
    Object {
      "name": "Formatted",
      "urlParam": "formatted",
    },
    Object {
      "name": "Forth",
      "urlParam": "forth",
    },
    Object {
      "name": "Fortran",
      "urlParam": "fortran",
    },
    Object {
      "name": "FreeMarker",
      "urlParam": "freemarker",
    },
    Object {
      "name": "Frege",
      "urlParam": "frege",
    },
    Object {
      "name": "G-code",
      "urlParam": "g-code",
    },
    Object {
      "name": "Game Maker Language",
      "urlParam": "game-maker-language",
    },
    Object {
      "name": "GAMS",
      "urlParam": "gams",
    },
    Object {
      "name": "GAP",
      "urlParam": "gap",
    },
    Object {
      "name": "GCC Machine Description",
      "urlParam": "gcc-machine-description",
    },
    Object {
      "name": "GDB",
      "urlParam": "gdb",
    },
    Object {
      "name": "GDScript",
      "urlParam": "gdscript",
    },
    Object {
      "name": "Genie",
      "urlParam": "genie",
    },
    Object {
      "name": "Genshi",
      "urlParam": "genshi",
    },
    Object {
      "name": "Gentoo Ebuild",
      "urlParam": "gentoo-ebuild",
    },
    Object {
      "name": "Gentoo Eclass",
      "urlParam": "gentoo-eclass",
    },
    Object {
      "name": "Gerber Image",
      "urlParam": "gerber-image",
    },
    Object {
      "name": "Gettext Catalog",
      "urlParam": "gettext-catalog",
    },
    Object {
      "name": "Gherkin",
      "urlParam": "gherkin",
    },
    Object {
      "name": "GLSL",
      "urlParam": "glsl",
    },
    Object {
      "name": "Glyph",
      "urlParam": "glyph",
    },
    Object {
      "name": "Glyph Bitmap Distribution Format",
      "urlParam": "glyph-bitmap-distribution-format",
    },
    Object {
      "name": "GN",
      "urlParam": "gn",
    },
    Object {
      "name": "Gnuplot",
      "urlParam": "gnuplot",
    },
    Object {
      "name": "Go",
      "urlParam": "go",
    },
    Object {
      "name": "Golo",
      "urlParam": "golo",
    },
    Object {
      "name": "Gosu",
      "urlParam": "gosu",
    },
    Object {
      "name": "Grace",
      "urlParam": "grace",
    },
    Object {
      "name": "Gradle",
      "urlParam": "gradle",
    },
    Object {
      "name": "Grammatical Framework",
      "urlParam": "grammatical-framework",
    },
    Object {
      "name": "Graph Modeling Language",
      "urlParam": "graph-modeling-language",
    },
    Object {
      "name": "GraphQL",
      "urlParam": "graphql",
    },
    Object {
      "name": "Graphviz (DOT)",
      "urlParam": "graphviz-(dot)",
    },
    Object {
      "name": "Groovy",
      "urlParam": "groovy",
    },
    Object {
      "name": "Groovy Server Pages",
      "urlParam": "groovy-server-pages",
    },
    Object {
      "name": "Hack",
      "urlParam": "hack",
    },
    Object {
      "name": "Haml",
      "urlParam": "haml",
    },
    Object {
      "name": "Handlebars",
      "urlParam": "handlebars",
    },
    Object {
      "name": "HAProxy",
      "urlParam": "haproxy",
    },
    Object {
      "name": "Harbour",
      "urlParam": "harbour",
    },
    Object {
      "name": "Haskell",
      "urlParam": "haskell",
    },
    Object {
      "name": "Haxe",
      "urlParam": "haxe",
    },
    Object {
      "name": "HCL",
      "urlParam": "hcl",
    },
    Object {
      "name": "HiveQL",
      "urlParam": "hiveql",
    },
    Object {
      "name": "HLSL",
      "urlParam": "hlsl",
    },
    Object {
      "name": "HTML",
      "urlParam": "html",
    },
    Object {
      "name": "HTML+Django",
      "urlParam": "html+django",
    },
    Object {
      "name": "HTML+ECR",
      "urlParam": "html+ecr",
    },
    Object {
      "name": "HTML+EEX",
      "urlParam": "html+eex",
    },
    Object {
      "name": "HTML+ERB",
      "urlParam": "html+erb",
    },
    Object {
      "name": "HTML+PHP",
      "urlParam": "html+php",
    },
    Object {
      "name": "HTML+Razor",
      "urlParam": "html+razor",
    },
    Object {
      "name": "HTTP",
      "urlParam": "http",
    },
    Object {
      "name": "HXML",
      "urlParam": "hxml",
    },
    Object {
      "name": "Hy",
      "urlParam": "hy",
    },
    Object {
      "name": "HyPhy",
      "urlParam": "hyphy",
    },
    Object {
      "name": "IDL",
      "urlParam": "idl",
    },
    Object {
      "name": "Idris",
      "urlParam": "idris",
    },
    Object {
      "name": "IGOR Pro",
      "urlParam": "igor-pro",
    },
    Object {
      "name": "Inform 7",
      "urlParam": "inform-7",
    },
    Object {
      "name": "INI",
      "urlParam": "ini",
    },
    Object {
      "name": "Inno Setup",
      "urlParam": "inno-setup",
    },
    Object {
      "name": "Io",
      "urlParam": "io",
    },
    Object {
      "name": "Ioke",
      "urlParam": "ioke",
    },
    Object {
      "name": "IRC log",
      "urlParam": "irc-log",
    },
    Object {
      "name": "Isabelle",
      "urlParam": "isabelle",
    },
    Object {
      "name": "Isabelle ROOT",
      "urlParam": "isabelle-root",
    },
    Object {
      "name": "J",
      "urlParam": "j",
    },
    Object {
      "name": "Jasmin",
      "urlParam": "jasmin",
    },
    Object {
      "name": "Java",
      "urlParam": "java",
    },
    Object {
      "name": "Java Properties",
      "urlParam": "java-properties",
    },
    Object {
      "name": "Java Server Pages",
      "urlParam": "java-server-pages",
    },
    Object {
      "name": "JavaScript",
      "urlParam": "javascript",
    },
    Object {
      "name": "JFlex",
      "urlParam": "jflex",
    },
    Object {
      "name": "Jison",
      "urlParam": "jison",
    },
    Object {
      "name": "Jison Lex",
      "urlParam": "jison-lex",
    },
    Object {
      "name": "Jolie",
      "urlParam": "jolie",
    },
    Object {
      "name": "JSON",
      "urlParam": "json",
    },
    Object {
      "name": "JSON with Comments",
      "urlParam": "json-with-comments",
    },
    Object {
      "name": "JSON5",
      "urlParam": "json5",
    },
    Object {
      "name": "JSONiq",
      "urlParam": "jsoniq",
    },
    Object {
      "name": "JSONLD",
      "urlParam": "jsonld",
    },
    Object {
      "name": "Jsonnet",
      "urlParam": "jsonnet",
    },
    Object {
      "name": "JSX",
      "urlParam": "jsx",
    },
    Object {
      "name": "Julia",
      "urlParam": "julia",
    },
    Object {
      "name": "Jupyter Notebook",
      "urlParam": "jupyter-notebook",
    },
    Object {
      "name": "KiCad Layout",
      "urlParam": "kicad-layout",
    },
    Object {
      "name": "KiCad Legacy Layout",
      "urlParam": "kicad-legacy-layout",
    },
    Object {
      "name": "KiCad Schematic",
      "urlParam": "kicad-schematic",
    },
    Object {
      "name": "Kit",
      "urlParam": "kit",
    },
    Object {
      "name": "Kotlin",
      "urlParam": "kotlin",
    },
    Object {
      "name": "KRL",
      "urlParam": "krl",
    },
    Object {
      "name": "LabVIEW",
      "urlParam": "labview",
    },
    Object {
      "name": "Lasso",
      "urlParam": "lasso",
    },
    Object {
      "name": "Latte",
      "urlParam": "latte",
    },
    Object {
      "name": "Lean",
      "urlParam": "lean",
    },
    Object {
      "name": "Less",
      "urlParam": "less",
    },
    Object {
      "name": "Lex",
      "urlParam": "lex",
    },
    Object {
      "name": "LFE",
      "urlParam": "lfe",
    },
    Object {
      "name": "LilyPond",
      "urlParam": "lilypond",
    },
    Object {
      "name": "Limbo",
      "urlParam": "limbo",
    },
    Object {
      "name": "Linker Script",
      "urlParam": "linker-script",
    },
    Object {
      "name": "Linux Kernel Module",
      "urlParam": "linux-kernel-module",
    },
    Object {
      "name": "Liquid",
      "urlParam": "liquid",
    },
    Object {
      "name": "Literate Agda",
      "urlParam": "literate-agda",
    },
    Object {
      "name": "Literate CoffeeScript",
      "urlParam": "literate-coffeescript",
    },
    Object {
      "name": "Literate Haskell",
      "urlParam": "literate-haskell",
    },
    Object {
      "name": "LiveScript",
      "urlParam": "livescript",
    },
    Object {
      "name": "LLVM",
      "urlParam": "llvm",
    },
    Object {
      "name": "Logos",
      "urlParam": "logos",
    },
    Object {
      "name": "Logtalk",
      "urlParam": "logtalk",
    },
    Object {
      "name": "LOLCODE",
      "urlParam": "lolcode",
    },
    Object {
      "name": "LookML",
      "urlParam": "lookml",
    },
    Object {
      "name": "LoomScript",
      "urlParam": "loomscript",
    },
    Object {
      "name": "LSL",
      "urlParam": "lsl",
    },
    Object {
      "name": "Lua",
      "urlParam": "lua",
    },
    Object {
      "name": "M",
      "urlParam": "m",
    },
    Object {
      "name": "M4",
      "urlParam": "m4",
    },
    Object {
      "name": "M4Sugar",
      "urlParam": "m4sugar",
    },
    Object {
      "name": "Makefile",
      "urlParam": "makefile",
    },
    Object {
      "name": "Mako",
      "urlParam": "mako",
    },
    Object {
      "name": "Markdown",
      "urlParam": "markdown",
    },
    Object {
      "name": "Marko",
      "urlParam": "marko",
    },
    Object {
      "name": "Mask",
      "urlParam": "mask",
    },
    Object {
      "name": "Mathematica",
      "urlParam": "mathematica",
    },
    Object {
      "name": "MATLAB",
      "urlParam": "matlab",
    },
    Object {
      "name": "Maven POM",
      "urlParam": "maven-pom",
    },
    Object {
      "name": "Max",
      "urlParam": "max",
    },
    Object {
      "name": "MAXScript",
      "urlParam": "maxscript",
    },
    Object {
      "name": "mcfunction",
      "urlParam": "mcfunction",
    },
    Object {
      "name": "MediaWiki",
      "urlParam": "mediawiki",
    },
    Object {
      "name": "Mercury",
      "urlParam": "mercury",
    },
    Object {
      "name": "Meson",
      "urlParam": "meson",
    },
    Object {
      "name": "Metal",
      "urlParam": "metal",
    },
    Object {
      "name": "MiniD",
      "urlParam": "minid",
    },
    Object {
      "name": "Mirah",
      "urlParam": "mirah",
    },
    Object {
      "name": "Modelica",
      "urlParam": "modelica",
    },
    Object {
      "name": "Modula-2",
      "urlParam": "modula-2",
    },
    Object {
      "name": "Modula-3",
      "urlParam": "modula-3",
    },
    Object {
      "name": "Module Management System",
      "urlParam": "module-management-system",
    },
    Object {
      "name": "Monkey",
      "urlParam": "monkey",
    },
    Object {
      "name": "Moocode",
      "urlParam": "moocode",
    },
    Object {
      "name": "MoonScript",
      "urlParam": "moonscript",
    },
    Object {
      "name": "MQL4",
      "urlParam": "mql4",
    },
    Object {
      "name": "MQL5",
      "urlParam": "mql5",
    },
    Object {
      "name": "MTML",
      "urlParam": "mtml",
    },
    Object {
      "name": "MUF",
      "urlParam": "muf",
    },
    Object {
      "name": "mupad",
      "urlParam": "mupad",
    },
    Object {
      "name": "Myghty",
      "urlParam": "myghty",
    },
    Object {
      "name": "NCL",
      "urlParam": "ncl",
    },
    Object {
      "name": "Nearley",
      "urlParam": "nearley",
    },
    Object {
      "name": "Nemerle",
      "urlParam": "nemerle",
    },
    Object {
      "name": "nesC",
      "urlParam": "nesc",
    },
    Object {
      "name": "NetLinx",
      "urlParam": "netlinx",
    },
    Object {
      "name": "NetLinx+ERB",
      "urlParam": "netlinx+erb",
    },
    Object {
      "name": "NetLogo",
      "urlParam": "netlogo",
    },
    Object {
      "name": "NewLisp",
      "urlParam": "newlisp",
    },
    Object {
      "name": "Nextflow",
      "urlParam": "nextflow",
    },
    Object {
      "name": "Nginx",
      "urlParam": "nginx",
    },
    Object {
      "name": "Nim",
      "urlParam": "nim",
    },
    Object {
      "name": "Ninja",
      "urlParam": "ninja",
    },
    Object {
      "name": "Nit",
      "urlParam": "nit",
    },
    Object {
      "name": "Nix",
      "urlParam": "nix",
    },
    Object {
      "name": "NL",
      "urlParam": "nl",
    },
    Object {
      "name": "NSIS",
      "urlParam": "nsis",
    },
    Object {
      "name": "Nu",
      "urlParam": "nu",
    },
    Object {
      "name": "NumPy",
      "urlParam": "numpy",
    },
    Object {
      "name": "ObjDump",
      "urlParam": "objdump",
    },
    Object {
      "name": "Objective-C",
      "urlParam": "objective-c",
    },
    Object {
      "name": "Objective-C++",
      "urlParam": "objective-c++",
    },
    Object {
      "name": "Objective-J",
      "urlParam": "objective-j",
    },
    Object {
      "name": "OCaml",
      "urlParam": "ocaml",
    },
    Object {
      "name": "Omgrofl",
      "urlParam": "omgrofl",
    },
    Object {
      "name": "ooc",
      "urlParam": "ooc",
    },
    Object {
      "name": "Opa",
      "urlParam": "opa",
    },
    Object {
      "name": "Opal",
      "urlParam": "opal",
    },
    Object {
      "name": "OpenCL",
      "urlParam": "opencl",
    },
    Object {
      "name": "OpenEdge ABL",
      "urlParam": "openedge-abl",
    },
    Object {
      "name": "OpenRC runscript",
      "urlParam": "openrc-runscript",
    },
    Object {
      "name": "OpenSCAD",
      "urlParam": "openscad",
    },
    Object {
      "name": "OpenType Feature File",
      "urlParam": "opentype-feature-file",
    },
    Object {
      "name": "Org",
      "urlParam": "org",
    },
    Object {
      "name": "Ox",
      "urlParam": "ox",
    },
    Object {
      "name": "Oxygene",
      "urlParam": "oxygene",
    },
    Object {
      "name": "Oz",
      "urlParam": "oz",
    },
    Object {
      "name": "P4",
      "urlParam": "p4",
    },
    Object {
      "name": "Pan",
      "urlParam": "pan",
    },
    Object {
      "name": "Papyrus",
      "urlParam": "papyrus",
    },
    Object {
      "name": "Parrot",
      "urlParam": "parrot",
    },
    Object {
      "name": "Parrot Assembly",
      "urlParam": "parrot-assembly",
    },
    Object {
      "name": "Parrot Internal Representation",
      "urlParam": "parrot-internal-representation",
    },
    Object {
      "name": "Pascal",
      "urlParam": "pascal",
    },
    Object {
      "name": "Pawn",
      "urlParam": "pawn",
    },
    Object {
      "name": "Pep8",
      "urlParam": "pep8",
    },
    Object {
      "name": "Perl",
      "urlParam": "perl",
    },
    Object {
      "name": "Perl 6",
      "urlParam": "perl-6",
    },
    Object {
      "name": "PHP",
      "urlParam": "php",
    },
    Object {
      "name": "Pic",
      "urlParam": "pic",
    },
    Object {
      "name": "Pickle",
      "urlParam": "pickle",
    },
    Object {
      "name": "PicoLisp",
      "urlParam": "picolisp",
    },
    Object {
      "name": "PigLatin",
      "urlParam": "piglatin",
    },
    Object {
      "name": "Pike",
      "urlParam": "pike",
    },
    Object {
      "name": "PLpgSQL",
      "urlParam": "plpgsql",
    },
    Object {
      "name": "PLSQL",
      "urlParam": "plsql",
    },
    Object {
      "name": "Pod",
      "urlParam": "pod",
    },
    Object {
      "name": "Pod 6",
      "urlParam": "pod-6",
    },
    Object {
      "name": "PogoScript",
      "urlParam": "pogoscript",
    },
    Object {
      "name": "Pony",
      "urlParam": "pony",
    },
    Object {
      "name": "PostCSS",
      "urlParam": "postcss",
    },
    Object {
      "name": "PostScript",
      "urlParam": "postscript",
    },
    Object {
      "name": "POV-Ray SDL",
      "urlParam": "pov-ray-sdl",
    },
    Object {
      "name": "PowerBuilder",
      "urlParam": "powerbuilder",
    },
    Object {
      "name": "PowerShell",
      "urlParam": "powershell",
    },
    Object {
      "name": "Processing",
      "urlParam": "processing",
    },
    Object {
      "name": "Prolog",
      "urlParam": "prolog",
    },
    Object {
      "name": "Propeller Spin",
      "urlParam": "propeller-spin",
    },
    Object {
      "name": "Protocol Buffer",
      "urlParam": "protocol-buffer",
    },
    Object {
      "name": "Public Key",
      "urlParam": "public-key",
    },
    Object {
      "name": "Pug",
      "urlParam": "pug",
    },
    Object {
      "name": "Puppet",
      "urlParam": "puppet",
    },
    Object {
      "name": "Pure Data",
      "urlParam": "pure-data",
    },
    Object {
      "name": "PureBasic",
      "urlParam": "purebasic",
    },
    Object {
      "name": "PureScript",
      "urlParam": "purescript",
    },
    Object {
      "name": "Python",
      "urlParam": "python",
    },
    Object {
      "name": "Python console",
      "urlParam": "python-console",
    },
    Object {
      "name": "Python traceback",
      "urlParam": "python-traceback",
    },
    Object {
      "name": "q",
      "urlParam": "q",
    },
    Object {
      "name": "QMake",
      "urlParam": "qmake",
    },
    Object {
      "name": "QML",
      "urlParam": "qml",
    },
    Object {
      "name": "Quake",
      "urlParam": "quake",
    },
    Object {
      "name": "R",
      "urlParam": "r",
    },
    Object {
      "name": "Racket",
      "urlParam": "racket",
    },
    Object {
      "name": "Ragel",
      "urlParam": "ragel",
    },
    Object {
      "name": "RAML",
      "urlParam": "raml",
    },
    Object {
      "name": "Rascal",
      "urlParam": "rascal",
    },
    Object {
      "name": "Raw token data",
      "urlParam": "raw-token-data",
    },
    Object {
      "name": "RDoc",
      "urlParam": "rdoc",
    },
    Object {
      "name": "REALbasic",
      "urlParam": "realbasic",
    },
    Object {
      "name": "Reason",
      "urlParam": "reason",
    },
    Object {
      "name": "Rebol",
      "urlParam": "rebol",
    },
    Object {
      "name": "Red",
      "urlParam": "red",
    },
    Object {
      "name": "Redcode",
      "urlParam": "redcode",
    },
    Object {
      "name": "Regular Expression",
      "urlParam": "regular-expression",
    },
    Object {
      "name": "Ren'Py",
      "urlParam": "ren'py",
    },
    Object {
      "name": "RenderScript",
      "urlParam": "renderscript",
    },
    Object {
      "name": "reStructuredText",
      "urlParam": "restructuredtext",
    },
    Object {
      "name": "REXX",
      "urlParam": "rexx",
    },
    Object {
      "name": "RHTML",
      "urlParam": "rhtml",
    },
    Object {
      "name": "Rich Text Format",
      "urlParam": "rich-text-format",
    },
    Object {
      "name": "Ring",
      "urlParam": "ring",
    },
    Object {
      "name": "RMarkdown",
      "urlParam": "rmarkdown",
    },
    Object {
      "name": "RobotFramework",
      "urlParam": "robotframework",
    },
    Object {
      "name": "Roff",
      "urlParam": "roff",
    },
    Object {
      "name": "Rouge",
      "urlParam": "rouge",
    },
    Object {
      "name": "RPC",
      "urlParam": "rpc",
    },
    Object {
      "name": "RPM Spec",
      "urlParam": "rpm-spec",
    },
    Object {
      "name": "Ruby",
      "urlParam": "ruby",
    },
    Object {
      "name": "RUNOFF",
      "urlParam": "runoff",
    },
    Object {
      "name": "Rust",
      "urlParam": "rust",
    },
    Object {
      "name": "Sage",
      "urlParam": "sage",
    },
    Object {
      "name": "SaltStack",
      "urlParam": "saltstack",
    },
    Object {
      "name": "SAS",
      "urlParam": "sas",
    },
    Object {
      "name": "Sass",
      "urlParam": "sass",
    },
    Object {
      "name": "Scala",
      "urlParam": "scala",
    },
    Object {
      "name": "Scaml",
      "urlParam": "scaml",
    },
    Object {
      "name": "Scheme",
      "urlParam": "scheme",
    },
    Object {
      "name": "Scilab",
      "urlParam": "scilab",
    },
    Object {
      "name": "SCSS",
      "urlParam": "scss",
    },
    Object {
      "name": "sed",
      "urlParam": "sed",
    },
    Object {
      "name": "Self",
      "urlParam": "self",
    },
    Object {
      "name": "ShaderLab",
      "urlParam": "shaderlab",
    },
    Object {
      "name": "Shell",
      "urlParam": "shell",
    },
    Object {
      "name": "ShellSession",
      "urlParam": "shellsession",
    },
    Object {
      "name": "Shen",
      "urlParam": "shen",
    },
    Object {
      "name": "Slash",
      "urlParam": "slash",
    },
    Object {
      "name": "Slice",
      "urlParam": "slice",
    },
    Object {
      "name": "Slim",
      "urlParam": "slim",
    },
    Object {
      "name": "Smali",
      "urlParam": "smali",
    },
    Object {
      "name": "Smalltalk",
      "urlParam": "smalltalk",
    },
    Object {
      "name": "Smarty",
      "urlParam": "smarty",
    },
    Object {
      "name": "SMT",
      "urlParam": "smt",
    },
    Object {
      "name": "Solidity",
      "urlParam": "solidity",
    },
    Object {
      "name": "SourcePawn",
      "urlParam": "sourcepawn",
    },
    Object {
      "name": "SPARQL",
      "urlParam": "sparql",
    },
    Object {
      "name": "Spline Font Database",
      "urlParam": "spline-font-database",
    },
    Object {
      "name": "SQF",
      "urlParam": "sqf",
    },
    Object {
      "name": "SQL",
      "urlParam": "sql",
    },
    Object {
      "name": "SQLPL",
      "urlParam": "sqlpl",
    },
    Object {
      "name": "Squirrel",
      "urlParam": "squirrel",
    },
    Object {
      "name": "SRecode Template",
      "urlParam": "srecode-template",
    },
    Object {
      "name": "Stan",
      "urlParam": "stan",
    },
    Object {
      "name": "Standard ML",
      "urlParam": "standard-ml",
    },
    Object {
      "name": "Stata",
      "urlParam": "stata",
    },
    Object {
      "name": "STON",
      "urlParam": "ston",
    },
    Object {
      "name": "Stylus",
      "urlParam": "stylus",
    },
    Object {
      "name": "SubRip Text",
      "urlParam": "subrip-text",
    },
    Object {
      "name": "SugarSS",
      "urlParam": "sugarss",
    },
    Object {
      "name": "SuperCollider",
      "urlParam": "supercollider",
    },
    Object {
      "name": "SVG",
      "urlParam": "svg",
    },
    Object {
      "name": "Swift",
      "urlParam": "swift",
    },
    Object {
      "name": "SystemVerilog",
      "urlParam": "systemverilog",
    },
    Object {
      "name": "Tcl",
      "urlParam": "tcl",
    },
    Object {
      "name": "Tcsh",
      "urlParam": "tcsh",
    },
    Object {
      "name": "Tea",
      "urlParam": "tea",
    },
    Object {
      "name": "Terra",
      "urlParam": "terra",
    },
    Object {
      "name": "TeX",
      "urlParam": "tex",
    },
    Object {
      "name": "Text",
      "urlParam": "text",
    },
    Object {
      "name": "Textile",
      "urlParam": "textile",
    },
    Object {
      "name": "Thrift",
      "urlParam": "thrift",
    },
    Object {
      "name": "TI Program",
      "urlParam": "ti-program",
    },
    Object {
      "name": "TLA",
      "urlParam": "tla",
    },
    Object {
      "name": "TOML",
      "urlParam": "toml",
    },
    Object {
      "name": "Turing",
      "urlParam": "turing",
    },
    Object {
      "name": "Turtle",
      "urlParam": "turtle",
    },
    Object {
      "name": "Twig",
      "urlParam": "twig",
    },
    Object {
      "name": "TXL",
      "urlParam": "txl",
    },
    Object {
      "name": "Type Language",
      "urlParam": "type-language",
    },
    Object {
      "name": "TypeScript",
      "urlParam": "typescript",
    },
    Object {
      "name": "Unified Parallel C",
      "urlParam": "unified-parallel-c",
    },
    Object {
      "name": "Unity3D Asset",
      "urlParam": "unity3d-asset",
    },
    Object {
      "name": "Unix Assembly",
      "urlParam": "unix-assembly",
    },
    Object {
      "name": "Uno",
      "urlParam": "uno",
    },
    Object {
      "name": "UnrealScript",
      "urlParam": "unrealscript",
    },
    Object {
      "name": "UrWeb",
      "urlParam": "urweb",
    },
    Object {
      "name": "Vala",
      "urlParam": "vala",
    },
    Object {
      "name": "VCL",
      "urlParam": "vcl",
    },
    Object {
      "name": "Verilog",
      "urlParam": "verilog",
    },
    Object {
      "name": "VHDL",
      "urlParam": "vhdl",
    },
    Object {
      "name": "Vim script",
      "urlParam": "vim-script",
    },
    Object {
      "name": "Visual Basic",
      "urlParam": "visual-basic",
    },
    Object {
      "name": "Volt",
      "urlParam": "volt",
    },
    Object {
      "name": "Vue",
      "urlParam": "vue",
    },
    Object {
      "name": "Wavefront Material",
      "urlParam": "wavefront-material",
    },
    Object {
      "name": "Wavefront Object",
      "urlParam": "wavefront-object",
    },
    Object {
      "name": "wdl",
      "urlParam": "wdl",
    },
    Object {
      "name": "Web Ontology Language",
      "urlParam": "web-ontology-language",
    },
    Object {
      "name": "WebAssembly",
      "urlParam": "webassembly",
    },
    Object {
      "name": "WebIDL",
      "urlParam": "webidl",
    },
    Object {
      "name": "Windows Registry Entries",
      "urlParam": "windows-registry-entries",
    },
    Object {
      "name": "wisp",
      "urlParam": "wisp",
    },
    Object {
      "name": "World of Warcraft Addon Data",
      "urlParam": "world-of-warcraft-addon-data",
    },
    Object {
      "name": "X BitMap",
      "urlParam": "x-bitmap",
    },
    Object {
      "name": "X Font Directory Index",
      "urlParam": "x-font-directory-index",
    },
    Object {
      "name": "X PixMap",
      "urlParam": "x-pixmap",
    },
    Object {
      "name": "X10",
      "urlParam": "x10",
    },
    Object {
      "name": "xBase",
      "urlParam": "xbase",
    },
    Object {
      "name": "XC",
      "urlParam": "xc",
    },
    Object {
      "name": "XCompose",
      "urlParam": "xcompose",
    },
    Object {
      "name": "XML",
      "urlParam": "xml",
    },
    Object {
      "name": "Xojo",
      "urlParam": "xojo",
    },
    Object {
      "name": "XPages",
      "urlParam": "xpages",
    },
    Object {
      "name": "XProc",
      "urlParam": "xproc",
    },
    Object {
      "name": "XQuery",
      "urlParam": "xquery",
    },
    Object {
      "name": "XS",
      "urlParam": "xs",
    },
    Object {
      "name": "XSLT",
      "urlParam": "xslt",
    },
    Object {
      "name": "Xtend",
      "urlParam": "xtend",
    },
    Object {
      "name": "Yacc",
      "urlParam": "yacc",
    },
    Object {
      "name": "YAML",
      "urlParam": "yaml",
    },
    Object {
      "name": "YANG",
      "urlParam": "yang",
    },
    Object {
      "name": "YARA",
      "urlParam": "yara",
    },
    Object {
      "name": "YASnippet",
      "urlParam": "yasnippet",
    },
    Object {
      "name": "ZAP",
      "urlParam": "zap",
    },
    Object {
      "name": "Zephir",
      "urlParam": "zephir",
    },
    Object {
      "name": "Zig",
      "urlParam": "zig",
    },
    Object {
      "name": "ZIL",
      "urlParam": "zil",
    },
    Object {
      "name": "Zimpl",
      "urlParam": "zimpl",
    },
  ],
  "popular": Array [
    Object {
      "name": "C",
      "urlParam": "c",
    },
    Object {
      "name": "C++",
      "urlParam": "c++",
    },
    Object {
      "name": "CoffeeScript",
      "urlParam": "coffeescript",
    },
    Object {
      "name": "Go",
      "urlParam": "go",
    },
    Object {
      "name": "JavaScript",
      "urlParam": "javascript",
    },
    Object {
      "name": "Python",
      "urlParam": "python",
    },
    Object {
      "name": "Shell",
      "urlParam": "shell",
    },
  ],
}
`;

exports[`fetchDevelopers() should match snapshot 1`] = `
Array [
  Object {
    "avatar": "https://avatars2.githubusercontent.com/u/6154722",
    "name": "Microsoft",
    "repo": Object {
      "description": "Visual Studio Code",
      "name": "vscode",
      "url": "https://github.com/Microsoft/vscode",
    },
    "url": "https://github.com/Microsoft",
    "username": "Microsoft",
  },
  Object {
    "avatar": "https://avatars1.githubusercontent.com/u/950417",
    "name": "Michael Driscoll",
    "repo": Object {
      "description": "The Illustrated TLS Connection: Every byte explained",
      "name": "illustrated-tls",
      "url": "https://github.com/syncsynchalt/illustrated-tls",
    },
    "type": "user",
    "url": "https://github.com/syncsynchalt",
    "username": "syncsynchalt",
  },
  Object {
    "avatar": "https://avatars3.githubusercontent.com/u/8899226",
    "name": "Igglybuff",
    "repo": Object {
      "description": "A curated list of awesome warez and piracy links",
      "name": "awesome-piracy",
      "url": "https://github.com/Igglybuff/awesome-piracy",
    },
    "type": "user",
    "url": "https://github.com/Igglybuff",
    "username": "Igglybuff",
  },
  Object {
    "avatar": "https://avatars0.githubusercontent.com/u/205375",
    "name": "Dan Burzo",
    "repo": Object {
      "description": "🌐 → 📖 A command-line tool to grab web pages as beautifully formatted PDFs",
      "name": "percollate",
      "url": "https://github.com/danburzo/percollate",
    },
    "type": "user",
    "url": "https://github.com/danburzo",
    "username": "danburzo",
  },
  Object {
    "avatar": "https://avatars2.githubusercontent.com/u/69631",
    "name": "Facebook",
    "repo": Object {
      "description": "A declarative, efficient, and flexible JavaScript library for building user interfaces.",
      "name": "react",
      "url": "https://github.com/facebook/react",
    },
    "url": "https://github.com/facebook",
    "username": "facebook",
  },
  Object {
    "avatar": "https://avatars1.githubusercontent.com/u/124647",
    "name": "Diego Giagio",
    "repo": Object {
      "description": "Create self-contained single binary applications",
      "name": "warp",
      "url": "https://github.com/dgiagio/warp",
    },
    "type": "user",
    "url": "https://github.com/dgiagio",
    "username": "dgiagio",
  },
  Object {
    "avatar": "https://avatars1.githubusercontent.com/u/6485007",
    "name": "SocialCops",
    "repo": Object {
      "description": "Camelot: PDF Table Extraction for Humans",
      "name": "camelot",
      "url": "https://github.com/socialcopsdev/camelot",
    },
    "url": "https://github.com/socialcopsdev",
    "username": "socialcopsdev",
  },
  Object {
    "avatar": "https://avatars0.githubusercontent.com/u/1342004",
    "name": "Google",
    "repo": Object {
      "description": "Material Design icons by Google",
      "name": "material-design-icons",
      "url": "https://github.com/google/material-design-icons",
    },
    "url": "https://github.com/google",
    "username": "google",
  },
  Object {
    "avatar": "https://avatars0.githubusercontent.com/u/10245193",
    "name": "Multimedia Laboratory, CUHK",
    "repo": Object {
      "description": "Open MMLab Detection Toolbox",
      "name": "mmdetection",
      "url": "https://github.com/open-mmlab/mmdetection",
    },
    "url": "https://github.com/open-mmlab",
    "username": "open-mmlab",
  },
  Object {
    "avatar": "https://avatars3.githubusercontent.com/u/20487725",
    "name": "The Algorithms",
    "repo": Object {
      "description": "All Algorithms implemented in Python",
      "name": "Python",
      "url": "https://github.com/TheAlgorithms/Python",
    },
    "url": "https://github.com/TheAlgorithms",
    "username": "TheAlgorithms",
  },
  Object {
    "avatar": "https://avatars3.githubusercontent.com/u/119893",
    "name": "Kenneth Reitz",
    "repo": Object {
      "description": "Pythonic HTML Parsing for Humans™",
      "name": "requests-html",
      "url": "https://github.com/kennethreitz/requests-html",
    },
    "type": "user",
    "url": "https://github.com/kennethreitz",
    "username": "kennethreitz",
  },
  Object {
    "avatar": "https://avatars1.githubusercontent.com/u/15658638",
    "repo": Object {
      "description": "An Open Source Machine Learning Framework for Everyone",
      "name": "tensorflow",
      "url": "https://github.com/tensorflow/tensorflow",
    },
    "url": "https://github.com/tensorflow",
    "username": "tensorflow",
  },
  Object {
    "avatar": "https://avatars3.githubusercontent.com/u/176013",
    "name": "Wes Bos",
    "repo": Object {
      "description": "30 Day Vanilla JS Challenge",
      "name": "JavaScript30",
      "url": "https://github.com/wesbos/JavaScript30",
    },
    "type": "user",
    "url": "https://github.com/wesbos",
    "username": "wesbos",
  },
  Object {
    "avatar": "https://avatars3.githubusercontent.com/u/2249551",
    "name": "Carlos Fenollosa",
    "repo": Object {
      "description": "How to create an OS from scratch",
      "name": "os-tutorial",
      "url": "https://github.com/cfenollosa/os-tutorial",
    },
    "type": "user",
    "url": "https://github.com/cfenollosa",
    "username": "cfenollosa",
  },
  Object {
    "avatar": "https://avatars0.githubusercontent.com/u/6128107",
    "name": "vuejs",
    "repo": Object {
      "description": "🖖 A progressive, incrementally-adoptable JavaScript framework for building UI on the web.",
      "name": "vue",
      "url": "https://github.com/vuejs/vue",
    },
    "url": "https://github.com/vuejs",
    "username": "vuejs",
  },
  Object {
    "avatar": "https://avatars1.githubusercontent.com/u/1024025",
    "name": "Linus Torvalds",
    "repo": Object {
      "description": "Linux kernel source tree",
      "name": "linux",
      "url": "https://github.com/torvalds/linux",
    },
    "type": "user",
    "url": "https://github.com/torvalds",
    "username": "torvalds",
  },
  Object {
    "avatar": "https://avatars0.githubusercontent.com/u/47359",
    "name": "The Apache Software Foundation",
    "repo": Object {
      "description": "A powerful, interactive charting and visualization library for browser",
      "name": "incubator-echarts",
      "url": "https://github.com/apache/incubator-echarts",
    },
    "url": "https://github.com/apache",
    "username": "apache",
  },
  Object {
    "avatar": "https://avatars1.githubusercontent.com/u/170270",
    "name": "Sindre Sorhus",
    "repo": Object {
      "description": "😎 Curated list of awesome lists",
      "name": "awesome",
      "url": "https://github.com/sindresorhus/awesome",
    },
    "type": "user",
    "url": "https://github.com/sindresorhus",
    "username": "sindresorhus",
  },
  Object {
    "avatar": "https://avatars1.githubusercontent.com/u/150458",
    "name": "mntmn",
    "repo": Object {
      "description": "MNT VA2000, an Open Source Amiga 2/3/4000 Graphics Card (Zorro II/III), written in Verilog",
      "name": "amiga2000-gfxcard",
      "url": "https://github.com/mntmn/amiga2000-gfxcard",
    },
    "type": "user",
    "url": "https://github.com/mntmn",
    "username": "mntmn",
  },
  Object {
    "avatar": "https://avatars3.githubusercontent.com/u/4921183",
    "name": "Kamran Ahmed",
    "repo": Object {
      "description": "Roadmap to becoming a web developer in 2018",
      "name": "developer-roadmap",
      "url": "https://github.com/kamranahmedse/developer-roadmap",
    },
    "type": "user",
    "url": "https://github.com/kamranahmedse",
    "username": "kamranahmedse",
  },
  Object {
    "avatar": "https://avatars1.githubusercontent.com/u/16903644",
    "name": "Kevin Naughton Jr.",
    "repo": Object {
      "description": "Everything you need to know to get the job.",
      "name": "interviews",
      "url": "https://github.com/kdn251/interviews",
    },
    "type": "user",
    "url": "https://github.com/kdn251",
    "username": "kdn251",
  },
  Object {
    "avatar": "https://avatars3.githubusercontent.com/u/43479428",
    "name": "30 seconds",
    "repo": Object {
      "description": "Curated collection of useful JavaScript snippets that you can understand in 30 seconds or less.",
      "name": "30-seconds-of-code",
      "url": "https://github.com/30-seconds/30-seconds-of-code",
    },
    "url": "https://github.com/30-seconds",
    "username": "30-seconds",
  },
  Object {
    "avatar": "https://avatars2.githubusercontent.com/u/43819884",
    "name": "Hacktoberfest2018",
    "repo": Object {
      "description": "Add any Program in any language you like or add a hello world Program ❣️ if you like give us ⭐️",
      "name": "Hello-world",
      "url": "https://github.com/Hacktoberfest-2018/Hello-world",
    },
    "url": "https://github.com/Hacktoberfest-2018",
    "username": "Hacktoberfest-2018",
  },
  Object {
    "avatar": "https://avatars0.githubusercontent.com/u/13265495",
    "name": "HUA Yang",
    "repo": Object {
      "description": "2018/2019/校招/春招/秋招/算法/机器学习(Machine Learning)/深度学习(Deep Learning)/自然语言处理(NLP)/C/C++/Python/面试笔记",
      "name": "Algorithm_Interview_Notes-Chinese",
      "url": "https://github.com/imhuay/Algorithm_Interview_Notes-Chinese",
    },
    "type": "user",
    "url": "https://github.com/imhuay",
    "username": "imhuay",
  },
  Object {
    "avatar": "https://avatars3.githubusercontent.com/u/6295529",
    "name": "FOSSASIA",
    "repo": Object {
      "description": "The Open Event Organizer Server to Manage Events",
      "name": "open-event-server",
      "url": "https://github.com/fossasia/open-event-server",
    },
    "url": "https://github.com/fossasia",
    "username": "fossasia",
  },
]
`;

exports[`fetchRepositories() should match snapshot 1`] = `
Array [
  Object {
    "author": "996icu",
    "builtBy": Array [
      Object {
        "avatar": "https://avatars1.githubusercontent.com/u/48942249",
        "href": "https://github.com/996icu",
        "username": "996icu",
      },
      Object {
        "avatar": "https://avatars3.githubusercontent.com/u/9605663",
        "href": "https://github.com/ChangedenCZD",
        "username": "ChangedenCZD",
      },
      Object {
        "avatar": "https://avatars2.githubusercontent.com/u/34177142",
        "href": "https://github.com/bofeiw",
        "username": "bofeiw",
      },
      Object {
        "avatar": "https://avatars0.githubusercontent.com/u/23656058",
        "href": "https://github.com/xianfengting",
        "username": "xianfengting",
      },
      Object {
        "avatar": "https://avatars0.githubusercontent.com/u/14145071",
        "href": "https://github.com/happymili",
        "username": "happymili",
      },
    ],
    "currentPeriodStars": 1379,
    "description": "Repo for counting stars and contributing. Press F to pay respect to glorious developers.",
    "forks": 19058,
    "language": "Rust",
    "languageColor": "#dea584",
    "name": "996.ICU",
    "stars": 227244,
    "url": "https://github.com/996icu/996.ICU",
  },
  Object {
    "author": "Microsoft",
    "builtBy": Array [
      Object {
        "avatar": "https://avatars1.githubusercontent.com/u/14864042",
        "href": "https://github.com/mrkmarron",
        "username": "mrkmarron",
      },
      Object {
        "avatar": "https://avatars1.githubusercontent.com/u/8011543",
        "href": "https://github.com/thammarith",
        "username": "thammarith",
      },
      Object {
        "avatar": "https://avatars0.githubusercontent.com/u/26602940",
        "href": "https://github.com/0xflotus",
        "username": "0xflotus",
      },
      Object {
        "avatar": "https://avatars1.githubusercontent.com/u/3946645",
        "href": "https://github.com/augustshultz",
        "username": "augustshultz",
      },
      Object {
        "avatar": "https://avatars0.githubusercontent.com/u/9499409",
        "href": "https://github.com/enhsaihan-d",
        "username": "enhsaihan-d",
      },
    ],
    "currentPeriodStars": 768,
    "description": "The Bosque programming language is an experiment in regularized design for a machine assisted rapid and reliable software development lifecycle.",
    "forks": 53,
    "language": "TypeScript",
    "languageColor": "#2b7489",
    "name": "BosqueLanguage",
    "stars": 1249,
    "url": "https://github.com/Microsoft/BosqueLanguage",
  },
  Object {
    "author": "Alikhll",
    "builtBy": Array [
      Object {
        "avatar": "https://avatars3.githubusercontent.com/u/17675690",
        "href": "https://github.com/Alikhll",
        "username": "Alikhll",
      },
    ],
    "currentPeriodStars": 498,
    "description": "Roadmap to becoming a Go developer in 2019",
    "forks": 87,
    "name": "golang-developer-roadmap",
    "stars": 1144,
    "url": "https://github.com/Alikhll/golang-developer-roadmap",
  },
  Object {
    "author": "arturbien",
    "builtBy": Array [
      Object {
        "avatar": "https://avatars3.githubusercontent.com/u/28541613",
        "href": "https://github.com/arturbien",
        "username": "arturbien",
      },
      Object {
        "avatar": "https://avatars1.githubusercontent.com/u/9327616",
        "href": "https://github.com/davidgtu",
        "username": "davidgtu",
      },
    ],
    "currentPeriodStars": 507,
    "description": "🌈🕹 Refreshed Windows 95 style UI components for your React app",
    "forks": 21,
    "language": "JavaScript",
    "languageColor": "#f1e05a",
    "name": "React95",
    "stars": 1615,
    "url": "https://github.com/arturbien/React95",
  },
  Object {
    "author": "apachecn",
    "builtBy": Array [
      Object {
        "avatar": "https://avatars2.githubusercontent.com/u/9199175",
        "href": "https://github.com/jiangzhonglian",
        "username": "jiangzhonglian",
      },
      Object {
        "avatar": "https://avatars3.githubusercontent.com/u/19797426",
        "href": "https://github.com/chenyyx",
        "username": "chenyyx",
      },
      Object {
        "avatar": "https://avatars1.githubusercontent.com/u/16098658",
        "href": "https://github.com/DataMonk2017",
        "username": "DataMonk2017",
      },
      Object {
        "avatar": "https://avatars1.githubusercontent.com/u/26565020",
        "href": "https://github.com/wangyangting",
        "username": "wangyangting",
      },
      Object {
        "avatar": "https://avatars1.githubusercontent.com/u/28261876",
        "href": "https://github.com/Lisanaaa",
        "username": "Lisanaaa",
      },
    ],
    "currentPeriodStars": 446,
    "description": "AiLearning: 机器学习 - MachineLearning - ML、深度学习 - DeepLearning - DL、自然语言处理 NLP",
    "forks": 3873,
    "language": "Python",
    "languageColor": "#3572A5",
    "name": "AiLearning",
    "stars": 10393,
    "url": "https://github.com/apachecn/AiLearning",
  },
  Object {
    "author": "mikolajdobrucki",
    "builtBy": Array [
      Object {
        "avatar": "https://avatars2.githubusercontent.com/u/5467602",
        "href": "https://github.com/mikolajdobrucki",
        "username": "mikolajdobrucki",
      },
      Object {
        "avatar": "https://avatars3.githubusercontent.com/u/20304658",
        "href": "https://github.com/mzaremski",
        "username": "mzaremski",
      },
      Object {
        "avatar": "https://avatars0.githubusercontent.com/u/5757561",
        "href": "https://github.com/mdusza",
        "username": "mdusza",
      },
    ],
    "currentPeriodStars": 430,
    "description": "fully customisable & accessible vector icons",
    "forks": 28,
    "language": "JavaScript",
    "languageColor": "#f1e05a",
    "name": "ikonate",
    "stars": 680,
    "url": "https://github.com/mikolajdobrucki/ikonate",
  },
  Object {
    "author": "SqueezerIO",
    "builtBy": Array [
      Object {
        "avatar": "https://avatars2.githubusercontent.com/u/8492343",
        "href": "https://github.com/nickchisiu",
        "username": "nickchisiu",
      },
      Object {
        "avatar": "https://avatars2.githubusercontent.com/u/15074270",
        "href": "https://github.com/cryptoabhi",
        "username": "cryptoabhi",
      },
      Object {
        "avatar": "https://avatars3.githubusercontent.com/u/8518239",
        "href": "https://github.com/gitter-badger",
        "username": "gitter-badger",
      },
    ],
    "currentPeriodStars": 409,
    "description": "Squeezer Framework - Build serverless dApps",
    "forks": 80,
    "language": "JavaScript",
    "languageColor": "#f1e05a",
    "name": "squeezer",
    "stars": 3193,
    "url": "https://github.com/SqueezerIO/squeezer",
  },
  Object {
    "author": "lib-pku",
    "builtBy": Array [
      Object {
        "avatar": "https://avatars0.githubusercontent.com/u/45264158",
        "href": "https://github.com/librarian-pku",
        "username": "librarian-pku",
      },
      Object {
        "avatar": "https://avatars0.githubusercontent.com/u/44885400",
        "href": "https://github.com/colizz",
        "username": "colizz",
      },
      Object {
        "avatar": "https://avatars1.githubusercontent.com/u/45284610",
        "href": "https://github.com/JustinJia2000",
        "username": "JustinJia2000",
      },
      Object {
        "avatar": "https://avatars1.githubusercontent.com/u/29047471",
        "href": "https://github.com/chemharuka",
        "username": "chemharuka",
      },
      Object {
        "avatar": "https://avatars0.githubusercontent.com/u/43639585",
        "href": "https://github.com/ttigong",
        "username": "ttigong",
      },
    ],
    "currentPeriodStars": 365,
    "description": "贵校课程资料民间整理",
    "forks": 4323,
    "language": "JavaScript",
    "languageColor": "#f1e05a",
    "name": "libpku",
    "stars": 14177,
    "url": "https://github.com/lib-pku/libpku",
  },
  Object {
    "author": "521xueweihan",
    "builtBy": Array [
      Object {
        "avatar": "https://avatars2.githubusercontent.com/u/8255800",
        "href": "https://github.com/521xueweihan",
        "username": "521xueweihan",
      },
      Object {
        "avatar": "https://avatars2.githubusercontent.com/u/46031112",
        "href": "https://github.com/ming995",
        "username": "ming995",
      },
      Object {
        "avatar": "https://avatars1.githubusercontent.com/u/31052670",
        "href": "https://github.com/JackNoah",
        "username": "JackNoah",
      },
      Object {
        "avatar": "https://avatars1.githubusercontent.com/u/8803306",
        "href": "https://github.com/ccwanggl",
        "username": "ccwanggl",
      },
      Object {
        "avatar": "https://avatars2.githubusercontent.com/u/31366103",
        "href": "https://github.com/zzugbb",
        "username": "zzugbb",
      },
    ],
    "currentPeriodStars": 394,
    "description": "Git的奇技淫巧",
    "forks": 1136,
    "name": "git-tips",
    "stars": 6583,
    "url": "https://github.com/521xueweihan/git-tips",
  },
  Object {
    "author": "zhaoolee",
    "builtBy": Array [
      Object {
        "avatar": "https://avatars1.githubusercontent.com/u/15868458",
        "href": "https://github.com/zhaoolee",
        "username": "zhaoolee",
      },
      Object {
        "avatar": "https://avatars1.githubusercontent.com/u/3256083",
        "href": "https://github.com/ksdpmx",
        "username": "ksdpmx",
      },
    ],
    "currentPeriodStars": 396,
    "description": "🌈Chrome插件英雄榜, 为优秀的Chrome插件写一本中文说明书, 让Chrome插件英雄们造福人类~ ChromePluginHeroes, Write a Chinese manual for the excellent Chrome plugin, let the Chrome plugin heroes benefit the human~",
    "forks": 429,
    "language": "Python",
    "languageColor": "#3572A5",
    "name": "ChromeAppHeroes",
    "stars": 5857,
    "url": "https://github.com/zhaoolee/ChromeAppHeroes",
  },
  Object {
    "author": "amejiarosario",
    "builtBy": Array [
      Object {
        "avatar": "https://avatars3.githubusercontent.com/u/418605",
        "href": "https://github.com/amejiarosario",
        "username": "amejiarosario",
      },
      Object {
        "avatar": "https://avatars3.githubusercontent.com/u/37636210",
        "href": "https://github.com/bottd",
        "username": "bottd",
      },
      Object {
        "avatar": "https://avatars3.githubusercontent.com/u/1916514",
        "href": "https://github.com/ivanji",
        "username": "ivanji",
      },
      Object {
        "avatar": "https://avatars2.githubusercontent.com/u/8942633",
        "href": "https://github.com/mbeaudru",
        "username": "mbeaudru",
      },
    ],
    "currentPeriodStars": 345,
    "description": "Data Structures and Algorithms explained and implemented in JavaScript",
    "forks": 42,
    "language": "JavaScript",
    "languageColor": "#f1e05a",
    "name": "dsa.js",
    "stars": 629,
    "url": "https://github.com/amejiarosario/dsa.js",
  },
  Object {
    "author": "halo-dev",
    "builtBy": Array [
      Object {
        "avatar": "https://avatars1.githubusercontent.com/u/21301288",
        "href": "https://github.com/ruibaby",
        "username": "ruibaby",
      },
      Object {
        "avatar": "https://avatars1.githubusercontent.com/u/16865714",
        "href": "https://github.com/JohnNiang",
        "username": "JohnNiang",
      },
      Object {
        "avatar": "https://avatars2.githubusercontent.com/u/27435960",
        "href": "https://github.com/ywms",
        "username": "ywms",
      },
      Object {
        "avatar": "https://avatars0.githubusercontent.com/u/8470005",
        "href": "https://github.com/sadikay",
        "username": "sadikay",
      },
      Object {
        "avatar": "https://avatars2.githubusercontent.com/u/31175030",
        "href": "https://github.com/jizhuozhi",
        "username": "jizhuozhi",
      },
    ],
    "currentPeriodStars": 291,
    "description": "✍ Halo 可能是最好的 Java 博客系统",
    "forks": 642,
    "language": "Java",
    "languageColor": "#b07219",
    "name": "halo",
    "stars": 2586,
    "url": "https://github.com/halo-dev/halo",
  },
  Object {
    "author": "ines",
    "builtBy": Array [
      Object {
        "avatar": "https://avatars3.githubusercontent.com/u/13643239",
        "href": "https://github.com/ines",
        "username": "ines",
      },
      Object {
        "avatar": "https://avatars2.githubusercontent.com/u/5055818",
        "href": "https://github.com/jonmcalder",
        "username": "jonmcalder",
      },
    ],
    "currentPeriodStars": 318,
    "description": "👩‍🏫 Advanced NLP with spaCy: A free online course",
    "forks": 49,
    "language": "Python",
    "languageColor": "#3572A5",
    "name": "spacy-course",
    "stars": 752,
    "url": "https://github.com/ines/spacy-course",
  },
  Object {
    "author": "mohanson",
    "builtBy": Array [
      Object {
        "avatar": "https://avatars3.githubusercontent.com/u/12387889",
        "href": "https://github.com/mohanson",
        "username": "mohanson",
      },
      Object {
        "avatar": "https://avatars1.githubusercontent.com/u/7720052",
        "href": "https://github.com/urmyfaith",
        "username": "urmyfaith",
      },
    ],
    "currentPeriodStars": 304,
    "description": "Full featured GameBoy emulator. Let's dance!",
    "forks": 13,
    "language": "Rust",
    "languageColor": "#dea584",
    "name": "gameboy",
    "stars": 325,
    "url": "https://github.com/mohanson/gameboy",
  },
  Object {
    "author": "QSCTech",
    "builtBy": Array [
      Object {
        "avatar": "https://avatars1.githubusercontent.com/u/4469895",
        "href": "https://github.com/DreaminginCodeZH",
        "username": "DreaminginCodeZH",
      },
      Object {
        "avatar": "https://avatars0.githubusercontent.com/u/17944630",
        "href": "https://github.com/Wei-TianHao",
        "username": "Wei-TianHao",
      },
      Object {
        "avatar": "https://avatars0.githubusercontent.com/u/33076808",
        "href": "https://github.com/fish98",
        "username": "fish98",
      },
      Object {
        "avatar": "https://avatars1.githubusercontent.com/u/39231653",
        "href": "https://github.com/h-lujian",
        "username": "h-lujian",
      },
      Object {
        "avatar": "https://avatars1.githubusercontent.com/u/5022927",
        "href": "https://github.com/yujincheng08",
        "username": "yujincheng08",
      },
    ],
    "currentPeriodStars": 236,
    "description": "浙江大学课程攻略共享计划",
    "forks": 2896,
    "language": "HTML",
    "languageColor": "#e34c26",
    "name": "zju-icicles",
    "stars": 9351,
    "url": "https://github.com/QSCTech/zju-icicles",
  },
  Object {
    "author": "alex-saunders",
    "builtBy": Array [
      Object {
        "avatar": "https://avatars3.githubusercontent.com/u/22820481",
        "href": "https://github.com/alex-saunders",
        "username": "alex-saunders",
      },
    ],
    "currentPeriodStars": 258,
    "description": "🐭 An in-browser task runner for modern web development",
    "forks": 8,
    "language": "JavaScript",
    "languageColor": "#f1e05a",
    "name": "glicky",
    "stars": 355,
    "url": "https://github.com/alex-saunders/glicky",
  },
  Object {
    "author": "looly",
    "builtBy": Array [
      Object {
        "avatar": "https://avatars1.githubusercontent.com/u/1432613",
        "href": "https://github.com/looly",
        "username": "looly",
      },
      Object {
        "avatar": "https://avatars0.githubusercontent.com/u/27042034",
        "href": "https://github.com/weibaohui",
        "username": "weibaohui",
      },
      Object {
        "avatar": "https://avatars2.githubusercontent.com/u/16408873",
        "href": "https://github.com/jiangzeyin",
        "username": "jiangzeyin",
      },
      Object {
        "avatar": "https://avatars0.githubusercontent.com/u/6970681",
        "href": "https://github.com/xyz327",
        "username": "xyz327",
      },
      Object {
        "avatar": "https://avatars1.githubusercontent.com/u/26080361",
        "href": "https://github.com/Gsealy",
        "username": "Gsealy",
      },
    ],
    "currentPeriodStars": 228,
    "description": "A set of tools that keep Java sweet.",
    "forks": 1236,
    "language": "Java",
    "languageColor": "#b07219",
    "name": "hutool",
    "stars": 3956,
    "url": "https://github.com/looly/hutool",
  },
  Object {
    "author": "PKUanonym",
    "builtBy": Array [],
    "currentPeriodStars": 217,
    "description": "清华大学计算机系课程攻略 Guidance for courses in Department of Computer Science and Technology, Tsinghua University",
    "forks": 1497,
    "language": "C++",
    "languageColor": "#f34b7d",
    "name": "REKCARC-TSC-UHT",
    "stars": 5501,
    "url": "https://github.com/PKUanonym/REKCARC-TSC-UHT",
  },
  Object {
    "author": "codercom",
    "builtBy": Array [
      Object {
        "avatar": "https://avatars0.githubusercontent.com/u/45609798",
        "href": "https://github.com/code-asher",
        "username": "code-asher",
      },
      Object {
        "avatar": "https://avatars3.githubusercontent.com/u/7122116",
        "href": "https://github.com/kylecarbs",
        "username": "kylecarbs",
      },
      Object {
        "avatar": "https://avatars1.githubusercontent.com/u/10180857",
        "href": "https://github.com/nhooyr",
        "username": "nhooyr",
      },
      Object {
        "avatar": "https://avatars2.githubusercontent.com/u/5651438",
        "href": "https://github.com/nol166",
        "username": "nol166",
      },
      Object {
        "avatar": "https://avatars2.githubusercontent.com/u/7416144",
        "href": "https://github.com/ammario",
        "username": "ammario",
      },
    ],
    "currentPeriodStars": 231,
    "description": "Run VS Code on a remote server.",
    "forks": 858,
    "language": "TypeScript",
    "languageColor": "#2b7489",
    "name": "code-server",
    "stars": 16140,
    "url": "https://github.com/codercom/code-server",
  },
  Object {
    "author": "Snailclimb",
    "builtBy": Array [
      Object {
        "avatar": "https://avatars0.githubusercontent.com/u/29880145",
        "href": "https://github.com/Snailclimb",
        "username": "Snailclimb",
      },
      Object {
        "avatar": "https://avatars0.githubusercontent.com/u/43314997",
        "href": "https://github.com/Goose9527",
        "username": "Goose9527",
      },
      Object {
        "avatar": "https://avatars3.githubusercontent.com/u/3983683",
        "href": "https://github.com/fanofxiaofeng",
        "username": "fanofxiaofeng",
      },
      Object {
        "avatar": "https://avatars3.githubusercontent.com/u/31980412",
        "href": "https://github.com/illusorycloud",
        "username": "illusorycloud",
      },
      Object {
        "avatar": "https://avatars0.githubusercontent.com/u/24930369",
        "href": "https://github.com/Gene1994",
        "username": "Gene1994",
      },
    ],
    "currentPeriodStars": 203,
    "description": "【Java学习+面试指南】 一份涵盖大部分Java程序员所需要掌握的核心知识。",
    "forks": 11052,
    "language": "Java",
    "languageColor": "#b07219",
    "name": "JavaGuide",
    "stars": 35987,
    "url": "https://github.com/Snailclimb/JavaGuide",
  },
  Object {
    "author": "Microsoft",
    "builtBy": Array [
      Object {
        "avatar": "https://avatars2.githubusercontent.com/u/24198045",
        "href": "https://github.com/SergeiAlonichau",
        "username": "SergeiAlonichau",
      },
      Object {
        "avatar": "https://avatars2.githubusercontent.com/u/47987468",
        "href": "https://github.com/jiamguo",
        "username": "jiamguo",
      },
      Object {
        "avatar": "https://avatars2.githubusercontent.com/u/48695626",
        "href": "https://github.com/JiguangShen",
        "username": "JiguangShen",
      },
      Object {
        "avatar": "https://avatars1.githubusercontent.com/u/22527892",
        "href": "https://github.com/microsoftopensource",
        "username": "microsoftopensource",
      },
      Object {
        "avatar": "https://avatars0.githubusercontent.com/u/26602940",
        "href": "https://github.com/0xflotus",
        "username": "0xflotus",
      },
    ],
    "currentPeriodStars": 221,
    "description": "A lightning fast Finite State machine and REgular expression manipulation library.",
    "forks": 31,
    "language": "C++",
    "languageColor": "#f34b7d",
    "name": "BlingFire",
    "stars": 876,
    "url": "https://github.com/Microsoft/BlingFire",
  },
  Object {
    "author": "historicalsource",
    "builtBy": Array [
      Object {
        "avatar": "https://avatars2.githubusercontent.com/u/49599193",
        "href": "https://github.com/historicalsource",
        "username": "historicalsource",
      },
    ],
    "currentPeriodStars": 203,
    "description": "The Hitchhiker's Guide to the Galaxy, by Steve Meretzky and Douglas Adams (Infocom)",
    "forks": 77,
    "language": "ZIL",
    "languageColor": "#dc75e5",
    "name": "hitchhikersguide",
    "stars": 568,
    "url": "https://github.com/historicalsource/hitchhikersguide",
  },
  Object {
    "author": "Ji4n1ng",
    "builtBy": Array [
      Object {
        "avatar": "https://avatars2.githubusercontent.com/u/11001224",
        "href": "https://github.com/Ji4n1ng",
        "username": "Ji4n1ng",
      },
      Object {
        "avatar": "https://avatars2.githubusercontent.com/u/2769158",
        "href": "https://github.com/Camji55",
        "username": "Camji55",
      },
    ],
    "currentPeriodStars": 213,
    "description": "✨ Finder Toolbar app for macOS to open the current directory in Terminal, iTerm or Hyper.",
    "forks": 47,
    "language": "Swift",
    "languageColor": "#ffac45",
    "name": "OpenInTerminal",
    "stars": 877,
    "url": "https://github.com/Ji4n1ng/OpenInTerminal",
  },
  Object {
    "author": "florinpop17",
    "builtBy": Array [
      Object {
        "avatar": "https://avatars0.githubusercontent.com/u/6692364",
        "href": "https://github.com/florinpop17",
        "username": "florinpop17",
      },
      Object {
        "avatar": "https://avatars0.githubusercontent.com/u/1287072",
        "href": "https://github.com/jdmedlock",
        "username": "jdmedlock",
      },
      Object {
        "avatar": "https://avatars2.githubusercontent.com/u/3055285",
        "href": "https://github.com/vbarzana",
        "username": "vbarzana",
      },
      Object {
        "avatar": "https://avatars0.githubusercontent.com/u/20932829",
        "href": "https://github.com/AlanPieczonka",
        "username": "AlanPieczonka",
      },
      Object {
        "avatar": "https://avatars1.githubusercontent.com/u/20985483",
        "href": "https://github.com/Tobibur",
        "username": "Tobibur",
      },
    ],
    "currentPeriodStars": 211,
    "description": "A Collection of application ideas which can be used to improve your coding skills.",
    "forks": 230,
    "name": "app-ideas",
    "stars": 3260,
    "url": "https://github.com/florinpop17/app-ideas",
  },
  Object {
    "author": "dessalines",
    "builtBy": Array [
      Object {
        "avatar": "https://avatars0.githubusercontent.com/u/930215",
        "href": "https://github.com/dessalines",
        "username": "dessalines",
      },
    ],
    "currentPeriodStars": 200,
    "description": "Building a federated alternative to reddit in rust",
    "forks": 19,
    "language": "Rust",
    "languageColor": "#dea584",
    "name": "lemmy",
    "stars": 612,
    "url": "https://github.com/dessalines/lemmy",
  },
]
`;
