// Jest Snapshot v1, https://goo.gl/fbAQLP

exports[`fetchAllLanguages() should match snapshot 1`] = `
Object {
  "all": Array [
    Object {
      "name": "1C Enterprise",
      "urlParam": "1c-enterprise",
    },
    Object {
      "name": "ABAP",
      "urlParam": "abap",
    },
    Object {
      "name": "ABNF",
      "urlParam": "abnf",
    },
    Object {
      "name": "ActionScript",
      "urlParam": "actionscript",
    },
    Object {
      "name": "Ada",
      "urlParam": "ada",
    },
    Object {
      "name": "Adobe Font Metrics",
      "urlParam": "adobe-font-metrics",
    },
    Object {
      "name": "Agda",
      "urlParam": "agda",
    },
    Object {
      "name": "AGS Script",
      "urlParam": "ags-script",
    },
    Object {
      "name": "Alloy",
      "urlParam": "alloy",
    },
    Object {
      "name": "Alpine Abuild",
      "urlParam": "alpine-abuild",
    },
    Object {
      "name": "AMPL",
      "urlParam": "ampl",
    },
    Object {
      "name": "AngelScript",
      "urlParam": "angelscript",
    },
    Object {
      "name": "Ant Build System",
      "urlParam": "ant-build-system",
    },
    Object {
      "name": "ANTLR",
      "urlParam": "antlr",
    },
    Object {
      "name": "ApacheConf",
      "urlParam": "apacheconf",
    },
    Object {
      "name": "Apex",
      "urlParam": "apex",
    },
    Object {
      "name": "API Blueprint",
      "urlParam": "api-blueprint",
    },
    Object {
      "name": "APL",
      "urlParam": "apl",
    },
    Object {
      "name": "Apollo Guidance Computer",
      "urlParam": "apollo-guidance-computer",
    },
    Object {
      "name": "AppleScript",
      "urlParam": "applescript",
    },
    Object {
      "name": "Arc",
      "urlParam": "arc",
    },
    Object {
      "name": "AsciiDoc",
      "urlParam": "asciidoc",
    },
    Object {
      "name": "ASN.1",
      "urlParam": "asn.1",
    },
    Object {
      "name": "ASP",
      "urlParam": "asp",
    },
    Object {
      "name": "AspectJ",
      "urlParam": "aspectj",
    },
    Object {
      "name": "Assembly",
      "urlParam": "assembly",
    },
    Object {
      "name": "ATS",
      "urlParam": "ats",
    },
    Object {
      "name": "Augeas",
      "urlParam": "augeas",
    },
    Object {
      "name": "AutoHotkey",
      "urlParam": "autohotkey",
    },
    Object {
      "name": "AutoIt",
      "urlParam": "autoit",
    },
    Object {
      "name": "Awk",
      "urlParam": "awk",
    },
    Object {
      "name": "Ballerina",
      "urlParam": "ballerina",
    },
    Object {
      "name": "Batchfile",
      "urlParam": "batchfile",
    },
    Object {
      "name": "Befunge",
      "urlParam": "befunge",
    },
    Object {
      "name": "Bison",
      "urlParam": "bison",
    },
    Object {
      "name": "BitBake",
      "urlParam": "bitbake",
    },
    Object {
      "name": "Blade",
      "urlParam": "blade",
    },
    Object {
      "name": "BlitzBasic",
      "urlParam": "blitzbasic",
    },
    Object {
      "name": "BlitzMax",
      "urlParam": "blitzmax",
    },
    Object {
      "name": "Bluespec",
      "urlParam": "bluespec",
    },
    Object {
      "name": "Boo",
      "urlParam": "boo",
    },
    Object {
      "name": "Brainfuck",
      "urlParam": "brainfuck",
    },
    Object {
      "name": "Brightscript",
      "urlParam": "brightscript",
    },
    Object {
      "name": "Bro",
      "urlParam": "bro",
    },
    Object {
      "name": "C",
      "urlParam": "c",
    },
    Object {
      "name": "C#",
      "urlParam": "c%23",
    },
    Object {
      "name": "C++",
      "urlParam": "c++",
    },
    Object {
      "name": "C-ObjDump",
      "urlParam": "c-objdump",
    },
    Object {
      "name": "C2hs Haskell",
      "urlParam": "c2hs-haskell",
    },
    Object {
      "name": "Cap'n Proto",
      "urlParam": "cap'n-proto",
    },
    Object {
      "name": "CartoCSS",
      "urlParam": "cartocss",
    },
    Object {
      "name": "Ceylon",
      "urlParam": "ceylon",
    },
    Object {
      "name": "Chapel",
      "urlParam": "chapel",
    },
    Object {
      "name": "Charity",
      "urlParam": "charity",
    },
    Object {
      "name": "ChucK",
      "urlParam": "chuck",
    },
    Object {
      "name": "Cirru",
      "urlParam": "cirru",
    },
    Object {
      "name": "Clarion",
      "urlParam": "clarion",
    },
    Object {
      "name": "Clean",
      "urlParam": "clean",
    },
    Object {
      "name": "Click",
      "urlParam": "click",
    },
    Object {
      "name": "CLIPS",
      "urlParam": "clips",
    },
    Object {
      "name": "Clojure",
      "urlParam": "clojure",
    },
    Object {
      "name": "Closure Templates",
      "urlParam": "closure-templates",
    },
    Object {
      "name": "Cloud Firestore Security Rules",
      "urlParam": "cloud-firestore-security-rules",
    },
    Object {
      "name": "CMake",
      "urlParam": "cmake",
    },
    Object {
      "name": "COBOL",
      "urlParam": "cobol",
    },
    Object {
      "name": "CoffeeScript",
      "urlParam": "coffeescript",
    },
    Object {
      "name": "ColdFusion",
      "urlParam": "coldfusion",
    },
    Object {
      "name": "ColdFusion CFC",
      "urlParam": "coldfusion-cfc",
    },
    Object {
      "name": "COLLADA",
      "urlParam": "collada",
    },
    Object {
      "name": "Common Lisp",
      "urlParam": "common-lisp",
    },
    Object {
      "name": "Common Workflow Language",
      "urlParam": "common-workflow-language",
    },
    Object {
      "name": "Component Pascal",
      "urlParam": "component-pascal",
    },
    Object {
      "name": "CoNLL-U",
      "urlParam": "conll-u",
    },
    Object {
      "name": "Cool",
      "urlParam": "cool",
    },
    Object {
      "name": "Coq",
      "urlParam": "coq",
    },
    Object {
      "name": "Cpp-ObjDump",
      "urlParam": "cpp-objdump",
    },
    Object {
      "name": "Creole",
      "urlParam": "creole",
    },
    Object {
      "name": "Crystal",
      "urlParam": "crystal",
    },
    Object {
      "name": "CSON",
      "urlParam": "cson",
    },
    Object {
      "name": "Csound",
      "urlParam": "csound",
    },
    Object {
      "name": "Csound Document",
      "urlParam": "csound-document",
    },
    Object {
      "name": "Csound Score",
      "urlParam": "csound-score",
    },
    Object {
      "name": "CSS",
      "urlParam": "css",
    },
    Object {
      "name": "CSV",
      "urlParam": "csv",
    },
    Object {
      "name": "Cuda",
      "urlParam": "cuda",
    },
    Object {
      "name": "CWeb",
      "urlParam": "cweb",
    },
    Object {
      "name": "Cycript",
      "urlParam": "cycript",
    },
    Object {
      "name": "Cython",
      "urlParam": "cython",
    },
    Object {
      "name": "D",
      "urlParam": "d",
    },
    Object {
      "name": "D-ObjDump",
      "urlParam": "d-objdump",
    },
    Object {
      "name": "Darcs Patch",
      "urlParam": "darcs-patch",
    },
    Object {
      "name": "Dart",
      "urlParam": "dart",
    },
    Object {
      "name": "DataWeave",
      "urlParam": "dataweave",
    },
    Object {
      "name": "desktop",
      "urlParam": "desktop",
    },
    Object {
      "name": "Diff",
      "urlParam": "diff",
    },
    Object {
      "name": "DIGITAL Command Language",
      "urlParam": "digital-command-language",
    },
    Object {
      "name": "DM",
      "urlParam": "dm",
    },
    Object {
      "name": "DNS Zone",
      "urlParam": "dns-zone",
    },
    Object {
      "name": "Dockerfile",
      "urlParam": "dockerfile",
    },
    Object {
      "name": "Dogescript",
      "urlParam": "dogescript",
    },
    Object {
      "name": "DTrace",
      "urlParam": "dtrace",
    },
    Object {
      "name": "Dylan",
      "urlParam": "dylan",
    },
    Object {
      "name": "E",
      "urlParam": "e",
    },
    Object {
      "name": "Eagle",
      "urlParam": "eagle",
    },
    Object {
      "name": "Easybuild",
      "urlParam": "easybuild",
    },
    Object {
      "name": "EBNF",
      "urlParam": "ebnf",
    },
    Object {
      "name": "eC",
      "urlParam": "ec",
    },
    Object {
      "name": "Ecere Projects",
      "urlParam": "ecere-projects",
    },
    Object {
      "name": "ECL",
      "urlParam": "ecl",
    },
    Object {
      "name": "ECLiPSe",
      "urlParam": "eclipse",
    },
    Object {
      "name": "Edje Data Collection",
      "urlParam": "edje-data-collection",
    },
    Object {
      "name": "edn",
      "urlParam": "edn",
    },
    Object {
      "name": "Eiffel",
      "urlParam": "eiffel",
    },
    Object {
      "name": "EJS",
      "urlParam": "ejs",
    },
    Object {
      "name": "Elixir",
      "urlParam": "elixir",
    },
    Object {
      "name": "Elm",
      "urlParam": "elm",
    },
    Object {
      "name": "Emacs Lisp",
      "urlParam": "emacs-lisp",
    },
    Object {
      "name": "EmberScript",
      "urlParam": "emberscript",
    },
    Object {
      "name": "EQ",
      "urlParam": "eq",
    },
    Object {
      "name": "Erlang",
      "urlParam": "erlang",
    },
    Object {
      "name": "F#",
      "urlParam": "f%23",
    },
    Object {
      "name": "F*",
      "urlParam": "f*",
    },
    Object {
      "name": "Factor",
      "urlParam": "factor",
    },
    Object {
      "name": "Fancy",
      "urlParam": "fancy",
    },
    Object {
      "name": "Fantom",
      "urlParam": "fantom",
    },
    Object {
      "name": "Filebench WML",
      "urlParam": "filebench-wml",
    },
    Object {
      "name": "Filterscript",
      "urlParam": "filterscript",
    },
    Object {
      "name": "fish",
      "urlParam": "fish",
    },
    Object {
      "name": "FLUX",
      "urlParam": "flux",
    },
    Object {
      "name": "Formatted",
      "urlParam": "formatted",
    },
    Object {
      "name": "Forth",
      "urlParam": "forth",
    },
    Object {
      "name": "Fortran",
      "urlParam": "fortran",
    },
    Object {
      "name": "FreeMarker",
      "urlParam": "freemarker",
    },
    Object {
      "name": "Frege",
      "urlParam": "frege",
    },
    Object {
      "name": "G-code",
      "urlParam": "g-code",
    },
    Object {
      "name": "Game Maker Language",
      "urlParam": "game-maker-language",
    },
    Object {
      "name": "GAMS",
      "urlParam": "gams",
    },
    Object {
      "name": "GAP",
      "urlParam": "gap",
    },
    Object {
      "name": "GCC Machine Description",
      "urlParam": "gcc-machine-description",
    },
    Object {
      "name": "GDB",
      "urlParam": "gdb",
    },
    Object {
      "name": "GDScript",
      "urlParam": "gdscript",
    },
    Object {
      "name": "Genie",
      "urlParam": "genie",
    },
    Object {
      "name": "Genshi",
      "urlParam": "genshi",
    },
    Object {
      "name": "Gentoo Ebuild",
      "urlParam": "gentoo-ebuild",
    },
    Object {
      "name": "Gentoo Eclass",
      "urlParam": "gentoo-eclass",
    },
    Object {
      "name": "Gerber Image",
      "urlParam": "gerber-image",
    },
    Object {
      "name": "Gettext Catalog",
      "urlParam": "gettext-catalog",
    },
    Object {
      "name": "Gherkin",
      "urlParam": "gherkin",
    },
    Object {
      "name": "GLSL",
      "urlParam": "glsl",
    },
    Object {
      "name": "Glyph",
      "urlParam": "glyph",
    },
    Object {
      "name": "GN",
      "urlParam": "gn",
    },
    Object {
      "name": "Gnuplot",
      "urlParam": "gnuplot",
    },
    Object {
      "name": "Go",
      "urlParam": "go",
    },
    Object {
      "name": "Golo",
      "urlParam": "golo",
    },
    Object {
      "name": "Gosu",
      "urlParam": "gosu",
    },
    Object {
      "name": "Grace",
      "urlParam": "grace",
    },
    Object {
      "name": "Gradle",
      "urlParam": "gradle",
    },
    Object {
      "name": "Grammatical Framework",
      "urlParam": "grammatical-framework",
    },
    Object {
      "name": "Graph Modeling Language",
      "urlParam": "graph-modeling-language",
    },
    Object {
      "name": "GraphQL",
      "urlParam": "graphql",
    },
    Object {
      "name": "Graphviz (DOT)",
      "urlParam": "graphviz-(dot)",
    },
    Object {
      "name": "Groovy",
      "urlParam": "groovy",
    },
    Object {
      "name": "Groovy Server Pages",
      "urlParam": "groovy-server-pages",
    },
    Object {
      "name": "Hack",
      "urlParam": "hack",
    },
    Object {
      "name": "Haml",
      "urlParam": "haml",
    },
    Object {
      "name": "Handlebars",
      "urlParam": "handlebars",
    },
    Object {
      "name": "Harbour",
      "urlParam": "harbour",
    },
    Object {
      "name": "Haskell",
      "urlParam": "haskell",
    },
    Object {
      "name": "Haxe",
      "urlParam": "haxe",
    },
    Object {
      "name": "HCL",
      "urlParam": "hcl",
    },
    Object {
      "name": "HiveQL",
      "urlParam": "hiveql",
    },
    Object {
      "name": "HLSL",
      "urlParam": "hlsl",
    },
    Object {
      "name": "HTML",
      "urlParam": "html",
    },
    Object {
      "name": "HTML+Django",
      "urlParam": "html+django",
    },
    Object {
      "name": "HTML+ECR",
      "urlParam": "html+ecr",
    },
    Object {
      "name": "HTML+EEX",
      "urlParam": "html+eex",
    },
    Object {
      "name": "HTML+ERB",
      "urlParam": "html+erb",
    },
    Object {
      "name": "HTML+PHP",
      "urlParam": "html+php",
    },
    Object {
      "name": "HTTP",
      "urlParam": "http",
    },
    Object {
      "name": "HXML",
      "urlParam": "hxml",
    },
    Object {
      "name": "Hy",
      "urlParam": "hy",
    },
    Object {
      "name": "HyPhy",
      "urlParam": "hyphy",
    },
    Object {
      "name": "IDL",
      "urlParam": "idl",
    },
    Object {
      "name": "Idris",
      "urlParam": "idris",
    },
    Object {
      "name": "IGOR Pro",
      "urlParam": "igor-pro",
    },
    Object {
      "name": "Inform 7",
      "urlParam": "inform-7",
    },
    Object {
      "name": "INI",
      "urlParam": "ini",
    },
    Object {
      "name": "Inno Setup",
      "urlParam": "inno-setup",
    },
    Object {
      "name": "Io",
      "urlParam": "io",
    },
    Object {
      "name": "Ioke",
      "urlParam": "ioke",
    },
    Object {
      "name": "IRC log",
      "urlParam": "irc-log",
    },
    Object {
      "name": "Isabelle",
      "urlParam": "isabelle",
    },
    Object {
      "name": "Isabelle ROOT",
      "urlParam": "isabelle-root",
    },
    Object {
      "name": "J",
      "urlParam": "j",
    },
    Object {
      "name": "Jasmin",
      "urlParam": "jasmin",
    },
    Object {
      "name": "Java",
      "urlParam": "java",
    },
    Object {
      "name": "Java Server Pages",
      "urlParam": "java-server-pages",
    },
    Object {
      "name": "JavaScript",
      "urlParam": "javascript",
    },
    Object {
      "name": "JFlex",
      "urlParam": "jflex",
    },
    Object {
      "name": "Jison",
      "urlParam": "jison",
    },
    Object {
      "name": "Jison Lex",
      "urlParam": "jison-lex",
    },
    Object {
      "name": "Jolie",
      "urlParam": "jolie",
    },
    Object {
      "name": "JSON",
      "urlParam": "json",
    },
    Object {
      "name": "JSON with Comments",
      "urlParam": "json-with-comments",
    },
    Object {
      "name": "JSON5",
      "urlParam": "json5",
    },
    Object {
      "name": "JSONiq",
      "urlParam": "jsoniq",
    },
    Object {
      "name": "JSONLD",
      "urlParam": "jsonld",
    },
    Object {
      "name": "JSX",
      "urlParam": "jsx",
    },
    Object {
      "name": "Julia",
      "urlParam": "julia",
    },
    Object {
      "name": "Jupyter Notebook",
      "urlParam": "jupyter-notebook",
    },
    Object {
      "name": "KiCad Layout",
      "urlParam": "kicad-layout",
    },
    Object {
      "name": "KiCad Legacy Layout",
      "urlParam": "kicad-legacy-layout",
    },
    Object {
      "name": "KiCad Schematic",
      "urlParam": "kicad-schematic",
    },
    Object {
      "name": "Kit",
      "urlParam": "kit",
    },
    Object {
      "name": "Kotlin",
      "urlParam": "kotlin",
    },
    Object {
      "name": "KRL",
      "urlParam": "krl",
    },
    Object {
      "name": "LabVIEW",
      "urlParam": "labview",
    },
    Object {
      "name": "Lasso",
      "urlParam": "lasso",
    },
    Object {
      "name": "Latte",
      "urlParam": "latte",
    },
    Object {
      "name": "Lean",
      "urlParam": "lean",
    },
    Object {
      "name": "Less",
      "urlParam": "less",
    },
    Object {
      "name": "Lex",
      "urlParam": "lex",
    },
    Object {
      "name": "LFE",
      "urlParam": "lfe",
    },
    Object {
      "name": "LilyPond",
      "urlParam": "lilypond",
    },
    Object {
      "name": "Limbo",
      "urlParam": "limbo",
    },
    Object {
      "name": "Linker Script",
      "urlParam": "linker-script",
    },
    Object {
      "name": "Linux Kernel Module",
      "urlParam": "linux-kernel-module",
    },
    Object {
      "name": "Liquid",
      "urlParam": "liquid",
    },
    Object {
      "name": "Literate Agda",
      "urlParam": "literate-agda",
    },
    Object {
      "name": "Literate CoffeeScript",
      "urlParam": "literate-coffeescript",
    },
    Object {
      "name": "Literate Haskell",
      "urlParam": "literate-haskell",
    },
    Object {
      "name": "LiveScript",
      "urlParam": "livescript",
    },
    Object {
      "name": "LLVM",
      "urlParam": "llvm",
    },
    Object {
      "name": "Logos",
      "urlParam": "logos",
    },
    Object {
      "name": "Logtalk",
      "urlParam": "logtalk",
    },
    Object {
      "name": "LOLCODE",
      "urlParam": "lolcode",
    },
    Object {
      "name": "LookML",
      "urlParam": "lookml",
    },
    Object {
      "name": "LoomScript",
      "urlParam": "loomscript",
    },
    Object {
      "name": "LSL",
      "urlParam": "lsl",
    },
    Object {
      "name": "Lua",
      "urlParam": "lua",
    },
    Object {
      "name": "M",
      "urlParam": "m",
    },
    Object {
      "name": "M4",
      "urlParam": "m4",
    },
    Object {
      "name": "M4Sugar",
      "urlParam": "m4sugar",
    },
    Object {
      "name": "Makefile",
      "urlParam": "makefile",
    },
    Object {
      "name": "Mako",
      "urlParam": "mako",
    },
    Object {
      "name": "Markdown",
      "urlParam": "markdown",
    },
    Object {
      "name": "Marko",
      "urlParam": "marko",
    },
    Object {
      "name": "Mask",
      "urlParam": "mask",
    },
    Object {
      "name": "Mathematica",
      "urlParam": "mathematica",
    },
    Object {
      "name": "Matlab",
      "urlParam": "matlab",
    },
    Object {
      "name": "Maven POM",
      "urlParam": "maven-pom",
    },
    Object {
      "name": "Max",
      "urlParam": "max",
    },
    Object {
      "name": "MAXScript",
      "urlParam": "maxscript",
    },
    Object {
      "name": "MediaWiki",
      "urlParam": "mediawiki",
    },
    Object {
      "name": "Mercury",
      "urlParam": "mercury",
    },
    Object {
      "name": "Meson",
      "urlParam": "meson",
    },
    Object {
      "name": "Metal",
      "urlParam": "metal",
    },
    Object {
      "name": "MiniD",
      "urlParam": "minid",
    },
    Object {
      "name": "Mirah",
      "urlParam": "mirah",
    },
    Object {
      "name": "Modelica",
      "urlParam": "modelica",
    },
    Object {
      "name": "Modula-2",
      "urlParam": "modula-2",
    },
    Object {
      "name": "Modula-3",
      "urlParam": "modula-3",
    },
    Object {
      "name": "Module Management System",
      "urlParam": "module-management-system",
    },
    Object {
      "name": "Monkey",
      "urlParam": "monkey",
    },
    Object {
      "name": "Moocode",
      "urlParam": "moocode",
    },
    Object {
      "name": "MoonScript",
      "urlParam": "moonscript",
    },
    Object {
      "name": "MQL4",
      "urlParam": "mql4",
    },
    Object {
      "name": "MQL5",
      "urlParam": "mql5",
    },
    Object {
      "name": "MTML",
      "urlParam": "mtml",
    },
    Object {
      "name": "MUF",
      "urlParam": "muf",
    },
    Object {
      "name": "mupad",
      "urlParam": "mupad",
    },
    Object {
      "name": "Myghty",
      "urlParam": "myghty",
    },
    Object {
      "name": "NCL",
      "urlParam": "ncl",
    },
    Object {
      "name": "Nearley",
      "urlParam": "nearley",
    },
    Object {
      "name": "Nemerle",
      "urlParam": "nemerle",
    },
    Object {
      "name": "nesC",
      "urlParam": "nesc",
    },
    Object {
      "name": "NetLinx",
      "urlParam": "netlinx",
    },
    Object {
      "name": "NetLinx+ERB",
      "urlParam": "netlinx+erb",
    },
    Object {
      "name": "NetLogo",
      "urlParam": "netlogo",
    },
    Object {
      "name": "NewLisp",
      "urlParam": "newlisp",
    },
    Object {
      "name": "Nextflow",
      "urlParam": "nextflow",
    },
    Object {
      "name": "Nginx",
      "urlParam": "nginx",
    },
    Object {
      "name": "Nim",
      "urlParam": "nim",
    },
    Object {
      "name": "Ninja",
      "urlParam": "ninja",
    },
    Object {
      "name": "Nit",
      "urlParam": "nit",
    },
    Object {
      "name": "Nix",
      "urlParam": "nix",
    },
    Object {
      "name": "NL",
      "urlParam": "nl",
    },
    Object {
      "name": "NSIS",
      "urlParam": "nsis",
    },
    Object {
      "name": "Nu",
      "urlParam": "nu",
    },
    Object {
      "name": "NumPy",
      "urlParam": "numpy",
    },
    Object {
      "name": "ObjDump",
      "urlParam": "objdump",
    },
    Object {
      "name": "Objective-C",
      "urlParam": "objective-c",
    },
    Object {
      "name": "Objective-C++",
      "urlParam": "objective-c++",
    },
    Object {
      "name": "Objective-J",
      "urlParam": "objective-j",
    },
    Object {
      "name": "OCaml",
      "urlParam": "ocaml",
    },
    Object {
      "name": "Omgrofl",
      "urlParam": "omgrofl",
    },
    Object {
      "name": "ooc",
      "urlParam": "ooc",
    },
    Object {
      "name": "Opa",
      "urlParam": "opa",
    },
    Object {
      "name": "Opal",
      "urlParam": "opal",
    },
    Object {
      "name": "OpenCL",
      "urlParam": "opencl",
    },
    Object {
      "name": "OpenEdge ABL",
      "urlParam": "openedge-abl",
    },
    Object {
      "name": "OpenRC runscript",
      "urlParam": "openrc-runscript",
    },
    Object {
      "name": "OpenSCAD",
      "urlParam": "openscad",
    },
    Object {
      "name": "OpenType Feature File",
      "urlParam": "opentype-feature-file",
    },
    Object {
      "name": "Org",
      "urlParam": "org",
    },
    Object {
      "name": "Ox",
      "urlParam": "ox",
    },
    Object {
      "name": "Oxygene",
      "urlParam": "oxygene",
    },
    Object {
      "name": "Oz",
      "urlParam": "oz",
    },
    Object {
      "name": "P4",
      "urlParam": "p4",
    },
    Object {
      "name": "Pan",
      "urlParam": "pan",
    },
    Object {
      "name": "Papyrus",
      "urlParam": "papyrus",
    },
    Object {
      "name": "Parrot",
      "urlParam": "parrot",
    },
    Object {
      "name": "Parrot Assembly",
      "urlParam": "parrot-assembly",
    },
    Object {
      "name": "Parrot Internal Representation",
      "urlParam": "parrot-internal-representation",
    },
    Object {
      "name": "Pascal",
      "urlParam": "pascal",
    },
    Object {
      "name": "PAWN",
      "urlParam": "pawn",
    },
    Object {
      "name": "Pep8",
      "urlParam": "pep8",
    },
    Object {
      "name": "Perl",
      "urlParam": "perl",
    },
    Object {
      "name": "Perl 6",
      "urlParam": "perl-6",
    },
    Object {
      "name": "PHP",
      "urlParam": "php",
    },
    Object {
      "name": "Pic",
      "urlParam": "pic",
    },
    Object {
      "name": "Pickle",
      "urlParam": "pickle",
    },
    Object {
      "name": "PicoLisp",
      "urlParam": "picolisp",
    },
    Object {
      "name": "PigLatin",
      "urlParam": "piglatin",
    },
    Object {
      "name": "Pike",
      "urlParam": "pike",
    },
    Object {
      "name": "PLpgSQL",
      "urlParam": "plpgsql",
    },
    Object {
      "name": "PLSQL",
      "urlParam": "plsql",
    },
    Object {
      "name": "Pod",
      "urlParam": "pod",
    },
    Object {
      "name": "PogoScript",
      "urlParam": "pogoscript",
    },
    Object {
      "name": "Pony",
      "urlParam": "pony",
    },
    Object {
      "name": "PostCSS",
      "urlParam": "postcss",
    },
    Object {
      "name": "PostScript",
      "urlParam": "postscript",
    },
    Object {
      "name": "POV-Ray SDL",
      "urlParam": "pov-ray-sdl",
    },
    Object {
      "name": "PowerBuilder",
      "urlParam": "powerbuilder",
    },
    Object {
      "name": "PowerShell",
      "urlParam": "powershell",
    },
    Object {
      "name": "Processing",
      "urlParam": "processing",
    },
    Object {
      "name": "Prolog",
      "urlParam": "prolog",
    },
    Object {
      "name": "Propeller Spin",
      "urlParam": "propeller-spin",
    },
    Object {
      "name": "Protocol Buffer",
      "urlParam": "protocol-buffer",
    },
    Object {
      "name": "Public Key",
      "urlParam": "public-key",
    },
    Object {
      "name": "Pug",
      "urlParam": "pug",
    },
    Object {
      "name": "Puppet",
      "urlParam": "puppet",
    },
    Object {
      "name": "Pure Data",
      "urlParam": "pure-data",
    },
    Object {
      "name": "PureBasic",
      "urlParam": "purebasic",
    },
    Object {
      "name": "PureScript",
      "urlParam": "purescript",
    },
    Object {
      "name": "Python",
      "urlParam": "python",
    },
    Object {
      "name": "Python console",
      "urlParam": "python-console",
    },
    Object {
      "name": "Python traceback",
      "urlParam": "python-traceback",
    },
    Object {
      "name": "q",
      "urlParam": "q",
    },
    Object {
      "name": "QMake",
      "urlParam": "qmake",
    },
    Object {
      "name": "QML",
      "urlParam": "qml",
    },
    Object {
      "name": "Quake",
      "urlParam": "quake",
    },
    Object {
      "name": "R",
      "urlParam": "r",
    },
    Object {
      "name": "Racket",
      "urlParam": "racket",
    },
    Object {
      "name": "Ragel",
      "urlParam": "ragel",
    },
    Object {
      "name": "RAML",
      "urlParam": "raml",
    },
    Object {
      "name": "Rascal",
      "urlParam": "rascal",
    },
    Object {
      "name": "Raw token data",
      "urlParam": "raw-token-data",
    },
    Object {
      "name": "RDoc",
      "urlParam": "rdoc",
    },
    Object {
      "name": "REALbasic",
      "urlParam": "realbasic",
    },
    Object {
      "name": "Reason",
      "urlParam": "reason",
    },
    Object {
      "name": "Rebol",
      "urlParam": "rebol",
    },
    Object {
      "name": "Red",
      "urlParam": "red",
    },
    Object {
      "name": "Redcode",
      "urlParam": "redcode",
    },
    Object {
      "name": "Regular Expression",
      "urlParam": "regular-expression",
    },
    Object {
      "name": "Ren'Py",
      "urlParam": "ren'py",
    },
    Object {
      "name": "RenderScript",
      "urlParam": "renderscript",
    },
    Object {
      "name": "reStructuredText",
      "urlParam": "restructuredtext",
    },
    Object {
      "name": "REXX",
      "urlParam": "rexx",
    },
    Object {
      "name": "RHTML",
      "urlParam": "rhtml",
    },
    Object {
      "name": "Ring",
      "urlParam": "ring",
    },
    Object {
      "name": "RMarkdown",
      "urlParam": "rmarkdown",
    },
    Object {
      "name": "RobotFramework",
      "urlParam": "robotframework",
    },
    Object {
      "name": "Roff",
      "urlParam": "roff",
    },
    Object {
      "name": "Rouge",
      "urlParam": "rouge",
    },
    Object {
      "name": "RPC",
      "urlParam": "rpc",
    },
    Object {
      "name": "RPM Spec",
      "urlParam": "rpm-spec",
    },
    Object {
      "name": "Ruby",
      "urlParam": "ruby",
    },
    Object {
      "name": "RUNOFF",
      "urlParam": "runoff",
    },
    Object {
      "name": "Rust",
      "urlParam": "rust",
    },
    Object {
      "name": "Sage",
      "urlParam": "sage",
    },
    Object {
      "name": "SaltStack",
      "urlParam": "saltstack",
    },
    Object {
      "name": "SAS",
      "urlParam": "sas",
    },
    Object {
      "name": "Sass",
      "urlParam": "sass",
    },
    Object {
      "name": "Scala",
      "urlParam": "scala",
    },
    Object {
      "name": "Scaml",
      "urlParam": "scaml",
    },
    Object {
      "name": "Scheme",
      "urlParam": "scheme",
    },
    Object {
      "name": "Scilab",
      "urlParam": "scilab",
    },
    Object {
      "name": "SCSS",
      "urlParam": "scss",
    },
    Object {
      "name": "sed",
      "urlParam": "sed",
    },
    Object {
      "name": "Self",
      "urlParam": "self",
    },
    Object {
      "name": "ShaderLab",
      "urlParam": "shaderlab",
    },
    Object {
      "name": "Shell",
      "urlParam": "shell",
    },
    Object {
      "name": "ShellSession",
      "urlParam": "shellsession",
    },
    Object {
      "name": "Shen",
      "urlParam": "shen",
    },
    Object {
      "name": "Slash",
      "urlParam": "slash",
    },
    Object {
      "name": "Slice",
      "urlParam": "slice",
    },
    Object {
      "name": "Slim",
      "urlParam": "slim",
    },
    Object {
      "name": "Smali",
      "urlParam": "smali",
    },
    Object {
      "name": "Smalltalk",
      "urlParam": "smalltalk",
    },
    Object {
      "name": "Smarty",
      "urlParam": "smarty",
    },
    Object {
      "name": "SMT",
      "urlParam": "smt",
    },
    Object {
      "name": "Solidity",
      "urlParam": "solidity",
    },
    Object {
      "name": "SourcePawn",
      "urlParam": "sourcepawn",
    },
    Object {
      "name": "SPARQL",
      "urlParam": "sparql",
    },
    Object {
      "name": "Spline Font Database",
      "urlParam": "spline-font-database",
    },
    Object {
      "name": "SQF",
      "urlParam": "sqf",
    },
    Object {
      "name": "SQL",
      "urlParam": "sql",
    },
    Object {
      "name": "SQLPL",
      "urlParam": "sqlpl",
    },
    Object {
      "name": "Squirrel",
      "urlParam": "squirrel",
    },
    Object {
      "name": "SRecode Template",
      "urlParam": "srecode-template",
    },
    Object {
      "name": "Stan",
      "urlParam": "stan",
    },
    Object {
      "name": "Standard ML",
      "urlParam": "standard-ml",
    },
    Object {
      "name": "Stata",
      "urlParam": "stata",
    },
    Object {
      "name": "STON",
      "urlParam": "ston",
    },
    Object {
      "name": "Stylus",
      "urlParam": "stylus",
    },
    Object {
      "name": "JSON with Comments",
      "urlParam": "json-with-comments",
    },
    Object {
      "name": "SubRip Text",
      "urlParam": "subrip-text",
    },
    Object {
      "name": "SugarSS",
      "urlParam": "sugarss",
    },
    Object {
      "name": "SuperCollider",
      "urlParam": "supercollider",
    },
    Object {
      "name": "SVG",
      "urlParam": "svg",
    },
    Object {
      "name": "Swift",
      "urlParam": "swift",
    },
    Object {
      "name": "SystemVerilog",
      "urlParam": "systemverilog",
    },
    Object {
      "name": "Tcl",
      "urlParam": "tcl",
    },
    Object {
      "name": "Tcsh",
      "urlParam": "tcsh",
    },
    Object {
      "name": "Tea",
      "urlParam": "tea",
    },
    Object {
      "name": "Terra",
      "urlParam": "terra",
    },
    Object {
      "name": "TeX",
      "urlParam": "tex",
    },
    Object {
      "name": "Text",
      "urlParam": "text",
    },
    Object {
      "name": "Textile",
      "urlParam": "textile",
    },
    Object {
      "name": "Thrift",
      "urlParam": "thrift",
    },
    Object {
      "name": "TI Program",
      "urlParam": "ti-program",
    },
    Object {
      "name": "TLA",
      "urlParam": "tla",
    },
    Object {
      "name": "TOML",
      "urlParam": "toml",
    },
    Object {
      "name": "Turing",
      "urlParam": "turing",
    },
    Object {
      "name": "Turtle",
      "urlParam": "turtle",
    },
    Object {
      "name": "Twig",
      "urlParam": "twig",
    },
    Object {
      "name": "TXL",
      "urlParam": "txl",
    },
    Object {
      "name": "Type Language",
      "urlParam": "type-language",
    },
    Object {
      "name": "TypeScript",
      "urlParam": "typescript",
    },
    Object {
      "name": "Unified Parallel C",
      "urlParam": "unified-parallel-c",
    },
    Object {
      "name": "Unity3D Asset",
      "urlParam": "unity3d-asset",
    },
    Object {
      "name": "Unix Assembly",
      "urlParam": "unix-assembly",
    },
    Object {
      "name": "Uno",
      "urlParam": "uno",
    },
    Object {
      "name": "UnrealScript",
      "urlParam": "unrealscript",
    },
    Object {
      "name": "UrWeb",
      "urlParam": "urweb",
    },
    Object {
      "name": "Vala",
      "urlParam": "vala",
    },
    Object {
      "name": "VCL",
      "urlParam": "vcl",
    },
    Object {
      "name": "Verilog",
      "urlParam": "verilog",
    },
    Object {
      "name": "VHDL",
      "urlParam": "vhdl",
    },
    Object {
      "name": "Vim script",
      "urlParam": "vim-script",
    },
    Object {
      "name": "Visual Basic",
      "urlParam": "visual-basic",
    },
    Object {
      "name": "Volt",
      "urlParam": "volt",
    },
    Object {
      "name": "Vue",
      "urlParam": "vue",
    },
    Object {
      "name": "Wavefront Material",
      "urlParam": "wavefront-material",
    },
    Object {
      "name": "Wavefront Object",
      "urlParam": "wavefront-object",
    },
    Object {
      "name": "wdl",
      "urlParam": "wdl",
    },
    Object {
      "name": "Web Ontology Language",
      "urlParam": "web-ontology-language",
    },
    Object {
      "name": "WebAssembly",
      "urlParam": "webassembly",
    },
    Object {
      "name": "WebIDL",
      "urlParam": "webidl",
    },
    Object {
      "name": "wisp",
      "urlParam": "wisp",
    },
    Object {
      "name": "World of Warcraft Addon Data",
      "urlParam": "world-of-warcraft-addon-data",
    },
    Object {
      "name": "X BitMap",
      "urlParam": "x-bitmap",
    },
    Object {
      "name": "X PixMap",
      "urlParam": "x-pixmap",
    },
    Object {
      "name": "X10",
      "urlParam": "x10",
    },
    Object {
      "name": "xBase",
      "urlParam": "xbase",
    },
    Object {
      "name": "XC",
      "urlParam": "xc",
    },
    Object {
      "name": "XCompose",
      "urlParam": "xcompose",
    },
    Object {
      "name": "XML",
      "urlParam": "xml",
    },
    Object {
      "name": "Xojo",
      "urlParam": "xojo",
    },
    Object {
      "name": "XPages",
      "urlParam": "xpages",
    },
    Object {
      "name": "XProc",
      "urlParam": "xproc",
    },
    Object {
      "name": "XQuery",
      "urlParam": "xquery",
    },
    Object {
      "name": "XS",
      "urlParam": "xs",
    },
    Object {
      "name": "XSLT",
      "urlParam": "xslt",
    },
    Object {
      "name": "Xtend",
      "urlParam": "xtend",
    },
    Object {
      "name": "Yacc",
      "urlParam": "yacc",
    },
    Object {
      "name": "YAML",
      "urlParam": "yaml",
    },
    Object {
      "name": "YANG",
      "urlParam": "yang",
    },
    Object {
      "name": "YARA",
      "urlParam": "yara",
    },
    Object {
      "name": "YASnippet",
      "urlParam": "yasnippet",
    },
    Object {
      "name": "Zephir",
      "urlParam": "zephir",
    },
    Object {
      "name": "Zimpl",
      "urlParam": "zimpl",
    },
  ],
  "popular": Array [
    Object {
      "name": "CSS",
      "urlParam": "css",
    },
    Object {
      "name": "HTML",
      "urlParam": "html",
    },
    Object {
      "name": "Java",
      "urlParam": "java",
    },
    Object {
      "name": "JavaScript",
      "urlParam": "javascript",
    },
    Object {
      "name": "Objective-C",
      "urlParam": "objective-c",
    },
    Object {
      "name": "Ruby",
      "urlParam": "ruby",
    },
    Object {
      "name": "Swift",
      "urlParam": "swift",
    },
  ],
}
`;

exports[`fetchDevelopers() should match snapshot 1`] = `
Array [
  Object {
    "avatar": "https://avatars2.githubusercontent.com/u/6154722",
    "name": "Microsoft",
    "repo": Object {
      "description": "Visual Studio Code",
      "name": "vscode",
      "url": "https://github.com/Microsoft/vscode",
    },
    "url": "https://github.com/Microsoft",
    "username": "Microsoft",
  },
  Object {
    "avatar": "https://avatars1.githubusercontent.com/u/950417",
    "name": "Michael Driscoll",
    "repo": Object {
      "description": "The Illustrated TLS Connection: Every byte explained",
      "name": "illustrated-tls",
      "url": "https://github.com/syncsynchalt/illustrated-tls",
    },
    "url": "https://github.com/syncsynchalt",
    "username": "syncsynchalt",
  },
  Object {
    "avatar": "https://avatars3.githubusercontent.com/u/8899226",
    "name": "Igglybuff",
    "repo": Object {
      "description": "A curated list of awesome warez and piracy links",
      "name": "awesome-piracy",
      "url": "https://github.com/Igglybuff/awesome-piracy",
    },
    "url": "https://github.com/Igglybuff",
    "username": "Igglybuff",
  },
  Object {
    "avatar": "https://avatars0.githubusercontent.com/u/205375",
    "name": "Dan Burzo",
    "repo": Object {
      "description": "🌐 → 📖 A command-line tool to grab web pages as beautifully formatted PDFs",
      "name": "percollate",
      "url": "https://github.com/danburzo/percollate",
    },
    "url": "https://github.com/danburzo",
    "username": "danburzo",
  },
  Object {
    "avatar": "https://avatars2.githubusercontent.com/u/69631",
    "name": "Facebook",
    "repo": Object {
      "description": "A declarative, efficient, and flexible JavaScript library for building user interfaces.",
      "name": "react",
      "url": "https://github.com/facebook/react",
    },
    "url": "https://github.com/facebook",
    "username": "facebook",
  },
  Object {
    "avatar": "https://avatars1.githubusercontent.com/u/124647",
    "name": "Diego Giagio",
    "repo": Object {
      "description": "Create self-contained single binary applications",
      "name": "warp",
      "url": "https://github.com/dgiagio/warp",
    },
    "url": "https://github.com/dgiagio",
    "username": "dgiagio",
  },
  Object {
    "avatar": "https://avatars1.githubusercontent.com/u/6485007",
    "name": "SocialCops",
    "repo": Object {
      "description": "Camelot: PDF Table Extraction for Humans",
      "name": "camelot",
      "url": "https://github.com/socialcopsdev/camelot",
    },
    "url": "https://github.com/socialcopsdev",
    "username": "socialcopsdev",
  },
  Object {
    "avatar": "https://avatars0.githubusercontent.com/u/1342004",
    "name": "Google",
    "repo": Object {
      "description": "Material Design icons by Google",
      "name": "material-design-icons",
      "url": "https://github.com/google/material-design-icons",
    },
    "url": "https://github.com/google",
    "username": "google",
  },
  Object {
    "avatar": "https://avatars0.githubusercontent.com/u/10245193",
    "name": "Multimedia Laboratory, CUHK",
    "repo": Object {
      "description": "Open MMLab Detection Toolbox",
      "name": "mmdetection",
      "url": "https://github.com/open-mmlab/mmdetection",
    },
    "url": "https://github.com/open-mmlab",
    "username": "open-mmlab",
  },
  Object {
    "avatar": "https://avatars3.githubusercontent.com/u/20487725",
    "name": "The Algorithms",
    "repo": Object {
      "description": "All Algorithms implemented in Python",
      "name": "Python",
      "url": "https://github.com/TheAlgorithms/Python",
    },
    "url": "https://github.com/TheAlgorithms",
    "username": "TheAlgorithms",
  },
  Object {
    "avatar": "https://avatars3.githubusercontent.com/u/119893",
    "name": "Kenneth Reitz",
    "repo": Object {
      "description": "Pythonic HTML Parsing for Humans™",
      "name": "requests-html",
      "url": "https://github.com/kennethreitz/requests-html",
    },
    "url": "https://github.com/kennethreitz",
    "username": "kennethreitz",
  },
  Object {
    "avatar": "https://avatars1.githubusercontent.com/u/15658638",
    "repo": Object {
      "description": "An Open Source Machine Learning Framework for Everyone",
      "name": "tensorflow",
      "url": "https://github.com/tensorflow/tensorflow",
    },
    "url": "https://github.com/tensorflow",
    "username": "tensorflow",
  },
  Object {
    "avatar": "https://avatars3.githubusercontent.com/u/176013",
    "name": "Wes Bos",
    "repo": Object {
      "description": "30 Day Vanilla JS Challenge",
      "name": "JavaScript30",
      "url": "https://github.com/wesbos/JavaScript30",
    },
    "url": "https://github.com/wesbos",
    "username": "wesbos",
  },
  Object {
    "avatar": "https://avatars3.githubusercontent.com/u/2249551",
    "name": "Carlos Fenollosa",
    "repo": Object {
      "description": "How to create an OS from scratch",
      "name": "os-tutorial",
      "url": "https://github.com/cfenollosa/os-tutorial",
    },
    "url": "https://github.com/cfenollosa",
    "username": "cfenollosa",
  },
  Object {
    "avatar": "https://avatars0.githubusercontent.com/u/6128107",
    "name": "vuejs",
    "repo": Object {
      "description": "🖖 A progressive, incrementally-adoptable JavaScript framework for building UI on the web.",
      "name": "vue",
      "url": "https://github.com/vuejs/vue",
    },
    "url": "https://github.com/vuejs",
    "username": "vuejs",
  },
  Object {
    "avatar": "https://avatars1.githubusercontent.com/u/1024025",
    "name": "Linus Torvalds",
    "repo": Object {
      "description": "Linux kernel source tree",
      "name": "linux",
      "url": "https://github.com/torvalds/linux",
    },
    "url": "https://github.com/torvalds",
    "username": "torvalds",
  },
  Object {
    "avatar": "https://avatars0.githubusercontent.com/u/47359",
    "name": "The Apache Software Foundation",
    "repo": Object {
      "description": "A powerful, interactive charting and visualization library for browser",
      "name": "incubator-echarts",
      "url": "https://github.com/apache/incubator-echarts",
    },
    "url": "https://github.com/apache",
    "username": "apache",
  },
  Object {
    "avatar": "https://avatars1.githubusercontent.com/u/170270",
    "name": "Sindre Sorhus",
    "repo": Object {
      "description": "😎 Curated list of awesome lists",
      "name": "awesome",
      "url": "https://github.com/sindresorhus/awesome",
    },
    "url": "https://github.com/sindresorhus",
    "username": "sindresorhus",
  },
  Object {
    "avatar": "https://avatars1.githubusercontent.com/u/150458",
    "name": "mntmn",
    "repo": Object {
      "description": "MNT VA2000, an Open Source Amiga 2/3/4000 Graphics Card (Zorro II/III), written in Verilog",
      "name": "amiga2000-gfxcard",
      "url": "https://github.com/mntmn/amiga2000-gfxcard",
    },
    "url": "https://github.com/mntmn",
    "username": "mntmn",
  },
  Object {
    "avatar": "https://avatars3.githubusercontent.com/u/4921183",
    "name": "Kamran Ahmed",
    "repo": Object {
      "description": "Roadmap to becoming a web developer in 2018",
      "name": "developer-roadmap",
      "url": "https://github.com/kamranahmedse/developer-roadmap",
    },
    "url": "https://github.com/kamranahmedse",
    "username": "kamranahmedse",
  },
  Object {
    "avatar": "https://avatars1.githubusercontent.com/u/16903644",
    "name": "Kevin Naughton Jr.",
    "repo": Object {
      "description": "Everything you need to know to get the job.",
      "name": "interviews",
      "url": "https://github.com/kdn251/interviews",
    },
    "url": "https://github.com/kdn251",
    "username": "kdn251",
  },
  Object {
    "avatar": "https://avatars3.githubusercontent.com/u/43479428",
    "name": "30 seconds",
    "repo": Object {
      "description": "Curated collection of useful JavaScript snippets that you can understand in 30 seconds or less.",
      "name": "30-seconds-of-code",
      "url": "https://github.com/30-seconds/30-seconds-of-code",
    },
    "url": "https://github.com/30-seconds",
    "username": "30-seconds",
  },
  Object {
    "avatar": "https://avatars2.githubusercontent.com/u/43819884",
    "name": "Hacktoberfest2018",
    "repo": Object {
      "description": "Add any Program in any language you like or add a hello world Program ❣️ if you like give us ⭐️",
      "name": "Hello-world",
      "url": "https://github.com/Hacktoberfest-2018/Hello-world",
    },
    "url": "https://github.com/Hacktoberfest-2018",
    "username": "Hacktoberfest-2018",
  },
  Object {
    "avatar": "https://avatars0.githubusercontent.com/u/13265495",
    "name": "HUA Yang",
    "repo": Object {
      "description": "2018/2019/校招/春招/秋招/算法/机器学习(Machine Learning)/深度学习(Deep Learning)/自然语言处理(NLP)/C/C++/Python/面试笔记",
      "name": "Algorithm_Interview_Notes-Chinese",
      "url": "https://github.com/imhuay/Algorithm_Interview_Notes-Chinese",
    },
    "url": "https://github.com/imhuay",
    "username": "imhuay",
  },
  Object {
    "avatar": "https://avatars3.githubusercontent.com/u/6295529",
    "name": "FOSSASIA",
    "repo": Object {
      "description": "The Open Event Organizer Server to Manage Events",
      "name": "open-event-server",
      "url": "https://github.com/fossasia/open-event-server",
    },
    "url": "https://github.com/fossasia",
    "username": "fossasia",
  },
]
`;

exports[`fetchRepositories() should match snapshot 1`] = `
Array [
  Object {
    "author": "syncsynchalt",
    "builtBy": Array [
      Object {
        "avatar": "https://avatars3.githubusercontent.com/u/950417",
        "href": "https://github.com/syncsynchalt",
        "username": "syncsynchalt",
      },
      Object {
        "avatar": "https://avatars1.githubusercontent.com/u/9561039",
        "href": "https://github.com/MichaelBuhler",
        "username": "MichaelBuhler",
      },
    ],
    "currentPeriodStars": 479,
    "description": "The Illustrated TLS Connection: Every byte explained",
    "forks": 49,
    "language": "Go",
    "languageColor": "#375eab",
    "name": "illustrated-tls",
    "stars": 855,
    "url": "https://github.com/syncsynchalt/illustrated-tls",
  },
  Object {
    "author": "Igglybuff",
    "builtBy": Array [
      Object {
        "avatar": "https://avatars1.githubusercontent.com/u/8899226",
        "href": "https://github.com/Igglybuff",
        "username": "Igglybuff",
      },
      Object {
        "avatar": "https://avatars1.githubusercontent.com/u/44121886",
        "href": "https://github.com/Kamil729",
        "username": "Kamil729",
      },
      Object {
        "avatar": "https://avatars0.githubusercontent.com/u/44124989",
        "href": "https://github.com/cafeaulait11",
        "username": "cafeaulait11",
      },
      Object {
        "avatar": "https://avatars3.githubusercontent.com/u/27877342",
        "href": "https://github.com/gocs",
        "username": "gocs",
      },
      Object {
        "avatar": "https://avatars2.githubusercontent.com/u/17493676",
        "href": "https://github.com/cyian-1756",
        "username": "cyian-1756",
      },
    ],
    "currentPeriodStars": 391,
    "description": "A curated list of awesome warez and piracy links",
    "forks": 42,
    "language": "Shell",
    "languageColor": "#89e051",
    "name": "awesome-piracy",
    "stars": 427,
    "url": "https://github.com/Igglybuff/awesome-piracy",
  },
  Object {
    "author": "Hacktoberfest-2018",
    "builtBy": Array [
      Object {
        "avatar": "https://avatars1.githubusercontent.com/u/22680912",
        "href": "https://github.com/Aniket965",
        "username": "Aniket965",
      },
      Object {
        "avatar": "https://avatars1.githubusercontent.com/u/32489939",
        "href": "https://github.com/shubhamcoder97",
        "username": "shubhamcoder97",
      },
      Object {
        "avatar": "https://avatars2.githubusercontent.com/u/24938377",
        "href": "https://github.com/Ujjwal-9",
        "username": "Ujjwal-9",
      },
      Object {
        "avatar": "https://avatars0.githubusercontent.com/u/25277821",
        "href": "https://github.com/vanshoberoi",
        "username": "vanshoberoi",
      },
      Object {
        "avatar": "https://avatars2.githubusercontent.com/u/43858927",
        "href": "https://github.com/PARASPECIALFORCES",
        "username": "PARASPECIALFORCES",
      },
    ],
    "currentPeriodStars": 127,
    "description": "Add any Program in any language you like or add a hello world Program ❣️ if you like give us ⭐️",
    "forks": 2194,
    "language": "Jupyter Notebook",
    "languageColor": "#DA5B0B",
    "name": "Hello-world",
    "stars": 720,
    "url": "https://github.com/Hacktoberfest-2018/Hello-world",
  },
  Object {
    "author": "danburzo",
    "builtBy": Array [
      Object {
        "avatar": "https://avatars2.githubusercontent.com/u/205375",
        "href": "https://github.com/danburzo",
        "username": "danburzo",
      },
      Object {
        "avatar": "https://avatars2.githubusercontent.com/u/525676",
        "href": "https://github.com/JuhQ",
        "username": "JuhQ",
      },
    ],
    "currentPeriodStars": 310,
    "description": "🌐 → 📖 A command-line tool to grab web pages as beautifully formatted PDFs",
    "forks": 21,
    "language": "JavaScript",
    "languageColor": "#f1e05a",
    "name": "percollate",
    "stars": 647,
    "url": "https://github.com/danburzo/percollate",
  },
  Object {
    "author": "dgiagio",
    "builtBy": Array [
      Object {
        "avatar": "https://avatars3.githubusercontent.com/u/124647",
        "href": "https://github.com/dgiagio",
        "username": "dgiagio",
      },
      Object {
        "avatar": "https://avatars3.githubusercontent.com/u/1684189",
        "href": "https://github.com/jeramyRR",
        "username": "jeramyRR",
      },
    ],
    "currentPeriodStars": 302,
    "description": "Create self-contained single binary applications",
    "forks": 15,
    "language": "Rust",
    "languageColor": "#dea584",
    "name": "warp",
    "stars": 637,
    "url": "https://github.com/dgiagio/warp",
  },
  Object {
    "author": "socialcopsdev",
    "builtBy": Array [
      Object {
        "avatar": "https://avatars3.githubusercontent.com/u/4329421",
        "href": "https://github.com/vinayak-mehta",
        "username": "vinayak-mehta",
      },
      Object {
        "avatar": "https://avatars3.githubusercontent.com/u/4353562",
        "href": "https://github.com/tksumanth1994",
        "username": "tksumanth1994",
      },
      Object {
        "avatar": "https://avatars1.githubusercontent.com/u/6290791",
        "href": "https://github.com/vaibhavmule",
        "username": "vaibhavmule",
      },
      Object {
        "avatar": "https://avatars3.githubusercontent.com/u/20693145",
        "href": "https://github.com/johnnymetz",
        "username": "johnnymetz",
      },
      Object {
        "avatar": "https://avatars1.githubusercontent.com/u/16806374",
        "href": "https://github.com/Oshawk",
        "username": "Oshawk",
      },
    ],
    "currentPeriodStars": 257,
    "description": "Camelot: PDF Table Extraction for Humans",
    "forks": 35,
    "language": "Python",
    "languageColor": "#3572A5",
    "name": "camelot",
    "stars": 865,
    "url": "https://github.com/socialcopsdev/camelot",
  },
  Object {
    "author": "TheAlgorithms",
    "builtBy": Array [
      Object {
        "avatar": "https://avatars1.githubusercontent.com/u/14276147",
        "href": "https://github.com/harshildarji",
        "username": "harshildarji",
      },
      Object {
        "avatar": "https://avatars1.githubusercontent.com/u/14369357",
        "href": "https://github.com/dynamitechetan",
        "username": "dynamitechetan",
      },
      Object {
        "avatar": "https://avatars0.githubusercontent.com/u/23243382",
        "href": "https://github.com/christianbender",
        "username": "christianbender",
      },
      Object {
        "avatar": "https://avatars3.githubusercontent.com/u/17557934",
        "href": "https://github.com/daniel-s-ingram",
        "username": "daniel-s-ingram",
      },
      Object {
        "avatar": "https://avatars3.githubusercontent.com/u/3709715",
        "href": "https://github.com/cclauss",
        "username": "cclauss",
      },
    ],
    "currentPeriodStars": 183,
    "description": "All Algorithms implemented in Python",
    "forks": 3911,
    "language": "Python",
    "languageColor": "#3572A5",
    "name": "Python",
    "stars": 14048,
    "url": "https://github.com/TheAlgorithms/Python",
  },
  Object {
    "author": "open-mmlab",
    "builtBy": Array [
      Object {
        "avatar": "https://avatars2.githubusercontent.com/u/9102141",
        "href": "https://github.com/hellock",
        "username": "hellock",
      },
      Object {
        "avatar": "https://avatars1.githubusercontent.com/u/24663779",
        "href": "https://github.com/OceanPang",
        "username": "OceanPang",
      },
      Object {
        "avatar": "https://avatars3.githubusercontent.com/u/1900250",
        "href": "https://github.com/lindahua",
        "username": "lindahua",
      },
      Object {
        "avatar": "https://avatars0.githubusercontent.com/u/9253073",
        "href": "https://github.com/myownskyW7",
        "username": "myownskyW7",
      },
    ],
    "currentPeriodStars": 176,
    "description": "Open MMLab Detection Toolbox",
    "forks": 97,
    "language": "Python",
    "languageColor": "#3572A5",
    "name": "mmdetection",
    "stars": 775,
    "url": "https://github.com/open-mmlab/mmdetection",
  },
  Object {
    "author": "cfenollosa",
    "builtBy": Array [
      Object {
        "avatar": "https://avatars1.githubusercontent.com/u/2249551",
        "href": "https://github.com/cfenollosa",
        "username": "cfenollosa",
      },
      Object {
        "avatar": "https://avatars2.githubusercontent.com/u/6963409",
        "href": "https://github.com/Ghifari160",
        "username": "Ghifari160",
      },
      Object {
        "avatar": "https://avatars1.githubusercontent.com/u/26511689",
        "href": "https://github.com/ariisboss",
        "username": "ariisboss",
      },
      Object {
        "avatar": "https://avatars0.githubusercontent.com/u/873280",
        "href": "https://github.com/sapsaldog",
        "username": "sapsaldog",
      },
      Object {
        "avatar": "https://avatars3.githubusercontent.com/u/9648361",
        "href": "https://github.com/erginbilgin",
        "username": "erginbilgin",
      },
    ],
    "currentPeriodStars": 168,
    "description": "How to create an OS from scratch",
    "forks": 1067,
    "language": "C",
    "languageColor": "#555555",
    "name": "os-tutorial",
    "stars": 11619,
    "url": "https://github.com/cfenollosa/os-tutorial",
  },
  Object {
    "author": "kennethreitz",
    "builtBy": Array [
      Object {
        "avatar": "https://avatars1.githubusercontent.com/u/119893",
        "href": "https://github.com/kennethreitz",
        "username": "kennethreitz",
      },
      Object {
        "avatar": "https://avatars2.githubusercontent.com/u/192984",
        "href": "https://github.com/aitoehigie",
        "username": "aitoehigie",
      },
      Object {
        "avatar": "https://avatars2.githubusercontent.com/u/647359",
        "href": "https://github.com/tomchristie",
        "username": "tomchristie",
      },
      Object {
        "avatar": "https://avatars1.githubusercontent.com/u/22898667",
        "href": "https://github.com/taoufik07",
        "username": "taoufik07",
      },
      Object {
        "avatar": "https://avatars0.githubusercontent.com/u/24975007",
        "href": "https://github.com/BNMetrics",
        "username": "BNMetrics",
      },
    ],
    "currentPeriodStars": 169,
    "description": "a familiar HTTP Service Framework for Python",
    "forks": 40,
    "language": "Python",
    "languageColor": "#3572A5",
    "name": "responder",
    "stars": 514,
    "url": "https://github.com/kennethreitz/responder",
  },
  Object {
    "author": "firstcontributions",
    "builtBy": Array [
      Object {
        "avatar": "https://avatars1.githubusercontent.com/u/8488446",
        "href": "https://github.com/Roshanjossey",
        "username": "Roshanjossey",
      },
      Object {
        "avatar": "https://avatars3.githubusercontent.com/u/7047079",
        "href": "https://github.com/sara-02",
        "username": "sara-02",
      },
      Object {
        "avatar": "https://avatars2.githubusercontent.com/u/2655379",
        "href": "https://github.com/mippzon",
        "username": "mippzon",
      },
      Object {
        "avatar": "https://avatars0.githubusercontent.com/u/15963091",
        "href": "https://github.com/Busterz",
        "username": "Busterz",
      },
      Object {
        "avatar": "https://avatars2.githubusercontent.com/u/148100",
        "href": "https://github.com/invalid-email-address",
        "username": "invalid-email-address",
      },
    ],
    "currentPeriodStars": 35,
    "description": "🚀✨ Help beginners to contribute to open source projects",
    "forks": 9332,
    "name": "first-contributions",
    "stars": 3812,
    "url": "https://github.com/firstcontributions/first-contributions",
  },
  Object {
    "author": "kdn251",
    "builtBy": Array [
      Object {
        "avatar": "https://avatars0.githubusercontent.com/u/9070583",
        "href": "https://github.com/fatosmorina",
        "username": "fatosmorina",
      },
      Object {
        "avatar": "https://avatars3.githubusercontent.com/u/16903644",
        "href": "https://github.com/kdn251",
        "username": "kdn251",
      },
      Object {
        "avatar": "https://avatars1.githubusercontent.com/u/8622362",
        "href": "https://github.com/sqrthree",
        "username": "sqrthree",
      },
      Object {
        "avatar": "https://avatars3.githubusercontent.com/u/10773353",
        "href": "https://github.com/jsroyal",
        "username": "jsroyal",
      },
      Object {
        "avatar": "https://avatars3.githubusercontent.com/u/26959437",
        "href": "https://github.com/leviding",
        "username": "leviding",
      },
    ],
    "currentPeriodStars": 118,
    "description": "Everything you need to know to get the job.",
    "forks": 5486,
    "language": "Java",
    "languageColor": "#b07219",
    "name": "interviews",
    "stars": 28603,
    "url": "https://github.com/kdn251/interviews",
  },
  Object {
    "author": "imhuay",
    "builtBy": Array [
      Object {
        "avatar": "https://avatars2.githubusercontent.com/u/13265495",
        "href": "https://github.com/imhuay",
        "username": "imhuay",
      },
      Object {
        "avatar": "https://avatars3.githubusercontent.com/u/10709657",
        "href": "https://github.com/Ir1d",
        "username": "Ir1d",
      },
      Object {
        "avatar": "https://avatars1.githubusercontent.com/u/17057603",
        "href": "https://github.com/wendingp",
        "username": "wendingp",
      },
      Object {
        "avatar": "https://avatars1.githubusercontent.com/u/2548560",
        "href": "https://github.com/GinRyan",
        "username": "GinRyan",
      },
      Object {
        "avatar": "https://avatars2.githubusercontent.com/u/20659405",
        "href": "https://github.com/lijunjie127",
        "username": "lijunjie127",
      },
    ],
    "currentPeriodStars": 107,
    "description": "2018/2019/校招/春招/秋招/算法/机器学习(Machine Learning)/深度学习(Deep Learning)/自然语言处理(NLP)/C/C++/Python/面试笔记",
    "forks": 1949,
    "language": "Python",
    "languageColor": "#3572A5",
    "name": "Algorithm_Interview_Notes-Chinese",
    "stars": 7142,
    "url": "https://github.com/imhuay/Algorithm_Interview_Notes-Chinese",
  },
  Object {
    "author": "30-seconds",
    "builtBy": Array [
      Object {
        "avatar": "https://avatars0.githubusercontent.com/u/8281875",
        "href": "https://github.com/Chalarangelo",
        "username": "Chalarangelo",
      },
      Object {
        "avatar": "https://avatars1.githubusercontent.com/u/35068020",
        "href": "https://github.com/30secondsofcode",
        "username": "30secondsofcode",
      },
      Object {
        "avatar": "https://avatars0.githubusercontent.com/u/25749162",
        "href": "https://github.com/fejes713",
        "username": "fejes713",
      },
      Object {
        "avatar": "https://avatars1.githubusercontent.com/u/16862997",
        "href": "https://github.com/flxwu",
        "username": "flxwu",
      },
      Object {
        "avatar": "https://avatars1.githubusercontent.com/u/22450188",
        "href": "https://github.com/atomiks",
        "username": "atomiks",
      },
    ],
    "currentPeriodStars": 114,
    "description": "Curated collection of useful JavaScript snippets that you can understand in 30 seconds or less.",
    "forks": 2867,
    "language": "JavaScript",
    "languageColor": "#f1e05a",
    "name": "30-seconds-of-code",
    "stars": 28315,
    "url": "https://github.com/30-seconds/30-seconds-of-code",
  },
  Object {
    "author": "mntmn",
    "builtBy": Array [
      Object {
        "avatar": "https://avatars3.githubusercontent.com/u/150458",
        "href": "https://github.com/mntmn",
        "username": "mntmn",
      },
      Object {
        "avatar": "https://avatars3.githubusercontent.com/u/232698",
        "href": "https://github.com/jeapostrophe",
        "username": "jeapostrophe",
      },
      Object {
        "avatar": "https://avatars0.githubusercontent.com/u/3588994",
        "href": "https://github.com/wasamasa",
        "username": "wasamasa",
      },
      Object {
        "avatar": "https://avatars1.githubusercontent.com/u/3154475",
        "href": "https://github.com/sternenseemann",
        "username": "sternenseemann",
      },
    ],
    "currentPeriodStars": 118,
    "description": "The Interim Operating System",
    "forks": 47,
    "language": "C",
    "languageColor": "#555555",
    "name": "interim",
    "stars": 764,
    "url": "https://github.com/mntmn/interim",
  },
  Object {
    "author": "dawnlabs",
    "builtBy": Array [
      Object {
        "avatar": "https://avatars1.githubusercontent.com/u/8397708",
        "href": "https://github.com/mfix22",
        "username": "mfix22",
      },
      Object {
        "avatar": "https://avatars2.githubusercontent.com/u/10369094",
        "href": "https://github.com/jakedex",
        "username": "jakedex",
      },
      Object {
        "avatar": "https://avatars1.githubusercontent.com/u/10078572",
        "href": "https://github.com/briandennis",
        "username": "briandennis",
      },
      Object {
        "avatar": "https://avatars0.githubusercontent.com/u/10191084",
        "href": "https://github.com/andrewda",
        "username": "andrewda",
      },
    ],
    "currentPeriodStars": 116,
    "description": "🎨 Create and share beautiful images of your source code",
    "forks": 688,
    "language": "JavaScript",
    "languageColor": "#f1e05a",
    "name": "carbon",
    "stars": 15338,
    "url": "https://github.com/dawnlabs/carbon",
  },
  Object {
    "author": "wesbos",
    "builtBy": Array [
      Object {
        "avatar": "https://avatars1.githubusercontent.com/u/176013",
        "href": "https://github.com/wesbos",
        "username": "wesbos",
      },
      Object {
        "avatar": "https://avatars1.githubusercontent.com/u/4278345",
        "href": "https://github.com/lfades",
        "username": "lfades",
      },
      Object {
        "avatar": "https://avatars1.githubusercontent.com/u/18017067",
        "href": "https://github.com/peggyrayzis",
        "username": "peggyrayzis",
      },
      Object {
        "avatar": "https://avatars3.githubusercontent.com/u/9010389",
        "href": "https://github.com/scrumptiousdev",
        "username": "scrumptiousdev",
      },
      Object {
        "avatar": "https://avatars2.githubusercontent.com/u/1567498",
        "href": "https://github.com/schickling",
        "username": "schickling",
      },
    ],
    "currentPeriodStars": 104,
    "description": "Starter Files and Solutions for Full Stack Advanced React and GraphQL",
    "forks": 182,
    "language": "JavaScript",
    "languageColor": "#f1e05a",
    "name": "Advanced-React",
    "stars": 711,
    "url": "https://github.com/wesbos/Advanced-React",
  },
  Object {
    "author": "viatsko",
    "builtBy": Array [
      Object {
        "avatar": "https://avatars0.githubusercontent.com/u/376065",
        "href": "https://github.com/viatsko",
        "username": "viatsko",
      },
      Object {
        "avatar": "https://avatars3.githubusercontent.com/u/37667437",
        "href": "https://github.com/Muljayan",
        "username": "Muljayan",
      },
      Object {
        "avatar": "https://avatars1.githubusercontent.com/u/1163252",
        "href": "https://github.com/jschr",
        "username": "jschr",
      },
      Object {
        "avatar": "https://avatars2.githubusercontent.com/u/12969662",
        "href": "https://github.com/aspittel",
        "username": "aspittel",
      },
      Object {
        "avatar": "https://avatars3.githubusercontent.com/u/3685876",
        "href": "https://github.com/lannonbr",
        "username": "lannonbr",
      },
    ],
    "currentPeriodStars": 102,
    "description": "🎨 A curated list of delightful VS Code packages and resources.",
    "forks": 522,
    "language": "JavaScript",
    "languageColor": "#f1e05a",
    "name": "awesome-vscode",
    "stars": 10752,
    "url": "https://github.com/viatsko/awesome-vscode",
  },
  Object {
    "author": "Microsoft",
    "builtBy": Array [
      Object {
        "avatar": "https://avatars0.githubusercontent.com/u/961950",
        "href": "https://github.com/bitcrazed",
        "username": "bitcrazed",
      },
      Object {
        "avatar": "https://avatars3.githubusercontent.com/u/11957179",
        "href": "https://github.com/pyaillet",
        "username": "pyaillet",
      },
      Object {
        "avatar": "https://avatars1.githubusercontent.com/u/42466421",
        "href": "https://github.com/nikopen",
        "username": "nikopen",
      },
      Object {
        "avatar": "https://avatars2.githubusercontent.com/u/25039690",
        "href": "https://github.com/joelalju",
        "username": "joelalju",
      },
      Object {
        "avatar": "https://avatars0.githubusercontent.com/u/17982949",
        "href": "https://github.com/arkwrn",
        "username": "arkwrn",
      },
    ],
    "currentPeriodStars": 79,
    "description": "The original sources of MS-DOS 1.25 and 2.0, for reference purposes",
    "forks": 1523,
    "language": "Assembly",
    "languageColor": "#6E4C13",
    "name": "MS-DOS",
    "stars": 11563,
    "url": "https://github.com/Microsoft/MS-DOS",
  },
  Object {
    "author": "open-mmlab",
    "builtBy": Array [
      Object {
        "avatar": "https://avatars2.githubusercontent.com/u/9102141",
        "href": "https://github.com/hellock",
        "username": "hellock",
      },
      Object {
        "avatar": "https://avatars0.githubusercontent.com/u/4398342",
        "href": "https://github.com/yl-1993",
        "username": "yl-1993",
      },
      Object {
        "avatar": "https://avatars2.githubusercontent.com/u/15061590",
        "href": "https://github.com/ycxioooong",
        "username": "ycxioooong",
      },
      Object {
        "avatar": "https://avatars3.githubusercontent.com/u/1900250",
        "href": "https://github.com/lindahua",
        "username": "lindahua",
      },
      Object {
        "avatar": "https://avatars1.githubusercontent.com/u/24663779",
        "href": "https://github.com/OceanPang",
        "username": "OceanPang",
      },
    ],
    "currentPeriodStars": 92,
    "description": "Open MMLab Computer Vision Foundation",
    "forks": 11,
    "language": "Python",
    "languageColor": "#3572A5",
    "name": "mmcv",
    "stars": 169,
    "url": "https://github.com/open-mmlab/mmcv",
  },
  Object {
    "author": "Picovoice",
    "builtBy": Array [
      Object {
        "avatar": "https://avatars1.githubusercontent.com/u/25811709",
        "href": "https://github.com/kenarsa",
        "username": "kenarsa",
      },
      Object {
        "avatar": "https://avatars1.githubusercontent.com/u/1844350",
        "href": "https://github.com/dyah10",
        "username": "dyah10",
      },
      Object {
        "avatar": "https://avatars0.githubusercontent.com/u/37279507",
        "href": "https://github.com/amiranhari",
        "username": "amiranhari",
      },
      Object {
        "avatar": "https://avatars0.githubusercontent.com/u/2060653",
        "href": "https://github.com/veeableful",
        "username": "veeableful",
      },
      Object {
        "avatar": "https://avatars3.githubusercontent.com/u/14126548",
        "href": "https://github.com/fabioknoedtbcgdv",
        "username": "fabioknoedtbcgdv",
      },
    ],
    "currentPeriodStars": 89,
    "description": "On-device wake word detection engine powered by deep learning.",
    "forks": 94,
    "language": "C",
    "languageColor": "#555555",
    "name": "Porcupine",
    "stars": 1122,
    "url": "https://github.com/Picovoice/Porcupine",
  },
  Object {
    "author": "kamranahmedse",
    "builtBy": Array [
      Object {
        "avatar": "https://avatars1.githubusercontent.com/u/4921183",
        "href": "https://github.com/kamranahmedse",
        "username": "kamranahmedse",
      },
      Object {
        "avatar": "https://avatars0.githubusercontent.com/u/4408379",
        "href": "https://github.com/lex111",
        "username": "lex111",
      },
      Object {
        "avatar": "https://avatars0.githubusercontent.com/u/34530026",
        "href": "https://github.com/acps",
        "username": "acps",
      },
      Object {
        "avatar": "https://avatars3.githubusercontent.com/u/911566",
        "href": "https://github.com/gvwilson",
        "username": "gvwilson",
      },
      Object {
        "avatar": "https://avatars0.githubusercontent.com/u/3355748",
        "href": "https://github.com/HashemKhalifa",
        "username": "HashemKhalifa",
      },
    ],
    "currentPeriodStars": 82,
    "description": "Roadmap to becoming a web developer in 2018",
    "forks": 9194,
    "name": "developer-roadmap",
    "stars": 58993,
    "url": "https://github.com/kamranahmedse/developer-roadmap",
  },
  Object {
    "author": "vuejs",
    "builtBy": Array [
      Object {
        "avatar": "https://avatars2.githubusercontent.com/u/499550",
        "href": "https://github.com/yyx990803",
        "username": "yyx990803",
      },
      Object {
        "avatar": "https://avatars2.githubusercontent.com/u/8401776",
        "href": "https://github.com/Hanks10100",
        "username": "Hanks10100",
      },
      Object {
        "avatar": "https://avatars2.githubusercontent.com/u/2603918",
        "href": "https://github.com/defcc",
        "username": "defcc",
      },
      Object {
        "avatar": "https://avatars0.githubusercontent.com/u/72989",
        "href": "https://github.com/kazupon",
        "username": "kazupon",
      },
      Object {
        "avatar": "https://avatars0.githubusercontent.com/u/664177",
        "href": "https://github.com/posva",
        "username": "posva",
      },
    ],
    "currentPeriodStars": 80,
    "description": "🖖 A progressive, incrementally-adoptable JavaScript framework for building UI on the web.",
    "forks": 16406,
    "language": "JavaScript",
    "languageColor": "#f1e05a",
    "name": "vue",
    "stars": 116328,
    "url": "https://github.com/vuejs/vue",
  },
  Object {
    "author": "marcosgriselli",
    "builtBy": Array [
      Object {
        "avatar": "https://avatars2.githubusercontent.com/u/14804033",
        "href": "https://github.com/marcosgriselli",
        "username": "marcosgriselli",
      },
      Object {
        "avatar": "https://avatars1.githubusercontent.com/u/16073987",
        "href": "https://github.com/iamcgd",
        "username": "iamcgd",
      },
    ],
    "currentPeriodStars": 83,
    "description": "View your app on different device and font sizes",
    "forks": 18,
    "language": "Swift",
    "languageColor": "#ffac45",
    "name": "Sizes",
    "stars": 537,
    "url": "https://github.com/marcosgriselli/Sizes",
  },
  Object {
    "author": "tensorflow",
    "builtBy": Array [
      Object {
        "avatar": "https://avatars1.githubusercontent.com/u/17151892",
        "href": "https://github.com/tensorflower-gardener",
        "username": "tensorflower-gardener",
      },
      Object {
        "avatar": "https://avatars0.githubusercontent.com/u/16824702",
        "href": "https://github.com/caisq",
        "username": "caisq",
      },
      Object {
        "avatar": "https://avatars3.githubusercontent.com/u/463737",
        "href": "https://github.com/vrv",
        "username": "vrv",
      },
      Object {
        "avatar": "https://avatars0.githubusercontent.com/u/7946809",
        "href": "https://github.com/gunan",
        "username": "gunan",
      },
      Object {
        "avatar": "https://avatars1.githubusercontent.com/u/577277",
        "href": "https://github.com/martinwicke",
        "username": "martinwicke",
      },
    ],
    "currentPeriodStars": 65,
    "description": "An Open Source Machine Learning Framework for Everyone",
    "forks": 68494,
    "language": "C++",
    "languageColor": "#f34b7d",
    "name": "tensorflow",
    "stars": 111942,
    "url": "https://github.com/tensorflow/tensorflow",
  },
]
`;
